54.217.213.13 - - [06/Dec/2013:07:48:15 +0000] "GET /index.html HTTP/1.1" 200 204 "-" "Mozilla/5.0 IsItDown.no"
80.47.11.168 - - [06/Dec/2013:07:48:42 +0000] "GET /episodes/26.mp3 HTTP/1.1" 200 30960300 "-" "iTunes/11.1.3 (Windows; Microsoft Windows 7 x64 Enterprise Edition Service Pack 1 (Build 7601)) AppleWebKit/536.30.1"
123.125.67.180 - - [06/Dec/2013:07:48:56 +0000] "GET /episodes/17.mp3 HTTP/1.0" 200 30444 "-" "NSPlayer/10.0.0.4072 WMFSDK/10.0"
54.217.213.13 - - [06/Dec/2013:07:49:16 +0000] "GET /index.html HTTP/1.1" 200 204 "-" "Mozilla/5.0 IsItDown.no"
54.217.213.13 - - [06/Dec/2013:07:50:16 +0000] "GET /index.html HTTP/1.1" 200 204 "-" "Mozilla/5.0 IsItDown.no"
178.21.183.82 - - [06/Dec/2013:07:50:45 +0000] "GET /episodes/26.mp3 HTTP/1.1" 304 0 "http://episodes.gitminutes.com/2013/12/gitminutes-26-campbell-barton-on-tricky.html" "Mozilla/5.0 (X11; Linux i686) AppleWebKit/537.36 (KHTML, like Gecko) Ubuntu Chromium/30.0.1599.114 Chrome/30.0.1599.114 Safari/537.36"
54.217.213.13 - - [06/Dec/2013:07:51:16 +0000] "GET /index.html HTTP/1.1" 200 204 "-" "Mozilla/5.0 IsItDown.no"
54.217.213.13 - - [06/Dec/2013:07:52:16 +0000] "GET /index.html HTTP/1.1" 200 204 "-" "Mozilla/5.0 IsItDown.no"
54.217.213.13 - - [06/Dec/2013:07:53:16 +0000] "GET /index.html HTTP/1.1" 200 204 "-" "Mozilla/5.0 IsItDown.no"
54.217.213.13 - - [06/Dec/2013:07:54:16 +0000] "GET /index.html HTTP/1.1" 200 204 "-" "Mozilla/5.0 IsItDown.no"
54.217.213.13 - - [06/Dec/2013:07:55:16 +0000] "GET /index.html HTTP/1.1" 200 204 "-" "Mozilla/5.0 IsItDown.no"
54.217.213.13 - - [06/Dec/2013:07:56:16 +0000] "GET /index.html HTTP/1.1" 200 204 "-" "Mozilla/5.0 IsItDown.no"
54.217.213.13 - - [06/Dec/2013:07:57:16 +0000] "GET /index.html HTTP/1.1" 200 204 "-" "Mozilla/5.0 IsItDown.no"
88.71.99.79 - - [06/Dec/2013:07:58:01 +0000] "GET /episodes/09.mp3 HTTP/1.0" 200 21553937 "-" "gPodder/3.5.2 (+http://gpodder.org/)"
54.217.213.13 - - [06/Dec/2013:07:58:16 +0000] "GET /index.html HTTP/1.1" 200 204 "-" "Mozilla/5.0 IsItDown.no"
54.217.213.13 - - [06/Dec/2013:07:59:16 +0000] "GET /index.html HTTP/1.1" 200 204 "-" "Mozilla/5.0 IsItDown.no"
54.217.213.13 - - [06/Dec/2013:08:00:16 +0000] "GET /index.html HTTP/1.1" 200 204 "-" "Mozilla/5.0 IsItDown.no"
54.217.213.13 - - [06/Dec/2013:08:01:16 +0000] "GET /index.html HTTP/1.1" 200 204 "-" "Mozilla/5.0 IsItDown.no"
85.10.246.236 - - [06/Dec/2013:08:01:37 +0000] "HEAD /episodes/26.mp3 HTTP/1.1" 200 0 "-" "PritTorrent/1.0"
54.217.213.13 - - [06/Dec/2013:08:02:16 +0000] "GET /index.html HTTP/1.1" 200 204 "-" "Mozilla/5.0 IsItDown.no"
54.217.213.13 - - [06/Dec/2013:08:03:16 +0000] "GET /index.html HTTP/1.1" 200 204 "-" "Mozilla/5.0 IsItDown.no"
54.217.213.13 - - [06/Dec/2013:08:04:16 +0000] "GET /index.html HTTP/1.1" 200 204 "-" "Mozilla/5.0 IsItDown.no"
54.217.213.13 - - [06/Dec/2013:08:05:16 +0000] "GET /index.html HTTP/1.1" 200 204 "-" "Mozilla/5.0 IsItDown.no"
54.217.213.13 - - [06/Dec/2013:08:06:16 +0000] "GET /index.html HTTP/1.1" 200 204 "-" "Mozilla/5.0 IsItDown.no"
220.181.51.220 - - [06/Dec/2013:08:06:23 +0000] "GET /episodes/12.mp3 HTTP/1.0" 200 30444 "-" "NSPlayer/10.0.0.4072 WMFSDK/10.0"
54.217.213.13 - - [06/Dec/2013:08:07:16 +0000] "GET /index.html HTTP/1.1" 200 204 "-" "Mozilla/5.0 IsItDown.no"
54.217.213.13 - - [06/Dec/2013:08:08:16 +0000] "GET /index.html HTTP/1.1" 200 204 "-" "Mozilla/5.0 IsItDown.no"
204.69.221.5 - - [06/Dec/2013:08:09:00 +0000] "HEAD /episodes/26.mp3 HTTP/1.1" 200 0 "-" "Mozilla/4.0 (compatible; MSIE 6.0; Windows NT 5.1; SV1; .NET CLR 1.1.4322; InfoPath.1)"
54.217.213.13 - - [06/Dec/2013:08:09:16 +0000] "GET /index.html HTTP/1.1" 200 204 "-" "Mozilla/5.0 IsItDown.no"
54.217.213.13 - - [06/Dec/2013:08:10:16 +0000] "GET /index.html HTTP/1.1" 200 204 "-" "Mozilla/5.0 IsItDown.no"
54.217.213.13 - - [06/Dec/2013:08:11:16 +0000] "GET /index.html HTTP/1.1" 200 204 "-" "Mozilla/5.0 IsItDown.no"
54.217.213.13 - - [06/Dec/2013:08:12:17 +0000] "GET /index.html HTTP/1.1" 200 204 "-" "Mozilla/5.0 IsItDown.no"
54.217.213.13 - - [06/Dec/2013:08:13:17 +0000] "GET /index.html HTTP/1.1" 200 204 "-" "Mozilla/5.0 IsItDown.no"
54.217.213.13 - - [06/Dec/2013:08:14:17 +0000] "GET /index.html HTTP/1.1" 200 204 "-" "Mozilla/5.0 IsItDown.no"
54.217.213.13 - - [06/Dec/2013:08:15:17 +0000] "GET /index.html HTTP/1.1" 200 204 "-" "Mozilla/5.0 IsItDown.no"
54.217.213.13 - - [06/Dec/2013:08:16:17 +0000] "GET /index.html HTTP/1.1" 200 204 "-" "Mozilla/5.0 IsItDown.no"
85.10.246.236 - - [06/Dec/2013:08:16:40 +0000] "HEAD /episodes/26.mp3 HTTP/1.1" 200 0 "-" "PritTorrent/1.0"
54.217.213.13 - - [06/Dec/2013:08:17:17 +0000] "GET /index.html HTTP/1.1" 200 204 "-" "Mozilla/5.0 IsItDown.no"
54.217.213.13 - - [06/Dec/2013:08:18:17 +0000] "GET /index.html HTTP/1.1" 200 204 "-" "Mozilla/5.0 IsItDown.no"
204.69.221.5 - - [06/Dec/2013:08:18:43 +0000] "HEAD /episodes/25.mp3 HTTP/1.1" 200 0 "-" "Mozilla/4.0 (compatible; MSIE 6.0; Windows NT 5.1; SV1; .NET CLR 1.1.4322; InfoPath.1)"
54.217.213.13 - - [06/Dec/2013:08:19:17 +0000] "GET /index.html HTTP/1.1" 200 204 "-" "Mozilla/5.0 IsItDown.no"
54.217.213.13 - - [06/Dec/2013:08:20:17 +0000] "GET /index.html HTTP/1.1" 200 204 "-" "Mozilla/5.0 IsItDown.no"
54.217.213.13 - - [06/Dec/2013:08:21:17 +0000] "GET /index.html HTTP/1.1" 200 204 "-" "Mozilla/5.0 IsItDown.no"
54.217.213.13 - - [06/Dec/2013:08:22:17 +0000] "GET /index.html HTTP/1.1" 200 204 "-" "Mozilla/5.0 IsItDown.no"
54.217.213.13 - - [06/Dec/2013:08:23:17 +0000] "GET /index.html HTTP/1.1" 200 204 "-" "Mozilla/5.0 IsItDown.no"
54.217.213.13 - - [06/Dec/2013:08:24:17 +0000] "GET /index.html HTTP/1.1" 200 204 "-" "Mozilla/5.0 IsItDown.no"
204.69.221.5 - - [06/Dec/2013:08:25:09 +0000] "HEAD /episodes/24.mp3 HTTP/1.1" 200 0 "-" "Mozilla/4.0 (compatible; MSIE 6.0; Windows NT 5.1; SV1; .NET CLR 1.1.4322; InfoPath.1)"
54.217.213.13 - - [06/Dec/2013:08:25:17 +0000] "GET /index.html HTTP/1.1" 200 204 "-" "Mozilla/5.0 IsItDown.no"
54.217.213.13 - - [06/Dec/2013:08:26:17 +0000] "GET /index.html HTTP/1.1" 200 204 "-" "Mozilla/5.0 IsItDown.no"
54.217.213.13 - - [06/Dec/2013:08:27:17 +0000] "GET /index.html HTTP/1.1" 200 204 "-" "Mozilla/5.0 IsItDown.no"
54.217.213.13 - - [06/Dec/2013:08:28:17 +0000] "GET /index.html HTTP/1.1" 200 204 "-" "Mozilla/5.0 IsItDown.no"
78.208.220.2 - - [06/Dec/2013:08:28:33 +0000] "GET /episodes/25.mp3 HTTP/1.1" 206 48690 "http://episodes.gitminutes.com/" "Mozilla/5.0 (X11; Ubuntu; Linux x86_64; rv:25.0) Gecko/20100101 Firefox/25.0"
78.208.220.2 - - [06/Dec/2013:08:28:33 +0000] "GET /episodes/23.mp3 HTTP/1.1" 206 48690 "http://episodes.gitminutes.com/" "Mozilla/5.0 (X11; Ubuntu; Linux x86_64; rv:25.0) Gecko/20100101 Firefox/25.0"
78.208.220.2 - - [06/Dec/2013:08:28:33 +0000] "GET /episodes/24.mp3 HTTP/1.1" 206 48690 "http://episodes.gitminutes.com/" "Mozilla/5.0 (X11; Ubuntu; Linux x86_64; rv:25.0) Gecko/20100101 Firefox/25.0"
78.208.220.2 - - [06/Dec/2013:08:28:33 +0000] "GET /episodes/22.mp3 HTTP/1.1" 206 48690 "http://episodes.gitminutes.com/" "Mozilla/5.0 (X11; Ubuntu; Linux x86_64; rv:25.0) Gecko/20100101 Firefox/25.0"
78.208.220.2 - - [06/Dec/2013:08:28:33 +0000] "GET /episodes/21.mp3 HTTP/1.1" 206 48690 "http://episodes.gitminutes.com/" "Mozilla/5.0 (X11; Ubuntu; Linux x86_64; rv:25.0) Gecko/20100101 Firefox/25.0"
78.208.220.2 - - [06/Dec/2013:08:28:34 +0000] "GET /episodes/26.mp3 HTTP/1.1" 206 48690 "http://episodes.gitminutes.com/" "Mozilla/5.0 (X11; Ubuntu; Linux x86_64; rv:25.0) Gecko/20100101 Firefox/25.0"
78.208.220.2 - - [06/Dec/2013:08:28:34 +0000] "GET /episodes/20.mp3 HTTP/1.1" 206 48690 "http://episodes.gitminutes.com/" "Mozilla/5.0 (X11; Ubuntu; Linux x86_64; rv:25.0) Gecko/20100101 Firefox/25.0"
54.217.213.13 - - [06/Dec/2013:08:29:17 +0000] "GET /index.html HTTP/1.1" 200 204 "-" "Mozilla/5.0 IsItDown.no"
54.217.213.13 - - [06/Dec/2013:08:30:17 +0000] "GET /index.html HTTP/1.1" 200 204 "-" "Mozilla/5.0 IsItDown.no"
54.217.213.13 - - [06/Dec/2013:08:31:17 +0000] "GET /index.html HTTP/1.1" 200 204 "-" "Mozilla/5.0 IsItDown.no"
85.10.246.236 - - [06/Dec/2013:08:31:41 +0000] "HEAD /episodes/26.mp3 HTTP/1.1" 200 0 "-" "PritTorrent/1.0"
54.217.213.13 - - [06/Dec/2013:08:32:18 +0000] "GET /index.html HTTP/1.1" 200 204 "-" "Mozilla/5.0 IsItDown.no"
204.69.221.5 - - [06/Dec/2013:08:32:47 +0000] "HEAD /episodes/23.mp3 HTTP/1.1" 200 0 "-" "Mozilla/4.0 (compatible; MSIE 6.0; Windows NT 5.1; SV1; .NET CLR 1.1.4322; InfoPath.1)"
86.155.211.201 - - [06/Dec/2013:08:32:59 +0000] "GET /episodes/26.mp3 HTTP/1.1" 200 587667 "-" "stagefright/1.2 (Linux;Android 4.1.2)"
86.155.211.201 - - [06/Dec/2013:08:32:59 +0000] "GET /episodes/25.mp3 HTTP/1.1" 200 584771 "-" "stagefright/1.2 (Linux;Android 4.1.2)"
54.217.213.13 - - [06/Dec/2013:08:33:18 +0000] "GET /index.html HTTP/1.1" 200 204 "-" "Mozilla/5.0 IsItDown.no"
54.217.213.13 - - [06/Dec/2013:08:34:18 +0000] "GET /index.html HTTP/1.1" 200 204 "-" "Mozilla/5.0 IsItDown.no"
54.217.213.13 - - [06/Dec/2013:08:35:18 +0000] "GET /index.html HTTP/1.1" 200 204 "-" "Mozilla/5.0 IsItDown.no"
54.217.213.13 - - [06/Dec/2013:08:36:18 +0000] "GET /index.html HTTP/1.1" 200 204 "-" "Mozilla/5.0 IsItDown.no"
220.181.51.217 - - [06/Dec/2013:08:36:42 +0000] "GET /episodes/12.mp3 HTTP/1.0" 200 30444 "-" "NSPlayer/10.0.0.4072 WMFSDK/10.0"
54.217.213.13 - - [06/Dec/2013:08:37:18 +0000] "GET /index.html HTTP/1.1" 200 204 "-" "Mozilla/5.0 IsItDown.no"
54.217.213.13 - - [06/Dec/2013:08:38:18 +0000] "GET /index.html HTTP/1.1" 200 204 "-" "Mozilla/5.0 IsItDown.no"
54.217.213.13 - - [06/Dec/2013:08:39:18 +0000] "GET /index.html HTTP/1.1" 200 204 "-" "Mozilla/5.0 IsItDown.no"
54.217.213.13 - - [06/Dec/2013:08:40:18 +0000] "GET /index.html HTTP/1.1" 200 204 "-" "Mozilla/5.0 IsItDown.no"
54.217.213.13 - - [06/Dec/2013:08:41:18 +0000] "GET /index.html HTTP/1.1" 200 204 "-" "Mozilla/5.0 IsItDown.no"
54.217.213.13 - - [06/Dec/2013:08:42:18 +0000] "GET /index.html HTTP/1.1" 200 204 "-" "Mozilla/5.0 IsItDown.no"
54.217.213.13 - - [06/Dec/2013:08:43:18 +0000] "GET /index.html HTTP/1.1" 200 204 "-" "Mozilla/5.0 IsItDown.no"
54.217.213.13 - - [06/Dec/2013:08:44:18 +0000] "GET /index.html HTTP/1.1" 200 204 "-" "Mozilla/5.0 IsItDown.no"
180.151.147.18 - - [06/Dec/2013:08:45:00 +0000] "GET /episodes/26.mp3 HTTP/1.1" 206 30154 "http://episodes.gitminutes.com/2013/12/gitminutes-26-campbell-barton-on-tricky.html" "Mozilla/5.0 (X11; Linux i686; rv:25.0) Gecko/20100101 Firefox/25.0 SeaMonkey/2.22.1"
180.151.147.18 - - [06/Dec/2013:08:45:05 +0000] "-" 400 0 "-" "-"
54.217.213.13 - - [06/Dec/2013:08:45:18 +0000] "GET /index.html HTTP/1.1" 200 204 "-" "Mozilla/5.0 IsItDown.no"
123.125.71.148 - - [06/Dec/2013:08:45:28 +0000] "GET /episodes/17.mp3 HTTP/1.0" 200 30444 "-" "NSPlayer/10.0.0.4072 WMFSDK/10.0"
54.217.213.13 - - [06/Dec/2013:08:46:18 +0000] "GET /index.html HTTP/1.1" 200 204 "-" "Mozilla/5.0 IsItDown.no"
204.69.221.5 - - [06/Dec/2013:08:46:43 +0000] "HEAD /episodes/22.mp3 HTTP/1.1" 200 0 "-" "Mozilla/4.0 (compatible; MSIE 6.0; Windows NT 5.1; SV1; .NET CLR 1.1.4322; InfoPath.1)"
85.10.246.236 - - [06/Dec/2013:08:46:44 +0000] "HEAD /episodes/26.mp3 HTTP/1.1" 200 0 "-" "PritTorrent/1.0"
54.217.213.13 - - [06/Dec/2013:08:47:18 +0000] "GET /index.html HTTP/1.1" 200 204 "-" "Mozilla/5.0 IsItDown.no"
180.151.147.18 - - [06/Dec/2013:08:47:30 +0000] "GET /episodes/26.mp3 HTTP/1.1" 206 30154 "http://episodes.gitminutes.com/" "Mozilla/5.0 (X11; Linux i686; rv:25.0) Gecko/20100101 Firefox/25.0 SeaMonkey/2.22.1"
180.151.147.18 - - [06/Dec/2013:08:47:31 +0000] "GET /episodes/25.mp3 HTTP/1.1" 206 30154 "http://episodes.gitminutes.com/" "Mozilla/5.0 (X11; Linux i686; rv:25.0) Gecko/20100101 Firefox/25.0 SeaMonkey/2.22.1"
180.151.147.18 - - [06/Dec/2013:08:47:33 +0000] "GET /episodes/24.mp3 HTTP/1.1" 206 41738 "http://episodes.gitminutes.com/" "Mozilla/5.0 (X11; Linux i686; rv:25.0) Gecko/20100101 Firefox/25.0 SeaMonkey/2.22.1"
180.151.147.18 - - [06/Dec/2013:08:47:33 +0000] "GET /episodes/23.mp3 HTTP/1.1" 206 41738 "http://episodes.gitminutes.com/" "Mozilla/5.0 (X11; Linux i686; rv:25.0) Gecko/20100101 Firefox/25.0 SeaMonkey/2.22.1"
180.151.147.18 - - [06/Dec/2013:08:47:33 +0000] "GET /episodes/22.mp3 HTTP/1.1" 206 30154 "http://episodes.gitminutes.com/" "Mozilla/5.0 (X11; Linux i686; rv:25.0) Gecko/20100101 Firefox/25.0 SeaMonkey/2.22.1"
180.151.147.18 - - [06/Dec/2013:08:47:34 +0000] "GET /episodes/21.mp3 HTTP/1.1" 206 30154 "http://episodes.gitminutes.com/" "Mozilla/5.0 (X11; Linux i686; rv:25.0) Gecko/20100101 Firefox/25.0 SeaMonkey/2.22.1"
180.151.147.18 - - [06/Dec/2013:08:47:35 +0000] "GET /episodes/20.mp3 HTTP/1.1" 206 30154 "http://episodes.gitminutes.com/" "Mozilla/5.0 (X11; Linux i686; rv:25.0) Gecko/20100101 Firefox/25.0 SeaMonkey/2.22.1"
180.151.147.18 - - [06/Dec/2013:08:47:38 +0000] "-" 400 0 "-" "-"
180.151.147.18 - - [06/Dec/2013:08:47:38 +0000] "-" 400 0 "-" "-"
180.151.147.18 - - [06/Dec/2013:08:47:38 +0000] "-" 400 0 "-" "-"
180.151.147.18 - - [06/Dec/2013:08:47:50 +0000] "GET /episodes/19.mp3 HTTP/1.1" 206 30154 "http://episodes.gitminutes.com/search?updated-max=2013-08-26T07:38:00%2B02:00&max-results=7" "Mozilla/5.0 (X11; Linux i686; rv:25.0) Gecko/20100101 Firefox/25.0 SeaMonkey/2.22.1"
180.151.147.18 - - [06/Dec/2013:08:47:51 +0000] "GET /episodes/18.mp3 HTTP/1.1" 206 30154 "http://episodes.gitminutes.com/search?updated-max=2013-08-26T07:38:00%2B02:00&max-results=7" "Mozilla/5.0 (X11; Linux i686; rv:25.0) Gecko/20100101 Firefox/25.0 SeaMonkey/2.22.1"
180.151.147.18 - - [06/Dec/2013:08:47:53 +0000] "GET /episodes/16.mp3 HTTP/1.1" 206 30154 "http://episodes.gitminutes.com/search?updated-max=2013-08-26T07:38:00%2B02:00&max-results=7" "Mozilla/5.0 (X11; Linux i686; rv:25.0) Gecko/20100101 Firefox/25.0 SeaMonkey/2.22.1"
180.151.147.18 - - [06/Dec/2013:08:47:53 +0000] "GET /episodes/15.mp3 HTTP/1.1" 206 30154 "http://episodes.gitminutes.com/search?updated-max=2013-08-26T07:38:00%2B02:00&max-results=7" "Mozilla/5.0 (X11; Linux i686; rv:25.0) Gecko/20100101 Firefox/25.0 SeaMonkey/2.22.1"
180.151.147.18 - - [06/Dec/2013:08:47:53 +0000] "GET /episodes/14.mp3 HTTP/1.1" 206 30154 "http://episodes.gitminutes.com/search?updated-max=2013-08-26T07:38:00%2B02:00&max-results=7" "Mozilla/5.0 (X11; Linux i686; rv:25.0) Gecko/20100101 Firefox/25.0 SeaMonkey/2.22.1"
180.151.147.18 - - [06/Dec/2013:08:47:54 +0000] "GET /episodes/13.mp3 HTTP/1.1" 206 30154 "http://episodes.gitminutes.com/search?updated-max=2013-08-26T07:38:00%2B02:00&max-results=7" "Mozilla/5.0 (X11; Linux i686; rv:25.0) Gecko/20100101 Firefox/25.0 SeaMonkey/2.22.1"
180.151.147.18 - - [06/Dec/2013:08:47:56 +0000] "GET /episodes/17.mp3 HTTP/1.1" 206 30154 "http://episodes.gitminutes.com/search?updated-max=2013-08-26T07:38:00%2B02:00&max-results=7" "Mozilla/5.0 (X11; Linux i686; rv:25.0) Gecko/20100101 Firefox/25.0 SeaMonkey/2.22.1"
180.151.147.18 - - [06/Dec/2013:08:47:57 +0000] "-" 400 0 "-" "-"
180.151.147.18 - - [06/Dec/2013:08:47:57 +0000] "-" 400 0 "-" "-"
180.151.147.18 - - [06/Dec/2013:08:47:57 +0000] "-" 400 0 "-" "-"
180.151.147.18 - - [06/Dec/2013:08:47:57 +0000] "-" 400 0 "-" "-"
180.151.147.18 - - [06/Dec/2013:08:47:57 +0000] "-" 400 0 "-" "-"
159.216.16.10 - - [06/Dec/2013:08:48:03 +0000] "GET /episodes/26.mp3 HTTP/1.1" 200 30380267 "-" "iTunes/10.7 Downcast/2.8.13.1001"
54.217.213.13 - - [06/Dec/2013:08:48:18 +0000] "GET /index.html HTTP/1.1" 200 204 "-" "Mozilla/5.0 IsItDown.no"
54.217.213.13 - - [06/Dec/2013:08:49:18 +0000] "GET /index.html HTTP/1.1" 200 204 "-" "Mozilla/5.0 IsItDown.no"
54.217.213.13 - - [06/Dec/2013:08:50:18 +0000] "GET /index.html HTTP/1.1" 200 204 "-" "Mozilla/5.0 IsItDown.no"
54.217.213.13 - - [06/Dec/2013:08:51:18 +0000] "GET /index.html HTTP/1.1" 200 204 "-" "Mozilla/5.0 IsItDown.no"
54.217.213.13 - - [06/Dec/2013:08:52:19 +0000] "GET /index.html HTTP/1.1" 200 204 "-" "Mozilla/5.0 IsItDown.no"
54.217.213.13 - - [06/Dec/2013:08:53:19 +0000] "GET /index.html HTTP/1.1" 200 204 "-" "Mozilla/5.0 IsItDown.no"
54.217.213.13 - - [06/Dec/2013:08:54:19 +0000] "GET /index.html HTTP/1.1" 200 204 "-" "Mozilla/5.0 IsItDown.no"
204.69.221.5 - - [06/Dec/2013:08:55:07 +0000] "HEAD /episodes/21.mp3 HTTP/1.1" 200 0 "-" "Mozilla/4.0 (compatible; MSIE 6.0; Windows NT 5.1; SV1; .NET CLR 1.1.4322; InfoPath.1)"
54.217.213.13 - - [06/Dec/2013:08:55:19 +0000] "GET /index.html HTTP/1.1" 200 204 "-" "Mozilla/5.0 IsItDown.no"
54.217.213.13 - - [06/Dec/2013:08:56:19 +0000] "GET /index.html HTTP/1.1" 200 204 "-" "Mozilla/5.0 IsItDown.no"
54.217.213.13 - - [06/Dec/2013:08:57:19 +0000] "GET /index.html HTTP/1.1" 200 204 "-" "Mozilla/5.0 IsItDown.no"
84.55.127.146 - - [06/Dec/2013:08:57:22 +0000] "GET /episodes/21.mp3 HTTP/1.1" 206 126700 "http://episodes.gitminutes.com/2013/09/gitminutes-21-karoline-and-arve-on.html" "Mozilla/5.0 (Windows NT 6.1; WOW64) AppleWebKit/537.36 (KHTML, like Gecko) Chrome/31.0.1650.57 Safari/537.36"
54.217.213.13 - - [06/Dec/2013:08:58:19 +0000] "GET /index.html HTTP/1.1" 200 204 "-" "Mozilla/5.0 IsItDown.no"
54.217.213.13 - - [06/Dec/2013:08:59:19 +0000] "GET /index.html HTTP/1.1" 200 204 "-" "Mozilla/5.0 IsItDown.no"
204.69.221.5 - - [06/Dec/2013:08:59:47 +0000] "HEAD /episodes/20.mp3 HTTP/1.1" 200 0 "-" "Mozilla/4.0 (compatible; MSIE 6.0; Windows NT 5.1; SV1; .NET CLR 1.1.4322; InfoPath.1)"
54.217.213.13 - - [06/Dec/2013:09:00:19 +0000] "GET /index.html HTTP/1.1" 200 204 "-" "Mozilla/5.0 IsItDown.no"
54.217.213.13 - - [06/Dec/2013:09:01:19 +0000] "GET /index.html HTTP/1.1" 200 204 "-" "Mozilla/5.0 IsItDown.no"
85.10.246.236 - - [06/Dec/2013:09:01:44 +0000] "HEAD /episodes/26.mp3 HTTP/1.1" 200 0 "-" "PritTorrent/1.0"
54.217.213.13 - - [06/Dec/2013:09:02:19 +0000] "GET /index.html HTTP/1.1" 200 204 "-" "Mozilla/5.0 IsItDown.no"
159.216.16.10 - - [06/Dec/2013:09:02:35 +0000] "GET /episodes/26.mp3 HTTP/1.1" 206 804473 "-" "iTunes/10.7 Downcast/2.8.13.1001"
54.217.213.13 - - [06/Dec/2013:09:03:19 +0000] "GET /index.html HTTP/1.1" 200 204 "-" "Mozilla/5.0 IsItDown.no"
54.217.213.13 - - [06/Dec/2013:09:04:19 +0000] "GET /index.html HTTP/1.1" 200 204 "-" "Mozilla/5.0 IsItDown.no"
204.69.221.5 - - [06/Dec/2013:09:05:10 +0000] "HEAD /episodes/19.mp3 HTTP/1.1" 200 0 "-" "Mozilla/4.0 (compatible; MSIE 6.0; Windows NT 5.1; SV1; .NET CLR 1.1.4322; InfoPath.1)"
54.217.213.13 - - [06/Dec/2013:09:05:19 +0000] "GET /index.html HTTP/1.1" 200 204 "-" "Mozilla/5.0 IsItDown.no"
54.217.213.13 - - [06/Dec/2013:09:06:19 +0000] "GET /index.html HTTP/1.1" 200 204 "-" "Mozilla/5.0 IsItDown.no"
220.181.51.218 - - [06/Dec/2013:09:06:57 +0000] "GET /episodes/12.mp3 HTTP/1.0" 200 30444 "-" "NSPlayer/10.0.0.4072 WMFSDK/10.0"
54.217.213.13 - - [06/Dec/2013:09:07:19 +0000] "GET /index.html HTTP/1.1" 200 204 "-" "Mozilla/5.0 IsItDown.no"
54.217.213.13 - - [06/Dec/2013:09:08:19 +0000] "GET /index.html HTTP/1.1" 200 204 "-" "Mozilla/5.0 IsItDown.no"
54.217.213.13 - - [06/Dec/2013:09:09:19 +0000] "GET /index.html HTTP/1.1" 200 204 "-" "Mozilla/5.0 IsItDown.no"
204.69.221.5 - - [06/Dec/2013:09:10:11 +0000] "HEAD /episodes/18.mp3 HTTP/1.1" 200 0 "-" "Mozilla/4.0 (compatible; MSIE 6.0; Windows NT 5.1; SV1; .NET CLR 1.1.4322; InfoPath.1)"
54.217.213.13 - - [06/Dec/2013:09:10:20 +0000] "GET /index.html HTTP/1.1" 200 204 "-" "Mozilla/5.0 IsItDown.no"
54.217.213.13 - - [06/Dec/2013:09:11:20 +0000] "GET /index.html HTTP/1.1" 200 204 "-" "Mozilla/5.0 IsItDown.no"
54.217.213.13 - - [06/Dec/2013:09:12:20 +0000] "GET /index.html HTTP/1.1" 200 204 "-" "Mozilla/5.0 IsItDown.no"
54.217.213.13 - - [06/Dec/2013:09:13:20 +0000] "GET /index.html HTTP/1.1" 200 204 "-" "Mozilla/5.0 IsItDown.no"
204.69.221.5 - - [06/Dec/2013:09:13:53 +0000] "HEAD /episodes/17.mp3 HTTP/1.1" 200 0 "-" "Mozilla/4.0 (compatible; MSIE 6.0; Windows NT 5.1; SV1; .NET CLR 1.1.4322; InfoPath.1)"
54.217.213.13 - - [06/Dec/2013:09:14:20 +0000] "GET /index.html HTTP/1.1" 200 204 "-" "Mozilla/5.0 IsItDown.no"
54.217.213.13 - - [06/Dec/2013:09:15:20 +0000] "GET /index.html HTTP/1.1" 200 204 "-" "Mozilla/5.0 IsItDown.no"
54.217.213.13 - - [06/Dec/2013:09:16:20 +0000] "GET /index.html HTTP/1.1" 200 204 "-" "Mozilla/5.0 IsItDown.no"
85.10.246.236 - - [06/Dec/2013:09:16:46 +0000] "HEAD /episodes/26.mp3 HTTP/1.1" 200 0 "-" "PritTorrent/1.0"
54.217.213.13 - - [06/Dec/2013:09:17:20 +0000] "GET /index.html HTTP/1.1" 200 204 "-" "Mozilla/5.0 IsItDown.no"
204.69.221.5 - - [06/Dec/2013:09:17:56 +0000] "HEAD /episodes/16.mp3 HTTP/1.1" 200 0 "-" "Mozilla/4.0 (compatible; MSIE 6.0; Windows NT 5.1; SV1; .NET CLR 1.1.4322; InfoPath.1)"
54.217.213.13 - - [06/Dec/2013:09:18:20 +0000] "GET /index.html HTTP/1.1" 200 204 "-" "Mozilla/5.0 IsItDown.no"
54.217.213.13 - - [06/Dec/2013:09:19:20 +0000] "GET /index.html HTTP/1.1" 200 204 "-" "Mozilla/5.0 IsItDown.no"
123.125.71.147 - - [06/Dec/2013:09:19:57 +0000] "GET /episodes/17.mp3 HTTP/1.0" 200 30444 "-" "NSPlayer/10.0.0.4072 WMFSDK/10.0"
54.217.213.13 - - [06/Dec/2013:09:20:20 +0000] "GET /index.html HTTP/1.1" 200 204 "-" "Mozilla/5.0 IsItDown.no"
54.217.213.13 - - [06/Dec/2013:09:21:20 +0000] "GET /index.html HTTP/1.1" 200 204 "-" "Mozilla/5.0 IsItDown.no"
54.217.213.13 - - [06/Dec/2013:09:22:20 +0000] "GET /index.html HTTP/1.1" 200 204 "-" "Mozilla/5.0 IsItDown.no"
204.69.221.5 - - [06/Dec/2013:09:22:32 +0000] "HEAD /episodes/15.mp3 HTTP/1.1" 200 0 "-" "Mozilla/4.0 (compatible; MSIE 6.0; Windows NT 5.1; SV1; .NET CLR 1.1.4322; InfoPath.1)"
54.217.213.13 - - [06/Dec/2013:09:23:20 +0000] "GET /index.html HTTP/1.1" 200 204 "-" "Mozilla/5.0 IsItDown.no"
54.217.213.13 - - [06/Dec/2013:09:24:20 +0000] "GET /index.html HTTP/1.1" 200 204 "-" "Mozilla/5.0 IsItDown.no"
54.217.213.13 - - [06/Dec/2013:09:25:20 +0000] "GET /index.html HTTP/1.1" 200 204 "-" "Mozilla/5.0 IsItDown.no"
204.69.221.5 - - [06/Dec/2013:09:26:07 +0000] "HEAD /episodes/14.mp3 HTTP/1.1" 200 0 "-" "Mozilla/4.0 (compatible; MSIE 6.0; Windows NT 5.1; SV1; .NET CLR 1.1.4322; InfoPath.1)"
54.217.213.13 - - [06/Dec/2013:09:26:20 +0000] "GET /index.html HTTP/1.1" 200 204 "-" "Mozilla/5.0 IsItDown.no"
54.217.213.13 - - [06/Dec/2013:09:27:20 +0000] "GET /index.html HTTP/1.1" 200 204 "-" "Mozilla/5.0 IsItDown.no"
54.217.213.13 - - [06/Dec/2013:09:28:20 +0000] "GET /index.html HTTP/1.1" 200 204 "-" "Mozilla/5.0 IsItDown.no"
54.217.213.13 - - [06/Dec/2013:09:29:20 +0000] "GET /index.html HTTP/1.1" 200 204 "-" "Mozilla/5.0 IsItDown.no"
204.69.221.5 - - [06/Dec/2013:09:29:33 +0000] "HEAD /episodes/09.mp3 HTTP/1.1" 200 0 "-" "Mozilla/4.0 (compatible; MSIE 6.0; Windows NT 5.1; SV1; .NET CLR 1.1.4322; InfoPath.1)"
54.217.213.13 - - [06/Dec/2013:09:30:20 +0000] "GET /index.html HTTP/1.1" 200 204 "-" "Mozilla/5.0 IsItDown.no"
54.217.213.13 - - [06/Dec/2013:09:31:20 +0000] "GET /index.html HTTP/1.1" 200 204 "-" "Mozilla/5.0 IsItDown.no"
85.10.246.236 - - [06/Dec/2013:09:31:47 +0000] "HEAD /episodes/26.mp3 HTTP/1.1" 200 0 "-" "PritTorrent/1.0"
54.217.213.13 - - [06/Dec/2013:09:32:21 +0000] "GET /index.html HTTP/1.1" 200 204 "-" "Mozilla/5.0 IsItDown.no"
204.69.221.5 - - [06/Dec/2013:09:32:44 +0000] "HEAD /episodes/08.mp3 HTTP/1.1" 200 0 "-" "Mozilla/4.0 (compatible; MSIE 6.0; Windows NT 5.1; SV1; .NET CLR 1.1.4322; InfoPath.1)"
54.217.213.13 - - [06/Dec/2013:09:33:21 +0000] "GET /index.html HTTP/1.1" 200 204 "-" "Mozilla/5.0 IsItDown.no"
54.217.213.13 - - [06/Dec/2013:09:34:21 +0000] "GET /index.html HTTP/1.1" 200 204 "-" "Mozilla/5.0 IsItDown.no"
54.217.213.13 - - [06/Dec/2013:09:35:21 +0000] "GET /index.html HTTP/1.1" 200 204 "-" "Mozilla/5.0 IsItDown.no"
204.69.221.5 - - [06/Dec/2013:09:35:43 +0000] "HEAD /episodes/11.mp3 HTTP/1.1" 200 0 "-" "Mozilla/4.0 (compatible; MSIE 6.0; Windows NT 5.1; SV1; .NET CLR 1.1.4322; InfoPath.1)"
54.217.213.13 - - [06/Dec/2013:09:36:21 +0000] "GET /index.html HTTP/1.1" 200 204 "-" "Mozilla/5.0 IsItDown.no"
220.181.51.217 - - [06/Dec/2013:09:37:15 +0000] "GET /episodes/12.mp3 HTTP/1.0" 200 30444 "-" "NSPlayer/10.0.0.4072 WMFSDK/10.0"
54.217.213.13 - - [06/Dec/2013:09:37:21 +0000] "GET /index.html HTTP/1.1" 200 204 "-" "Mozilla/5.0 IsItDown.no"
95.91.229.48 - - [06/Dec/2013:09:37:38 +0000] "HEAD /episodes/26.mp3 HTTP/1.1" 200 0 "-" "Podcasts/2.0"
54.217.213.13 - - [06/Dec/2013:09:38:21 +0000] "GET /index.html HTTP/1.1" 200 204 "-" "Mozilla/5.0 IsItDown.no"
204.69.221.5 - - [06/Dec/2013:09:38:37 +0000] "HEAD /episodes/10.mp3 HTTP/1.1" 200 0 "-" "Mozilla/4.0 (compatible; MSIE 6.0; Windows NT 5.1; SV1; .NET CLR 1.1.4322; InfoPath.1)"
54.217.213.13 - - [06/Dec/2013:09:39:21 +0000] "GET /index.html HTTP/1.1" 200 204 "-" "Mozilla/5.0 IsItDown.no"
54.217.213.13 - - [06/Dec/2013:09:40:21 +0000] "GET /index.html HTTP/1.1" 200 204 "-" "Mozilla/5.0 IsItDown.no"
54.217.213.13 - - [06/Dec/2013:09:41:21 +0000] "GET /index.html HTTP/1.1" 200 204 "-" "Mozilla/5.0 IsItDown.no"
204.69.221.5 - - [06/Dec/2013:09:41:24 +0000] "HEAD /episodes/12.mp3 HTTP/1.1" 200 0 "-" "Mozilla/4.0 (compatible; MSIE 6.0; Windows NT 5.1; SV1; .NET CLR 1.1.4322; InfoPath.1)"
54.217.213.13 - - [06/Dec/2013:09:42:21 +0000] "GET /index.html HTTP/1.1" 200 204 "-" "Mozilla/5.0 IsItDown.no"
54.217.213.13 - - [06/Dec/2013:09:43:21 +0000] "GET /index.html HTTP/1.1" 200 204 "-" "Mozilla/5.0 IsItDown.no"
54.217.213.13 - - [06/Dec/2013:09:44:21 +0000] "GET /index.html HTTP/1.1" 200 204 "-" "Mozilla/5.0 IsItDown.no"
204.69.221.5 - - [06/Dec/2013:09:44:41 +0000] "HEAD /episodes/13.mp3 HTTP/1.1" 200 0 "-" "Mozilla/4.0 (compatible; MSIE 6.0; Windows NT 5.1; SV1; .NET CLR 1.1.4322; InfoPath.1)"
54.217.213.13 - - [06/Dec/2013:09:45:21 +0000] "GET /index.html HTTP/1.1" 200 204 "-" "Mozilla/5.0 IsItDown.no"
54.217.213.13 - - [06/Dec/2013:09:46:21 +0000] "GET /index.html HTTP/1.1" 200 204 "-" "Mozilla/5.0 IsItDown.no"
95.91.229.48 - - [06/Dec/2013:09:46:32 +0000] "GET /episodes/26.mp3 HTTP/1.1" 206 2 "-" "AppleCoreMedia/1.0.0.11B554a (iPad; U; CPU OS 7_0_4 like Mac OS X; en_us)"
85.10.246.236 - - [06/Dec/2013:09:46:48 +0000] "HEAD /episodes/26.mp3 HTTP/1.1" 200 0 "-" "PritTorrent/1.0"
54.217.213.13 - - [06/Dec/2013:09:47:21 +0000] "GET /index.html HTTP/1.1" 200 204 "-" "Mozilla/5.0 IsItDown.no"
204.69.221.5 - - [06/Dec/2013:09:47:36 +0000] "HEAD /episodes/01.mp3 HTTP/1.1" 200 0 "-" "Mozilla/4.0 (compatible; MSIE 6.0; Windows NT 5.1; SV1; .NET CLR 1.1.4322; InfoPath.1)"
95.91.229.48 - - [06/Dec/2013:09:47:38 +0000] "GET /episodes/26.mp3 HTTP/1.1" 206 30960300 "-" "AppleCoreMedia/1.0.0.11B554a (iPad; U; CPU OS 7_0_4 like Mac OS X; en_us)"
54.217.213.13 - - [06/Dec/2013:09:48:21 +0000] "GET /index.html HTTP/1.1" 200 204 "-" "Mozilla/5.0 IsItDown.no"
95.91.229.48 - - [06/Dec/2013:09:48:37 +0000] "-" 400 0 "-" "-"
95.91.229.48 - - [06/Dec/2013:09:48:38 +0000] "GET /episodes/26.mp3 HTTP/1.1" 206 328106 "-" "AppleCoreMedia/1.0.0.11B554a (iPad; U; CPU OS 7_0_4 like Mac OS X; en_us)"
54.217.213.13 - - [06/Dec/2013:09:49:21 +0000] "GET /index.html HTTP/1.1" 200 204 "-" "Mozilla/5.0 IsItDown.no"
54.217.213.13 - - [06/Dec/2013:09:50:21 +0000] "GET /index.html HTTP/1.1" 200 204 "-" "Mozilla/5.0 IsItDown.no"
123.125.71.148 - - [06/Dec/2013:09:50:42 +0000] "GET /episodes/17.mp3 HTTP/1.0" 200 30444 "-" "NSPlayer/10.0.0.4072 WMFSDK/10.0"
54.217.213.13 - - [06/Dec/2013:09:51:21 +0000] "GET /index.html HTTP/1.1" 200 204 "-" "Mozilla/5.0 IsItDown.no"
204.69.221.5 - - [06/Dec/2013:09:51:26 +0000] "HEAD /episodes/02.mp3 HTTP/1.1" 200 0 "-" "Mozilla/4.0 (compatible; MSIE 6.0; Windows NT 5.1; SV1; .NET CLR 1.1.4322; InfoPath.1)"
54.217.213.13 - - [06/Dec/2013:09:52:21 +0000] "GET /index.html HTTP/1.1" 200 204 "-" "Mozilla/5.0 IsItDown.no"
54.217.213.13 - - [06/Dec/2013:09:53:21 +0000] "GET /index.html HTTP/1.1" 200 204 "-" "Mozilla/5.0 IsItDown.no"
194.251.119.196 - - [06/Dec/2013:09:53:23 +0000] "GET /episodes/22.mp3 HTTP/1.1" 206 138446 "http://episodes.gitminutes.com/" "Mozilla/5.0 (X11; Ubuntu; Linux x86_64; rv:25.0) Gecko/20100101 Firefox/25.0"
194.251.119.196 - - [06/Dec/2013:09:53:23 +0000] "GET /episodes/25.mp3 HTTP/1.1" 206 151586 "http://episodes.gitminutes.com/" "Mozilla/5.0 (X11; Ubuntu; Linux x86_64; rv:25.0) Gecko/20100101 Firefox/25.0"
194.251.119.196 - - [06/Dec/2013:09:53:23 +0000] "GET /episodes/20.mp3 HTTP/1.1" 206 131146 "http://episodes.gitminutes.com/" "Mozilla/5.0 (X11; Ubuntu; Linux x86_64; rv:25.0) Gecko/20100101 Firefox/25.0"
194.251.119.196 - - [06/Dec/2013:09:53:23 +0000] "GET /episodes/23.mp3 HTTP/1.1" 206 126766 "http://episodes.gitminutes.com/" "Mozilla/5.0 (X11; Ubuntu; Linux x86_64; rv:25.0) Gecko/20100101 Firefox/25.0"
194.251.119.196 - - [06/Dec/2013:09:53:23 +0000] "GET /episodes/21.mp3 HTTP/1.1" 206 132606 "http://episodes.gitminutes.com/" "Mozilla/5.0 (X11; Ubuntu; Linux x86_64; rv:25.0) Gecko/20100101 Firefox/25.0"
194.251.119.196 - - [06/Dec/2013:09:53:23 +0000] "GET /episodes/24.mp3 HTTP/1.1" 206 201226 "http://episodes.gitminutes.com/" "Mozilla/5.0 (X11; Ubuntu; Linux x86_64; rv:25.0) Gecko/20100101 Firefox/25.0"
194.251.119.196 - - [06/Dec/2013:09:53:23 +0000] "GET /episodes/26.mp3 HTTP/1.1" 206 154506 "http://episodes.gitminutes.com/" "Mozilla/5.0 (X11; Ubuntu; Linux x86_64; rv:25.0) Gecko/20100101 Firefox/25.0"
204.69.221.5 - - [06/Dec/2013:09:54:10 +0000] "HEAD /episodes/03.mp3 HTTP/1.1" 200 0 "-" "Mozilla/4.0 (compatible; MSIE 6.0; Windows NT 5.1; SV1; .NET CLR 1.1.4322; InfoPath.1)"
54.217.213.13 - - [06/Dec/2013:09:54:21 +0000] "GET /index.html HTTP/1.1" 200 204 "-" "Mozilla/5.0 IsItDown.no"
54.217.213.13 - - [06/Dec/2013:09:55:22 +0000] "GET /index.html HTTP/1.1" 200 204 "-" "Mozilla/5.0 IsItDown.no"
54.217.213.13 - - [06/Dec/2013:09:56:22 +0000] "GET /index.html HTTP/1.1" 200 204 "-" "Mozilla/5.0 IsItDown.no"
54.217.213.13 - - [06/Dec/2013:09:57:22 +0000] "GET /index.html HTTP/1.1" 200 204 "-" "Mozilla/5.0 IsItDown.no"
204.69.221.5 - - [06/Dec/2013:09:58:18 +0000] "HEAD /episodes/04.mp3 HTTP/1.1" 200 0 "-" "Mozilla/4.0 (compatible; MSIE 6.0; Windows NT 5.1; SV1; .NET CLR 1.1.4322; InfoPath.1)"
54.217.213.13 - - [06/Dec/2013:09:58:22 +0000] "GET /index.html HTTP/1.1" 200 204 "-" "Mozilla/5.0 IsItDown.no"
54.217.213.13 - - [06/Dec/2013:09:59:22 +0000] "GET /index.html HTTP/1.1" 200 204 "-" "Mozilla/5.0 IsItDown.no"
54.217.213.13 - - [06/Dec/2013:10:00:22 +0000] "GET /index.html HTTP/1.1" 200 204 "-" "Mozilla/5.0 IsItDown.no"
204.69.221.5 - - [06/Dec/2013:10:00:48 +0000] "HEAD /episodes/05.mp3 HTTP/1.1" 200 0 "-" "Mozilla/4.0 (compatible; MSIE 6.0; Windows NT 5.1; SV1; .NET CLR 1.1.4322; InfoPath.1)"
54.217.213.13 - - [06/Dec/2013:10:01:22 +0000] "GET /index.html HTTP/1.1" 200 204 "-" "Mozilla/5.0 IsItDown.no"
85.10.246.236 - - [06/Dec/2013:10:01:57 +0000] "HEAD /episodes/26.mp3 HTTP/1.1" 200 0 "-" "PritTorrent/1.0"
54.217.213.13 - - [06/Dec/2013:10:02:22 +0000] "GET /index.html HTTP/1.1" 200 204 "-" "Mozilla/5.0 IsItDown.no"
54.217.213.13 - - [06/Dec/2013:10:03:22 +0000] "GET /index.html HTTP/1.1" 200 204 "-" "Mozilla/5.0 IsItDown.no"
204.69.221.5 - - [06/Dec/2013:10:03:48 +0000] "HEAD /episodes/06.mp3 HTTP/1.1" 200 0 "-" "Mozilla/4.0 (compatible; MSIE 6.0; Windows NT 5.1; SV1; .NET CLR 1.1.4322; InfoPath.1)"
54.217.213.13 - - [06/Dec/2013:10:04:22 +0000] "GET /index.html HTTP/1.1" 200 204 "-" "Mozilla/5.0 IsItDown.no"
54.217.213.13 - - [06/Dec/2013:10:05:22 +0000] "GET /index.html HTTP/1.1" 200 204 "-" "Mozilla/5.0 IsItDown.no"
204.69.221.5 - - [06/Dec/2013:10:06:17 +0000] "HEAD /episodes/07.mp3 HTTP/1.1" 200 0 "-" "Mozilla/4.0 (compatible; MSIE 6.0; Windows NT 5.1; SV1; .NET CLR 1.1.4322; InfoPath.1)"
54.217.213.13 - - [06/Dec/2013:10:06:22 +0000] "GET /index.html HTTP/1.1" 200 204 "-" "Mozilla/5.0 IsItDown.no"
54.217.213.13 - - [06/Dec/2013:10:07:22 +0000] "GET /index.html HTTP/1.1" 200 204 "-" "Mozilla/5.0 IsItDown.no"
220.181.51.219 - - [06/Dec/2013:10:07:30 +0000] "GET /episodes/12.mp3 HTTP/1.0" 200 30444 "-" "NSPlayer/10.0.0.4072 WMFSDK/10.0"
54.217.213.13 - - [06/Dec/2013:10:08:22 +0000] "GET /index.html HTTP/1.1" 200 204 "-" "Mozilla/5.0 IsItDown.no"
54.217.213.13 - - [06/Dec/2013:10:09:22 +0000] "GET /index.html HTTP/1.1" 200 204 "-" "Mozilla/5.0 IsItDown.no"
54.217.213.13 - - [06/Dec/2013:10:10:22 +0000] "GET /index.html HTTP/1.1" 200 204 "-" "Mozilla/5.0 IsItDown.no"
54.217.213.13 - - [06/Dec/2013:10:11:22 +0000] "GET /index.html HTTP/1.1" 200 204 "-" "Mozilla/5.0 IsItDown.no"
54.217.213.13 - - [06/Dec/2013:10:12:22 +0000] "GET /index.html HTTP/1.1" 200 204 "-" "Mozilla/5.0 IsItDown.no"
54.217.213.13 - - [06/Dec/2013:10:13:22 +0000] "GET /index.html HTTP/1.1" 200 204 "-" "Mozilla/5.0 IsItDown.no"
54.217.213.13 - - [06/Dec/2013:10:14:22 +0000] "GET /index.html HTTP/1.1" 200 204 "-" "Mozilla/5.0 IsItDown.no"
54.217.213.13 - - [06/Dec/2013:10:15:22 +0000] "GET /index.html HTTP/1.1" 200 204 "-" "Mozilla/5.0 IsItDown.no"
54.217.213.13 - - [06/Dec/2013:10:16:22 +0000] "GET /index.html HTTP/1.1" 200 204 "-" "Mozilla/5.0 IsItDown.no"
85.10.246.236 - - [06/Dec/2013:10:16:53 +0000] "HEAD /episodes/26.mp3 HTTP/1.1" 200 0 "-" "PritTorrent/1.0"
54.217.213.13 - - [06/Dec/2013:10:17:23 +0000] "GET /index.html HTTP/1.1" 200 204 "-" "Mozilla/5.0 IsItDown.no"
54.217.213.13 - - [06/Dec/2013:10:18:23 +0000] "GET /index.html HTTP/1.1" 200 204 "-" "Mozilla/5.0 IsItDown.no"
54.217.213.13 - - [06/Dec/2013:10:19:23 +0000] "GET /index.html HTTP/1.1" 200 204 "-" "Mozilla/5.0 IsItDown.no"
54.217.213.13 - - [06/Dec/2013:10:20:23 +0000] "GET /index.html HTTP/1.1" 200 204 "-" "Mozilla/5.0 IsItDown.no"
54.217.213.13 - - [06/Dec/2013:10:21:23 +0000] "GET /index.html HTTP/1.1" 200 204 "-" "Mozilla/5.0 IsItDown.no"
54.217.213.13 - - [06/Dec/2013:10:22:23 +0000] "GET /index.html HTTP/1.1" 200 204 "-" "Mozilla/5.0 IsItDown.no"
54.217.213.13 - - [06/Dec/2013:10:23:23 +0000] "GET /index.html HTTP/1.1" 200 204 "-" "Mozilla/5.0 IsItDown.no"
54.217.213.13 - - [06/Dec/2013:10:24:23 +0000] "GET /index.html HTTP/1.1" 200 204 "-" "Mozilla/5.0 IsItDown.no"
54.217.213.13 - - [06/Dec/2013:10:25:23 +0000] "GET /index.html HTTP/1.1" 200 204 "-" "Mozilla/5.0 IsItDown.no"
54.217.213.13 - - [06/Dec/2013:10:26:23 +0000] "GET /index.html HTTP/1.1" 200 204 "-" "Mozilla/5.0 IsItDown.no"
54.217.213.13 - - [06/Dec/2013:10:27:23 +0000] "GET /index.html HTTP/1.1" 200 204 "-" "Mozilla/5.0 IsItDown.no"
78.13.24.238 - - [06/Dec/2013:10:27:48 +0000] "GET /episodes/24.mp3 HTTP/1.1" 200 894537 "http://episodes.gitminutes.com/" "Mozilla/5.0 (X11; U; Unix; en-US) AppleWebKit/537.15 (KHTML, like Gecko) Chrome/24.0.1295.0 Safari/537.15"
78.13.24.238 - - [06/Dec/2013:10:27:48 +0000] "GET /episodes/23.mp3 HTTP/1.1" 200 880357 "http://episodes.gitminutes.com/" "Mozilla/5.0 (X11; U; Unix; en-US) AppleWebKit/537.15 (KHTML, like Gecko) Chrome/24.0.1295.0 Safari/537.15"
78.13.24.238 - - [06/Dec/2013:10:27:49 +0000] "GET /episodes/25.mp3 HTTP/1.1" 200 827891 "http://episodes.gitminutes.com/" "Mozilla/5.0 (X11; U; Unix; en-US) AppleWebKit/537.15 (KHTML, like Gecko) Chrome/24.0.1295.0 Safari/537.15"
78.13.24.238 - - [06/Dec/2013:10:27:49 +0000] "GET /episodes/26.mp3 HTTP/1.1" 200 776843 "http://episodes.gitminutes.com/" "Mozilla/5.0 (X11; U; Unix; en-US) AppleWebKit/537.15 (KHTML, like Gecko) Chrome/24.0.1295.0 Safari/537.15"
78.13.24.238 - - [06/Dec/2013:10:27:50 +0000] "GET /episodes/22.mp3 HTTP/1.1" 200 779679 "http://episodes.gitminutes.com/" "Mozilla/5.0 (X11; U; Unix; en-US) AppleWebKit/537.15 (KHTML, like Gecko) Chrome/24.0.1295.0 Safari/537.15"
54.217.213.13 - - [06/Dec/2013:10:28:23 +0000] "GET /index.html HTTP/1.1" 200 204 "-" "Mozilla/5.0 IsItDown.no"
54.217.213.13 - - [06/Dec/2013:10:29:23 +0000] "GET /index.html HTTP/1.1" 200 204 "-" "Mozilla/5.0 IsItDown.no"
54.217.213.13 - - [06/Dec/2013:10:30:23 +0000] "GET /index.html HTTP/1.1" 200 204 "-" "Mozilla/5.0 IsItDown.no"
54.217.213.13 - - [06/Dec/2013:10:31:23 +0000] "GET /index.html HTTP/1.1" 200 204 "-" "Mozilla/5.0 IsItDown.no"
85.10.246.236 - - [06/Dec/2013:10:31:57 +0000] "HEAD /episodes/26.mp3 HTTP/1.1" 200 0 "-" "PritTorrent/1.0"
54.217.213.13 - - [06/Dec/2013:10:32:23 +0000] "GET /index.html HTTP/1.1" 200 204 "-" "Mozilla/5.0 IsItDown.no"
54.217.213.13 - - [06/Dec/2013:10:33:23 +0000] "GET /index.html HTTP/1.1" 200 204 "-" "Mozilla/5.0 IsItDown.no"
54.217.213.13 - - [06/Dec/2013:10:34:23 +0000] "GET /index.html HTTP/1.1" 200 204 "-" "Mozilla/5.0 IsItDown.no"
88.166.111.239 - - [06/Dec/2013:10:34:47 +0000] "GET /episodes/26.mp3 HTTP/1.1" 200 464592 "-" "iTunes/11.1.3 (Macintosh; OS X 10.8.5) AppleWebKit/536.30.1"
54.217.213.13 - - [06/Dec/2013:10:35:23 +0000] "GET /index.html HTTP/1.1" 200 204 "-" "Mozilla/5.0 IsItDown.no"
123.125.67.181 - - [06/Dec/2013:10:36:18 +0000] "GET /episodes/17.mp3 HTTP/1.0" 200 30444 "-" "NSPlayer/10.0.0.4072 WMFSDK/10.0"
54.217.213.13 - - [06/Dec/2013:10:36:23 +0000] "GET /index.html HTTP/1.1" 200 204 "-" "Mozilla/5.0 IsItDown.no"
54.217.213.13 - - [06/Dec/2013:10:37:24 +0000] "GET /index.html HTTP/1.1" 200 204 "-" "Mozilla/5.0 IsItDown.no"
220.181.51.219 - - [06/Dec/2013:10:37:46 +0000] "GET /episodes/12.mp3 HTTP/1.0" 200 30444 "-" "NSPlayer/10.0.0.4072 WMFSDK/10.0"
54.217.213.13 - - [06/Dec/2013:10:38:24 +0000] "GET /index.html HTTP/1.1" 200 204 "-" "Mozilla/5.0 IsItDown.no"
54.217.213.13 - - [06/Dec/2013:10:39:24 +0000] "GET /index.html HTTP/1.1" 200 204 "-" "Mozilla/5.0 IsItDown.no"
54.217.213.13 - - [06/Dec/2013:10:40:24 +0000] "GET /index.html HTTP/1.1" 200 204 "-" "Mozilla/5.0 IsItDown.no"
54.217.213.13 - - [06/Dec/2013:10:41:24 +0000] "GET /index.html HTTP/1.1" 200 204 "-" "Mozilla/5.0 IsItDown.no"
54.217.213.13 - - [06/Dec/2013:10:42:24 +0000] "GET /index.html HTTP/1.1" 200 204 "-" "Mozilla/5.0 IsItDown.no"
54.217.213.13 - - [06/Dec/2013:10:43:24 +0000] "GET /index.html HTTP/1.1" 200 204 "-" "Mozilla/5.0 IsItDown.no"
54.217.213.13 - - [06/Dec/2013:10:44:24 +0000] "GET /index.html HTTP/1.1" 200 204 "-" "Mozilla/5.0 IsItDown.no"
54.217.213.13 - - [06/Dec/2013:10:45:25 +0000] "GET /index.html HTTP/1.1" 200 204 "-" "Mozilla/5.0 IsItDown.no"
54.217.213.13 - - [06/Dec/2013:10:46:25 +0000] "GET /index.html HTTP/1.1" 200 204 "-" "Mozilla/5.0 IsItDown.no"
85.10.246.236 - - [06/Dec/2013:10:46:57 +0000] "HEAD /episodes/26.mp3 HTTP/1.1" 200 0 "-" "PritTorrent/1.0"
54.217.213.13 - - [06/Dec/2013:10:47:25 +0000] "GET /index.html HTTP/1.1" 200 204 "-" "Mozilla/5.0 IsItDown.no"
109.68.191.26 - - [06/Dec/2013:10:47:25 +0000] "GET / HTTP/1.0" 200 272 "-" "masscan/1.0 (https://github.com/robertdavidgraham/masscan)"
54.217.213.13 - - [06/Dec/2013:10:48:25 +0000] "GET /index.html HTTP/1.1" 200 204 "-" "Mozilla/5.0 IsItDown.no"
54.217.213.13 - - [06/Dec/2013:10:49:25 +0000] "GET /index.html HTTP/1.1" 200 204 "-" "Mozilla/5.0 IsItDown.no"
54.217.213.13 - - [06/Dec/2013:10:50:25 +0000] "GET /index.html HTTP/1.1" 200 204 "-" "Mozilla/5.0 IsItDown.no"
54.217.213.13 - - [06/Dec/2013:10:51:25 +0000] "GET /index.html HTTP/1.1" 200 204 "-" "Mozilla/5.0 IsItDown.no"
54.217.213.13 - - [06/Dec/2013:10:52:25 +0000] "GET /index.html HTTP/1.1" 200 204 "-" "Mozilla/5.0 IsItDown.no"
54.217.213.13 - - [06/Dec/2013:10:53:25 +0000] "GET /index.html HTTP/1.1" 200 204 "-" "Mozilla/5.0 IsItDown.no"
54.217.213.13 - - [06/Dec/2013:10:54:25 +0000] "GET /index.html HTTP/1.1" 200 204 "-" "Mozilla/5.0 IsItDown.no"
54.217.213.13 - - [06/Dec/2013:10:55:25 +0000] "GET /index.html HTTP/1.1" 200 204 "-" "Mozilla/5.0 IsItDown.no"
54.217.213.13 - - [06/Dec/2013:10:56:25 +0000] "GET /index.html HTTP/1.1" 200 204 "-" "Mozilla/5.0 IsItDown.no"
54.217.213.13 - - [06/Dec/2013:10:57:25 +0000] "GET /index.html HTTP/1.1" 200 204 "-" "Mozilla/5.0 IsItDown.no"
212.172.217.10 - - [06/Dec/2013:10:58:21 +0000] "GET /episodes/26.mp3 HTTP/1.1" 200 30960300 "-" "iTunes/11.1.3 (Macintosh; OS X 10.9) AppleWebKit/537.71"
54.217.213.13 - - [06/Dec/2013:10:58:25 +0000] "GET /index.html HTTP/1.1" 200 204 "-" "Mozilla/5.0 IsItDown.no"
54.217.213.13 - - [06/Dec/2013:10:59:25 +0000] "GET /index.html HTTP/1.1" 200 204 "-" "Mozilla/5.0 IsItDown.no"
54.217.213.13 - - [06/Dec/2013:11:00:25 +0000] "GET /index.html HTTP/1.1" 200 204 "-" "Mozilla/5.0 IsItDown.no"
54.217.213.13 - - [06/Dec/2013:11:01:25 +0000] "GET /index.html HTTP/1.1" 200 204 "-" "Mozilla/5.0 IsItDown.no"
85.10.246.236 - - [06/Dec/2013:11:01:57 +0000] "HEAD /episodes/26.mp3 HTTP/1.1" 200 0 "-" "PritTorrent/1.0"
54.217.213.13 - - [06/Dec/2013:11:02:25 +0000] "GET /index.html HTTP/1.1" 200 204 "-" "Mozilla/5.0 IsItDown.no"
54.217.213.13 - - [06/Dec/2013:11:03:25 +0000] "GET /index.html HTTP/1.1" 200 204 "-" "Mozilla/5.0 IsItDown.no"
54.217.213.13 - - [06/Dec/2013:11:04:25 +0000] "GET /index.html HTTP/1.1" 200 204 "-" "Mozilla/5.0 IsItDown.no"
54.217.213.13 - - [06/Dec/2013:11:05:25 +0000] "GET /index.html HTTP/1.1" 200 204 "-" "Mozilla/5.0 IsItDown.no"
54.217.213.13 - - [06/Dec/2013:11:06:25 +0000] "GET /index.html HTTP/1.1" 200 204 "-" "Mozilla/5.0 IsItDown.no"
54.217.213.13 - - [06/Dec/2013:11:07:25 +0000] "GET /index.html HTTP/1.1" 200 204 "-" "Mozilla/5.0 IsItDown.no"
54.217.213.13 - - [06/Dec/2013:11:08:25 +0000] "GET /index.html HTTP/1.1" 200 204 "-" "Mozilla/5.0 IsItDown.no"
220.181.51.219 - - [06/Dec/2013:11:08:57 +0000] "GET /episodes/12.mp3 HTTP/1.0" 200 53804 "-" "NSPlayer/10.0.0.4072 WMFSDK/10.0"
54.217.213.13 - - [06/Dec/2013:11:09:26 +0000] "GET /index.html HTTP/1.1" 200 204 "-" "Mozilla/5.0 IsItDown.no"
54.217.213.13 - - [06/Dec/2013:11:10:26 +0000] "GET /index.html HTTP/1.1" 200 204 "-" "Mozilla/5.0 IsItDown.no"
54.217.213.13 - - [06/Dec/2013:11:11:26 +0000] "GET /index.html HTTP/1.1" 200 204 "-" "Mozilla/5.0 IsItDown.no"
123.125.71.149 - - [06/Dec/2013:11:11:45 +0000] "GET /episodes/17.mp3 HTTP/1.0" 200 30444 "-" "NSPlayer/10.0.0.4072 WMFSDK/10.0"
54.217.213.13 - - [06/Dec/2013:11:12:26 +0000] "GET /index.html HTTP/1.1" 200 204 "-" "Mozilla/5.0 IsItDown.no"
54.217.213.13 - - [06/Dec/2013:11:13:26 +0000] "GET /index.html HTTP/1.1" 200 204 "-" "Mozilla/5.0 IsItDown.no"
54.217.213.13 - - [06/Dec/2013:11:14:26 +0000] "GET /index.html HTTP/1.1" 200 204 "-" "Mozilla/5.0 IsItDown.no"
54.217.213.13 - - [06/Dec/2013:11:15:26 +0000] "GET /index.html HTTP/1.1" 200 204 "-" "Mozilla/5.0 IsItDown.no"
54.217.213.13 - - [06/Dec/2013:11:16:26 +0000] "GET /index.html HTTP/1.1" 200 204 "-" "Mozilla/5.0 IsItDown.no"
85.10.246.236 - - [06/Dec/2013:11:16:59 +0000] "HEAD /episodes/26.mp3 HTTP/1.1" 200 0 "-" "PritTorrent/1.0"
54.217.213.13 - - [06/Dec/2013:11:17:26 +0000] "GET /index.html HTTP/1.1" 200 204 "-" "Mozilla/5.0 IsItDown.no"
54.217.213.13 - - [06/Dec/2013:11:18:26 +0000] "GET /index.html HTTP/1.1" 200 204 "-" "Mozilla/5.0 IsItDown.no"
54.217.213.13 - - [06/Dec/2013:11:19:26 +0000] "GET /index.html HTTP/1.1" 200 204 "-" "Mozilla/5.0 IsItDown.no"
54.217.213.13 - - [06/Dec/2013:11:20:26 +0000] "GET /index.html HTTP/1.1" 200 204 "-" "Mozilla/5.0 IsItDown.no"
54.217.213.13 - - [06/Dec/2013:11:21:26 +0000] "GET /index.html HTTP/1.1" 200 204 "-" "Mozilla/5.0 IsItDown.no"
54.217.213.13 - - [06/Dec/2013:11:22:26 +0000] "GET /index.html HTTP/1.1" 200 204 "-" "Mozilla/5.0 IsItDown.no"
54.217.213.13 - - [06/Dec/2013:11:23:26 +0000] "GET /index.html HTTP/1.1" 200 204 "-" "Mozilla/5.0 IsItDown.no"
54.217.213.13 - - [06/Dec/2013:11:24:27 +0000] "GET /index.html HTTP/1.1" 200 204 "-" "Mozilla/5.0 IsItDown.no"
54.217.213.13 - - [06/Dec/2013:11:25:27 +0000] "GET /index.html HTTP/1.1" 200 204 "-" "Mozilla/5.0 IsItDown.no"
54.217.213.13 - - [06/Dec/2013:11:26:27 +0000] "GET /index.html HTTP/1.1" 200 204 "-" "Mozilla/5.0 IsItDown.no"
54.217.213.13 - - [06/Dec/2013:11:27:27 +0000] "GET /index.html HTTP/1.1" 200 204 "-" "Mozilla/5.0 IsItDown.no"
54.217.213.13 - - [06/Dec/2013:11:28:27 +0000] "GET /index.html HTTP/1.1" 200 204 "-" "Mozilla/5.0 IsItDown.no"
54.217.213.13 - - [06/Dec/2013:11:29:27 +0000] "GET /index.html HTTP/1.1" 200 204 "-" "Mozilla/5.0 IsItDown.no"
54.217.213.13 - - [06/Dec/2013:11:30:27 +0000] "GET /index.html HTTP/1.1" 200 204 "-" "Mozilla/5.0 IsItDown.no"
54.217.213.13 - - [06/Dec/2013:11:31:27 +0000] "GET /index.html HTTP/1.1" 200 204 "-" "Mozilla/5.0 IsItDown.no"
85.10.246.236 - - [06/Dec/2013:11:31:59 +0000] "HEAD /episodes/26.mp3 HTTP/1.1" 200 0 "-" "PritTorrent/1.0"
54.217.213.13 - - [06/Dec/2013:11:32:27 +0000] "GET /index.html HTTP/1.1" 200 204 "-" "Mozilla/5.0 IsItDown.no"
54.217.213.13 - - [06/Dec/2013:11:33:27 +0000] "GET /index.html HTTP/1.1" 200 204 "-" "Mozilla/5.0 IsItDown.no"
54.217.213.13 - - [06/Dec/2013:11:34:27 +0000] "GET /index.html HTTP/1.1" 200 204 "-" "Mozilla/5.0 IsItDown.no"
89.248.160.192 - - [06/Dec/2013:11:35:05 +0000] "GET /cgi-bin/php.cgi HTTP/1.1" 200 272 "-" "Mozilla/4.0 (compatible; MSIE 6.0; Windows 98)"
89.248.160.192 - - [06/Dec/2013:11:35:05 +0000] "GET /cgi-bin/php5 HTTP/1.1" 200 272 "-" "Mozilla/4.0 (compatible; MSIE 6.0; Windows 98)"
89.248.160.192 - - [06/Dec/2013:11:35:05 +0000] "GET /cgi-bin/php4 HTTP/1.1" 200 272 "-" "Mozilla/4.0 (compatible; MSIE 6.0; Windows 98)"
89.248.160.192 - - [06/Dec/2013:11:35:05 +0000] "GET HTTP/1.1 HTTP/1.1" 400 172 "-" "-"
89.248.160.192 - - [06/Dec/2013:11:35:05 +0000] "GET /cgi-bin/php-cgi HTTP/1.1" 200 272 "-" "Mozilla/4.0 (compatible; MSIE 6.0; Windows 98)"
89.248.160.192 - - [06/Dec/2013:11:35:05 +0000] "GET /cgi-bin/php HTTP/1.1" 200 272 "-" "Mozilla/4.0 (compatible; MSIE 6.0; Windows 98)"
54.217.213.13 - - [06/Dec/2013:11:35:27 +0000] "GET /index.html HTTP/1.1" 200 204 "-" "Mozilla/5.0 IsItDown.no"
54.217.213.13 - - [06/Dec/2013:11:36:27 +0000] "GET /index.html HTTP/1.1" 200 204 "-" "Mozilla/5.0 IsItDown.no"
54.217.213.13 - - [06/Dec/2013:11:37:27 +0000] "GET /index.html HTTP/1.1" 200 204 "-" "Mozilla/5.0 IsItDown.no"
54.217.213.13 - - [06/Dec/2013:11:38:27 +0000] "GET /index.html HTTP/1.1" 200 204 "-" "Mozilla/5.0 IsItDown.no"
220.181.51.219 - - [06/Dec/2013:11:39:14 +0000] "GET /episodes/12.mp3 HTTP/1.0" 200 30444 "-" "NSPlayer/10.0.0.4072 WMFSDK/10.0"
54.217.213.13 - - [06/Dec/2013:11:39:27 +0000] "GET /index.html HTTP/1.1" 200 204 "-" "Mozilla/5.0 IsItDown.no"
166.137.191.19 - - [06/Dec/2013:11:40:26 +0000] "GET /episodes/25.mp3 HTTP/1.1" 206 2 "-" "AppleCoreMedia/1.0.0.11B554a (iPhone; U; CPU OS 7_0_4 like Mac OS X; en_us)"
54.217.213.13 - - [06/Dec/2013:11:40:27 +0000] "GET /index.html HTTP/1.1" 200 204 "-" "Mozilla/5.0 IsItDown.no"
166.137.191.19 - - [06/Dec/2013:11:40:29 +0000] "GET /episodes/25.mp3 HTTP/1.1" 206 645554 "-" "AppleCoreMedia/1.0.0.11B554a (iPhone; U; CPU OS 7_0_4 like Mac OS X; en_us)"
166.137.191.19 - - [06/Dec/2013:11:40:48 +0000] "GET /episodes/25.mp3 HTTP/1.1" 206 24287354 "-" "AppleCoreMedia/1.0.0.11B554a (iPhone; U; CPU OS 7_0_4 like Mac OS X; en_us)"
54.217.213.13 - - [06/Dec/2013:11:41:27 +0000] "GET /index.html HTTP/1.1" 200 204 "-" "Mozilla/5.0 IsItDown.no"
54.217.213.13 - - [06/Dec/2013:11:42:27 +0000] "GET /index.html HTTP/1.1" 200 204 "-" "Mozilla/5.0 IsItDown.no"
54.217.213.13 - - [06/Dec/2013:11:43:27 +0000] "GET /index.html HTTP/1.1" 200 204 "-" "Mozilla/5.0 IsItDown.no"
91.208.107.59 - - [06/Dec/2013:11:43:31 +0000] "GET /episodes/21.mp3 HTTP/1.1" 206 3902788 "http://episodes.gitminutes.com/" "Mozilla/5.0 (Macintosh; Intel Mac OS X 10_9_0) AppleWebKit/537.36 (KHTML, like Gecko) Chrome/31.0.1650.63 Safari/537.36"
91.208.107.59 - - [06/Dec/2013:11:43:31 +0000] "GET /episodes/26.mp3 HTTP/1.1" 206 3859888 "http://episodes.gitminutes.com/" "Mozilla/5.0 (Macintosh; Intel Mac OS X 10_9_0) AppleWebKit/537.36 (KHTML, like Gecko) Chrome/31.0.1650.63 Safari/537.36"
91.208.107.59 - - [06/Dec/2013:11:43:31 +0000] "GET /episodes/24.mp3 HTTP/1.1" 206 3888488 "http://episodes.gitminutes.com/" "Mozilla/5.0 (Macintosh; Intel Mac OS X 10_9_0) AppleWebKit/537.36 (KHTML, like Gecko) Chrome/31.0.1650.63 Safari/537.36"
91.208.107.59 - - [06/Dec/2013:11:43:31 +0000] "GET /episodes/23.mp3 HTTP/1.1" 206 3881988 "http://episodes.gitminutes.com/" "Mozilla/5.0 (Macintosh; Intel Mac OS X 10_9_0) AppleWebKit/537.36 (KHTML, like Gecko) Chrome/31.0.1650.63 Safari/537.36"
91.208.107.59 - - [06/Dec/2013:11:43:31 +0000] "GET /episodes/22.mp3 HTTP/1.1" 206 3909288 "http://episodes.gitminutes.com/" "Mozilla/5.0 (Macintosh; Intel Mac OS X 10_9_0) AppleWebKit/537.36 (KHTML, like Gecko) Chrome/31.0.1650.63 Safari/537.36"
91.208.107.59 - - [06/Dec/2013:11:43:31 +0000] "GET /episodes/25.mp3 HTTP/1.1" 206 3907988 "http://episodes.gitminutes.com/" "Mozilla/5.0 (Macintosh; Intel Mac OS X 10_9_0) AppleWebKit/537.36 (KHTML, like Gecko) Chrome/31.0.1650.63 Safari/537.36"
54.217.213.13 - - [06/Dec/2013:11:44:27 +0000] "GET /index.html HTTP/1.1" 200 204 "-" "Mozilla/5.0 IsItDown.no"
91.208.107.59 - - [06/Dec/2013:11:44:39 +0000] "GET /episodes/24.mp3 HTTP/1.1" 206 3863788 "http://episodes.gitminutes.com/" "Mozilla/5.0 (Macintosh; Intel Mac OS X 10_9_0) AppleWebKit/537.36 (KHTML, like Gecko) Chrome/31.0.1650.63 Safari/537.36"
91.208.107.59 - - [06/Dec/2013:11:44:39 +0000] "GET /episodes/26.mp3 HTTP/1.1" 206 3920988 "http://episodes.gitminutes.com/" "Mozilla/5.0 (Macintosh; Intel Mac OS X 10_9_0) AppleWebKit/537.36 (KHTML, like Gecko) Chrome/31.0.1650.63 Safari/537.36"
91.208.107.59 - - [06/Dec/2013:11:44:41 +0000] "GET /episodes/21.mp3 HTTP/1.1" 206 3849488 "http://episodes.gitminutes.com/" "Mozilla/5.0 (Macintosh; Intel Mac OS X 10_9_0) AppleWebKit/537.36 (KHTML, like Gecko) Chrome/31.0.1650.63 Safari/537.36"
91.208.107.59 - - [06/Dec/2013:11:44:41 +0000] "GET /episodes/25.mp3 HTTP/1.1" 206 3914488 "http://episodes.gitminutes.com/" "Mozilla/5.0 (Macintosh; Intel Mac OS X 10_9_0) AppleWebKit/537.36 (KHTML, like Gecko) Chrome/31.0.1650.63 Safari/537.36"
91.208.107.59 - - [06/Dec/2013:11:44:41 +0000] "GET /episodes/22.mp3 HTTP/1.1" 206 3923588 "http://episodes.gitminutes.com/" "Mozilla/5.0 (Macintosh; Intel Mac OS X 10_9_0) AppleWebKit/537.36 (KHTML, like Gecko) Chrome/31.0.1650.63 Safari/537.36"
91.208.107.59 - - [06/Dec/2013:11:44:41 +0000] "GET /episodes/23.mp3 HTTP/1.1" 206 3879388 "http://episodes.gitminutes.com/" "Mozilla/5.0 (Macintosh; Intel Mac OS X 10_9_0) AppleWebKit/537.36 (KHTML, like Gecko) Chrome/31.0.1650.63 Safari/537.36"
54.217.213.13 - - [06/Dec/2013:11:45:27 +0000] "GET /index.html HTTP/1.1" 200 204 "-" "Mozilla/5.0 IsItDown.no"
54.217.213.13 - - [06/Dec/2013:11:46:28 +0000] "GET /index.html HTTP/1.1" 200 204 "-" "Mozilla/5.0 IsItDown.no"
85.10.246.236 - - [06/Dec/2013:11:46:59 +0000] "HEAD /episodes/26.mp3 HTTP/1.1" 200 0 "-" "PritTorrent/1.0"
