54.217.213.13 - - [06/Dec/2013:15:10:37 +0000] "GET /index.html HTTP/1.1" 200 204 "-" "Mozilla/5.0 IsItDown.no"
54.217.213.13 - - [06/Dec/2013:15:11:37 +0000] "GET /index.html HTTP/1.1" 200 204 "-" "Mozilla/5.0 IsItDown.no"
54.217.213.13 - - [06/Dec/2013:15:12:37 +0000] "GET /index.html HTTP/1.1" 200 204 "-" "Mozilla/5.0 IsItDown.no"
66.238.172.50 - - [06/Dec/2013:15:13:03 +0000] "GET /episodes/25.mp3 HTTP/1.1" 206 155686 "http://episodes.gitminutes.com/" "Mozilla/5.0 (Windows NT 6.1; WOW64; rv:25.0) Gecko/20100101 Firefox/25.0"
66.238.172.50 - - [06/Dec/2013:15:13:03 +0000] "GET /episodes/26.mp3 HTTP/1.1" 206 157066 "http://episodes.gitminutes.com/" "Mozilla/5.0 (Windows NT 6.1; WOW64; rv:25.0) Gecko/20100101 Firefox/25.0"
66.238.172.50 - - [06/Dec/2013:15:13:03 +0000] "GET /episodes/20.mp3 HTTP/1.1" 206 137746 "http://episodes.gitminutes.com/" "Mozilla/5.0 (Windows NT 6.1; WOW64; rv:25.0) Gecko/20100101 Firefox/25.0"
66.238.172.50 - - [06/Dec/2013:15:13:03 +0000] "GET /episodes/24.mp3 HTTP/1.1" 206 119806 "http://episodes.gitminutes.com/" "Mozilla/5.0 (Windows NT 6.1; WOW64; rv:25.0) Gecko/20100101 Firefox/25.0"
66.238.172.50 - - [06/Dec/2013:15:13:04 +0000] "GET /episodes/21.mp3 HTTP/1.1" 206 175006 "http://episodes.gitminutes.com/" "Mozilla/5.0 (Windows NT 6.1; WOW64; rv:25.0) Gecko/20100101 Firefox/25.0"
66.238.172.50 - - [06/Dec/2013:15:13:04 +0000] "GET /episodes/23.mp3 HTTP/1.1" 206 163966 "http://episodes.gitminutes.com/" "Mozilla/5.0 (Windows NT 6.1; WOW64; rv:25.0) Gecko/20100101 Firefox/25.0"
54.217.213.13 - - [06/Dec/2013:15:13:37 +0000] "GET /index.html HTTP/1.1" 200 204 "-" "Mozilla/5.0 IsItDown.no"
66.238.172.50 - - [06/Dec/2013:15:13:59 +0000] "-" 400 0 "-" "-"
54.217.213.13 - - [06/Dec/2013:15:14:37 +0000] "GET /index.html HTTP/1.1" 200 204 "-" "Mozilla/5.0 IsItDown.no"
54.217.213.13 - - [06/Dec/2013:15:15:37 +0000] "GET /index.html HTTP/1.1" 200 204 "-" "Mozilla/5.0 IsItDown.no"
66.238.172.50 - - [06/Dec/2013:15:15:42 +0000] "GET /episodes/26.mp3 HTTP/1.1" 206 30872234 "http://episodes.gitminutes.com/" "Mozilla/5.0 (Windows NT 6.1; WOW64; rv:25.0) Gecko/20100101 Firefox/25.0"
54.217.213.13 - - [06/Dec/2013:15:16:37 +0000] "GET /index.html HTTP/1.1" 200 204 "-" "Mozilla/5.0 IsItDown.no"
85.10.246.236 - - [06/Dec/2013:15:17:30 +0000] "HEAD /episodes/26.mp3 HTTP/1.1" 200 0 "-" "PritTorrent/1.0"
54.217.213.13 - - [06/Dec/2013:15:17:37 +0000] "GET /index.html HTTP/1.1" 200 204 "-" "Mozilla/5.0 IsItDown.no"
54.217.213.13 - - [06/Dec/2013:15:18:37 +0000] "GET /index.html HTTP/1.1" 200 204 "-" "Mozilla/5.0 IsItDown.no"
54.217.213.13 - - [06/Dec/2013:15:19:37 +0000] "GET /index.html HTTP/1.1" 200 204 "-" "Mozilla/5.0 IsItDown.no"
54.217.213.13 - - [06/Dec/2013:15:20:37 +0000] "GET /index.html HTTP/1.1" 200 204 "-" "Mozilla/5.0 IsItDown.no"
54.217.213.13 - - [06/Dec/2013:15:21:37 +0000] "GET /index.html HTTP/1.1" 200 204 "-" "Mozilla/5.0 IsItDown.no"
54.217.213.13 - - [06/Dec/2013:15:22:37 +0000] "GET /index.html HTTP/1.1" 200 204 "-" "Mozilla/5.0 IsItDown.no"
166.137.209.38 - - [06/Dec/2013:15:22:49 +0000] "GET /episodes/14.mp3 HTTP/1.1" 206 2 "-" "AppleCoreMedia/1.0.0.11B554a (iPhone; U; CPU OS 7_0_4 like Mac OS X; en_us)"
166.137.209.38 - - [06/Dec/2013:15:22:52 +0000] "GET /episodes/14.mp3 HTTP/1.1" 206 720850 "-" "AppleCoreMedia/1.0.0.11B554a (iPhone; U; CPU OS 7_0_4 like Mac OS X; en_us)"
166.137.209.38 - - [06/Dec/2013:15:23:22 +0000] "GET /episodes/03.mp3 HTTP/1.1" 206 2 "-" "AppleCoreMedia/1.0.0.11B554a (iPhone; U; CPU OS 7_0_4 like Mac OS X; en_us)"
166.137.209.38 - - [06/Dec/2013:15:23:25 +0000] "GET /episodes/03.mp3 HTTP/1.1" 206 587634 "-" "AppleCoreMedia/1.0.0.11B554a (iPhone; U; CPU OS 7_0_4 like Mac OS X; en_us)"
166.137.209.38 - - [06/Dec/2013:15:23:30 +0000] "GET /episodes/03.mp3 HTTP/1.1" 206 2 "-" "AppleCoreMedia/1.0.0.11B554a (iPhone; U; CPU OS 7_0_4 like Mac OS X; en_us)"
54.217.213.13 - - [06/Dec/2013:15:23:37 +0000] "GET /index.html HTTP/1.1" 200 204 "-" "Mozilla/5.0 IsItDown.no"
66.238.172.50 - - [06/Dec/2013:15:24:17 +0000] "GET /episodes/26.mp3 HTTP/1.1" 200 30960300 "http://episodes.gitminutes.com/" "Mozilla/5.0 (Windows NT 6.1; WOW64; rv:25.0) Gecko/20100101 Firefox/25.0"
24.5.45.83 - - [06/Dec/2013:15:24:22 +0000] "HEAD /episodes/26.mp3 HTTP/1.1" 200 0 "-" "itunesstored/1.0 iOS/7.0.4 model/iPhone6,1 (6; dt:89)"
24.5.45.83 - - [06/Dec/2013:15:24:23 +0000] "GET /episodes/26.mp3 HTTP/1.1" 206 2 "-" "AppleCoreMedia/1.0.0.11B554a (iPhone; U; CPU OS 7_0_4 like Mac OS X; en_us)"
54.217.213.13 - - [06/Dec/2013:15:24:37 +0000] "GET /index.html HTTP/1.1" 200 204 "-" "Mozilla/5.0 IsItDown.no"
166.137.209.38 - - [06/Dec/2013:15:24:46 +0000] "GET /episodes/03.mp3 HTTP/1.1" 206 4423386 "-" "AppleCoreMedia/1.0.0.11B554a (iPhone; U; CPU OS 7_0_4 like Mac OS X; en_us)"
54.217.213.13 - - [06/Dec/2013:15:25:37 +0000] "GET /index.html HTTP/1.1" 200 204 "-" "Mozilla/5.0 IsItDown.no"
54.217.213.13 - - [06/Dec/2013:15:26:37 +0000] "GET /index.html HTTP/1.1" 200 204 "-" "Mozilla/5.0 IsItDown.no"
54.217.213.13 - - [06/Dec/2013:15:27:37 +0000] "GET /index.html HTTP/1.1" 200 204 "-" "Mozilla/5.0 IsItDown.no"
54.217.213.13 - - [06/Dec/2013:15:28:37 +0000] "GET /index.html HTTP/1.1" 200 204 "-" "Mozilla/5.0 IsItDown.no"
54.217.213.13 - - [06/Dec/2013:15:29:37 +0000] "GET /index.html HTTP/1.1" 200 204 "-" "Mozilla/5.0 IsItDown.no"
166.137.209.38 - - [06/Dec/2013:15:30:28 +0000] "GET /episodes/03.mp3 HTTP/1.1" 206 22472107 "-" "AppleCoreMedia/1.0.0.11B554a (iPhone; U; CPU OS 7_0_4 like Mac OS X; en_us)"
54.217.213.13 - - [06/Dec/2013:15:30:37 +0000] "GET /index.html HTTP/1.1" 200 204 "-" "Mozilla/5.0 IsItDown.no"
54.217.213.13 - - [06/Dec/2013:15:31:37 +0000] "GET /index.html HTTP/1.1" 200 204 "-" "Mozilla/5.0 IsItDown.no"
85.10.246.236 - - [06/Dec/2013:15:32:30 +0000] "HEAD /episodes/26.mp3 HTTP/1.1" 200 0 "-" "PritTorrent/1.0"
54.217.213.13 - - [06/Dec/2013:15:32:38 +0000] "GET /index.html HTTP/1.1" 200 204 "-" "Mozilla/5.0 IsItDown.no"
24.5.45.83 - - [06/Dec/2013:15:32:51 +0000] "GET /episodes/26.mp3 HTTP/1.1" 206 30960300 "-" "AppleCoreMedia/1.0.0.11B554a (iPhone; U; CPU OS 7_0_4 like Mac OS X; en_us)"
54.217.213.13 - - [06/Dec/2013:15:33:38 +0000] "GET /index.html HTTP/1.1" 200 204 "-" "Mozilla/5.0 IsItDown.no"
54.217.213.13 - - [06/Dec/2013:15:34:38 +0000] "GET /index.html HTTP/1.1" 200 204 "-" "Mozilla/5.0 IsItDown.no"
54.217.213.13 - - [06/Dec/2013:15:35:38 +0000] "GET /index.html HTTP/1.1" 200 204 "-" "Mozilla/5.0 IsItDown.no"
216.130.192.6 - - [06/Dec/2013:15:35:56 +0000] "GET /episodes/15.mp3 HTTP/1.1" 206 394327 "-" "iTunes/10.7 Downcast/2.8.13.1001"
54.217.213.13 - - [06/Dec/2013:15:36:38 +0000] "GET /index.html HTTP/1.1" 200 204 "-" "Mozilla/5.0 IsItDown.no"
54.217.213.13 - - [06/Dec/2013:15:37:38 +0000] "GET /index.html HTTP/1.1" 200 204 "-" "Mozilla/5.0 IsItDown.no"
216.130.192.6 - - [06/Dec/2013:15:37:50 +0000] "GET /episodes/16.mp3 HTTP/1.1" 206 14442500 "-" "iTunes/10.7 Downcast/2.8.13.1001"
54.217.213.13 - - [06/Dec/2013:15:38:38 +0000] "GET /index.html HTTP/1.1" 200 204 "-" "Mozilla/5.0 IsItDown.no"
216.130.192.6 - - [06/Dec/2013:15:39:22 +0000] "GET /episodes/17.mp3 HTTP/1.1" 200 18484947 "-" "iTunes/10.7 Downcast/2.8.13.1001"
216.130.192.6 - - [06/Dec/2013:15:39:22 +0000] "GET /episodes/18.mp3 HTTP/1.1" 200 5638291 "-" "iTunes/10.7 Downcast/2.8.13.1001"
54.217.213.13 - - [06/Dec/2013:15:39:38 +0000] "GET /index.html HTTP/1.1" 200 204 "-" "Mozilla/5.0 IsItDown.no"
54.217.213.13 - - [06/Dec/2013:15:40:38 +0000] "GET /index.html HTTP/1.1" 200 204 "-" "Mozilla/5.0 IsItDown.no"
54.217.213.13 - - [06/Dec/2013:15:41:38 +0000] "GET /index.html HTTP/1.1" 200 204 "-" "Mozilla/5.0 IsItDown.no"
54.217.213.13 - - [06/Dec/2013:15:42:38 +0000] "GET /index.html HTTP/1.1" 200 204 "-" "Mozilla/5.0 IsItDown.no"
54.217.213.13 - - [06/Dec/2013:15:43:38 +0000] "GET /index.html HTTP/1.1" 200 204 "-" "Mozilla/5.0 IsItDown.no"
54.217.213.13 - - [06/Dec/2013:15:44:38 +0000] "GET /index.html HTTP/1.1" 200 204 "-" "Mozilla/5.0 IsItDown.no"
216.130.192.6 - - [06/Dec/2013:15:44:39 +0000] "GET /episodes/17.mp3 HTTP/1.1" 206 2648131 "-" "iTunes/10.7 Downcast/2.8.13.1001"
216.130.192.6 - - [06/Dec/2013:15:44:39 +0000] "GET /episodes/18.mp3 HTTP/1.1" 206 3050676 "-" "iTunes/10.7 Downcast/2.8.13.1001"
54.217.213.13 - - [06/Dec/2013:15:45:38 +0000] "GET /index.html HTTP/1.1" 200 204 "-" "Mozilla/5.0 IsItDown.no"
109.231.195.200 - - [06/Dec/2013:15:46:28 +0000] "-" 400 0 "-" "-"
54.217.213.13 - - [06/Dec/2013:15:46:38 +0000] "GET /index.html HTTP/1.1" 200 204 "-" "Mozilla/5.0 IsItDown.no"
85.10.246.236 - - [06/Dec/2013:15:47:31 +0000] "HEAD /episodes/26.mp3 HTTP/1.1" 200 0 "-" "PritTorrent/1.0"
54.217.213.13 - - [06/Dec/2013:15:47:38 +0000] "GET /index.html HTTP/1.1" 200 204 "-" "Mozilla/5.0 IsItDown.no"
54.217.213.13 - - [06/Dec/2013:15:48:38 +0000] "GET /index.html HTTP/1.1" 200 204 "-" "Mozilla/5.0 IsItDown.no"
54.217.213.13 - - [06/Dec/2013:15:49:38 +0000] "GET /index.html HTTP/1.1" 200 204 "-" "Mozilla/5.0 IsItDown.no"
54.217.213.13 - - [06/Dec/2013:15:50:38 +0000] "GET /index.html HTTP/1.1" 200 204 "-" "Mozilla/5.0 IsItDown.no"
110.4.27.220 - - [06/Dec/2013:15:51:37 +0000] "GET /episodes/26.mp3 HTTP/1.1" 200 30960300 "-" "git-annex/4.20131106"
54.217.213.13 - - [06/Dec/2013:15:51:38 +0000] "GET /index.html HTTP/1.1" 200 204 "-" "Mozilla/5.0 IsItDown.no"
54.217.213.13 - - [06/Dec/2013:15:52:38 +0000] "GET /index.html HTTP/1.1" 200 204 "-" "Mozilla/5.0 IsItDown.no"
54.217.213.13 - - [06/Dec/2013:15:53:38 +0000] "GET /index.html HTTP/1.1" 200 204 "-" "Mozilla/5.0 IsItDown.no"
54.217.213.13 - - [06/Dec/2013:15:54:39 +0000] "GET /index.html HTTP/1.1" 200 204 "-" "Mozilla/5.0 IsItDown.no"
54.217.213.13 - - [06/Dec/2013:15:55:39 +0000] "GET /index.html HTTP/1.1" 200 204 "-" "Mozilla/5.0 IsItDown.no"
54.217.213.13 - - [06/Dec/2013:15:56:39 +0000] "GET /index.html HTTP/1.1" 200 204 "-" "Mozilla/5.0 IsItDown.no"
54.217.213.13 - - [06/Dec/2013:15:57:39 +0000] "GET /index.html HTTP/1.1" 200 204 "-" "Mozilla/5.0 IsItDown.no"
54.217.213.13 - - [06/Dec/2013:15:58:39 +0000] "GET /index.html HTTP/1.1" 200 204 "-" "Mozilla/5.0 IsItDown.no"
54.217.213.13 - - [06/Dec/2013:15:59:39 +0000] "GET /index.html HTTP/1.1" 200 204 "-" "Mozilla/5.0 IsItDown.no"
54.217.213.13 - - [06/Dec/2013:16:00:39 +0000] "GET /index.html HTTP/1.1" 200 204 "-" "Mozilla/5.0 IsItDown.no"
54.217.213.13 - - [06/Dec/2013:16:01:39 +0000] "GET /index.html HTTP/1.1" 200 204 "-" "Mozilla/5.0 IsItDown.no"
85.10.246.236 - - [06/Dec/2013:16:02:37 +0000] "HEAD /episodes/26.mp3 HTTP/1.1" 200 0 "-" "PritTorrent/1.0"
54.217.213.13 - - [06/Dec/2013:16:02:39 +0000] "GET /index.html HTTP/1.1" 200 204 "-" "Mozilla/5.0 IsItDown.no"
54.217.213.13 - - [06/Dec/2013:16:03:39 +0000] "GET /index.html HTTP/1.1" 200 204 "-" "Mozilla/5.0 IsItDown.no"
54.217.213.13 - - [06/Dec/2013:16:04:39 +0000] "GET /index.html HTTP/1.1" 200 204 "-" "Mozilla/5.0 IsItDown.no"
54.217.213.13 - - [06/Dec/2013:16:05:39 +0000] "GET /index.html HTTP/1.1" 200 204 "-" "Mozilla/5.0 IsItDown.no"
216.130.192.1 - - [06/Dec/2013:16:06:02 +0000] "GET /episodes/23.mp3 HTTP/1.1" 200 12687160 "-" "iTunes/11.1.3 (Macintosh; OS X 10.9) AppleWebKit/537.71"
54.217.213.13 - - [06/Dec/2013:16:06:39 +0000] "GET /index.html HTTP/1.1" 200 204 "-" "Mozilla/5.0 IsItDown.no"
54.217.213.13 - - [06/Dec/2013:16:07:39 +0000] "GET /index.html HTTP/1.1" 200 204 "-" "Mozilla/5.0 IsItDown.no"
54.217.213.13 - - [06/Dec/2013:16:08:39 +0000] "GET /index.html HTTP/1.1" 200 204 "-" "Mozilla/5.0 IsItDown.no"
54.217.213.13 - - [06/Dec/2013:16:09:39 +0000] "GET /index.html HTTP/1.1" 200 204 "-" "Mozilla/5.0 IsItDown.no"
54.217.213.13 - - [06/Dec/2013:16:10:39 +0000] "GET /index.html HTTP/1.1" 200 204 "-" "Mozilla/5.0 IsItDown.no"
123.125.67.242 - - [06/Dec/2013:16:10:48 +0000] "GET /episodes/10.mp3 HTTP/1.0" 200 30444 "-" "NSPlayer/10.0.0.4072 WMFSDK/10.0"
54.217.213.13 - - [06/Dec/2013:16:11:39 +0000] "GET /index.html HTTP/1.1" 200 204 "-" "Mozilla/5.0 IsItDown.no"
54.217.213.13 - - [06/Dec/2013:16:12:39 +0000] "GET /index.html HTTP/1.1" 200 204 "-" "Mozilla/5.0 IsItDown.no"
54.217.213.13 - - [06/Dec/2013:16:13:39 +0000] "GET /index.html HTTP/1.1" 200 204 "-" "Mozilla/5.0 IsItDown.no"
180.76.5.177 - - [06/Dec/2013:16:14:35 +0000] "GET / HTTP/1.1" 200 204 "-" "Mozilla/5.0 (compatible; Baiduspider/2.0; +http://www.baidu.com/search/spider.html)"
54.217.213.13 - - [06/Dec/2013:16:14:39 +0000] "GET /index.html HTTP/1.1" 200 204 "-" "Mozilla/5.0 IsItDown.no"
54.217.213.13 - - [06/Dec/2013:16:15:39 +0000] "GET /index.html HTTP/1.1" 200 204 "-" "Mozilla/5.0 IsItDown.no"
54.217.213.13 - - [06/Dec/2013:16:16:40 +0000] "GET /index.html HTTP/1.1" 200 204 "-" "Mozilla/5.0 IsItDown.no"
108.29.37.118 - - [06/Dec/2013:16:17:20 +0000] "GET /episodes/15.mp3 HTTP/1.1" 304 0 "http://episodes.gitminutes.com/search?updated-max=2013-07-22T07:31:00%2B02:00&max-results=7" "Mozilla/5.0 (X11; Linux x86_64) AppleWebKit/537.36 (KHTML, like Gecko) Chrome/31.0.1650.63 Safari/537.36"
108.29.37.118 - - [06/Dec/2013:16:17:20 +0000] "GET /episodes/16.mp3 HTTP/1.1" 304 0 "http://episodes.gitminutes.com/search?updated-max=2013-07-22T07:31:00%2B02:00&max-results=7" "Mozilla/5.0 (X11; Linux x86_64) AppleWebKit/537.36 (KHTML, like Gecko) Chrome/31.0.1650.63 Safari/537.36"
108.29.37.118 - - [06/Dec/2013:16:17:20 +0000] "GET /episodes/13.mp3 HTTP/1.1" 304 0 "http://episodes.gitminutes.com/search?updated-max=2013-07-22T07:31:00%2B02:00&max-results=7" "Mozilla/5.0 (X11; Linux x86_64) AppleWebKit/537.36 (KHTML, like Gecko) Chrome/31.0.1650.63 Safari/537.36"
108.29.37.118 - - [06/Dec/2013:16:17:20 +0000] "GET /episodes/14.mp3 HTTP/1.1" 304 0 "http://episodes.gitminutes.com/search?updated-max=2013-07-22T07:31:00%2B02:00&max-results=7" "Mozilla/5.0 (X11; Linux x86_64) AppleWebKit/537.36 (KHTML, like Gecko) Chrome/31.0.1650.63 Safari/537.36"
108.29.37.118 - - [06/Dec/2013:16:17:20 +0000] "GET /episodes/11.mp3 HTTP/1.1" 304 0 "http://episodes.gitminutes.com/search?updated-max=2013-07-22T07:31:00%2B02:00&max-results=7" "Mozilla/5.0 (X11; Linux x86_64) AppleWebKit/537.36 (KHTML, like Gecko) Chrome/31.0.1650.63 Safari/537.36"
108.29.37.118 - - [06/Dec/2013:16:17:20 +0000] "GET /episodes/12.mp3 HTTP/1.1" 304 0 "http://episodes.gitminutes.com/search?updated-max=2013-07-22T07:31:00%2B02:00&max-results=7" "Mozilla/5.0 (X11; Linux x86_64) AppleWebKit/537.36 (KHTML, like Gecko) Chrome/31.0.1650.63 Safari/537.36"
108.29.37.118 - - [06/Dec/2013:16:17:20 +0000] "GET /episodes/10.mp3 HTTP/1.1" 304 0 "http://episodes.gitminutes.com/search?updated-max=2013-07-22T07:31:00%2B02:00&max-results=7" "Mozilla/5.0 (X11; Linux x86_64) AppleWebKit/537.36 (KHTML, like Gecko) Chrome/31.0.1650.63 Safari/537.36"
85.10.246.236 - - [06/Dec/2013:16:17:39 +0000] "HEAD /episodes/26.mp3 HTTP/1.1" 200 0 "-" "PritTorrent/1.0"
54.217.213.13 - - [06/Dec/2013:16:17:40 +0000] "GET /index.html HTTP/1.1" 200 204 "-" "Mozilla/5.0 IsItDown.no"
216.130.192.6 - - [06/Dec/2013:16:17:41 +0000] "GET /episodes/17.mp3 HTTP/1.1" 206 14933921 "-" "iTunes/10.7 Downcast/2.8.13.1001"
216.130.192.6 - - [06/Dec/2013:16:18:04 +0000] "GET /episodes/18.mp3 HTTP/1.1" 206 17781180 "-" "iTunes/10.7 Downcast/2.8.13.1001"
216.130.192.6 - - [06/Dec/2013:16:18:04 +0000] "GET /episodes/19.mp3 HTTP/1.1" 200 2665547 "-" "iTunes/10.7 Downcast/2.8.13.1001"
54.217.213.13 - - [06/Dec/2013:16:18:40 +0000] "GET /index.html HTTP/1.1" 200 204 "-" "Mozilla/5.0 IsItDown.no"
54.217.213.13 - - [06/Dec/2013:16:19:40 +0000] "GET /index.html HTTP/1.1" 200 204 "-" "Mozilla/5.0 IsItDown.no"
220.181.51.218 - - [06/Dec/2013:16:20:32 +0000] "GET /episodes/01.mp3 HTTP/1.0" 200 30444 "-" "NSPlayer/10.0.0.4072 WMFSDK/10.0"
54.217.213.13 - - [06/Dec/2013:16:20:40 +0000] "GET /index.html HTTP/1.1" 200 204 "-" "Mozilla/5.0 IsItDown.no"
54.217.213.13 - - [06/Dec/2013:16:21:40 +0000] "GET /index.html HTTP/1.1" 200 204 "-" "Mozilla/5.0 IsItDown.no"
54.217.213.13 - - [06/Dec/2013:16:22:40 +0000] "GET /index.html HTTP/1.1" 200 204 "-" "Mozilla/5.0 IsItDown.no"
123.125.67.180 - - [06/Dec/2013:16:22:41 +0000] "GET /episodes/08.mp3 HTTP/1.0" 200 30444 "-" "NSPlayer/10.0.0.4072 WMFSDK/10.0"
216.130.192.6 - - [06/Dec/2013:16:22:56 +0000] "GET /episodes/18.mp3 HTTP/1.1" 206 726918 "-" "iTunes/10.7 Downcast/2.8.13.1001"
216.130.192.6 - - [06/Dec/2013:16:23:19 +0000] "GET /episodes/19.mp3 HTTP/1.1" 206 2277444 "-" "iTunes/10.7 Downcast/2.8.13.1001"
216.130.192.6 - - [06/Dec/2013:16:23:19 +0000] "GET /episodes/20.mp3 HTTP/1.1" 200 1724347 "-" "iTunes/10.7 Downcast/2.8.13.1001"
54.217.213.13 - - [06/Dec/2013:16:23:40 +0000] "GET /index.html HTTP/1.1" 200 204 "-" "Mozilla/5.0 IsItDown.no"
54.217.213.13 - - [06/Dec/2013:16:24:40 +0000] "GET /index.html HTTP/1.1" 200 204 "-" "Mozilla/5.0 IsItDown.no"
54.217.213.13 - - [06/Dec/2013:16:25:40 +0000] "GET /index.html HTTP/1.1" 200 204 "-" "Mozilla/5.0 IsItDown.no"
54.217.213.13 - - [06/Dec/2013:16:26:40 +0000] "GET /index.html HTTP/1.1" 200 204 "-" "Mozilla/5.0 IsItDown.no"
54.217.213.13 - - [06/Dec/2013:16:27:40 +0000] "GET /index.html HTTP/1.1" 200 204 "-" "Mozilla/5.0 IsItDown.no"
54.217.213.13 - - [06/Dec/2013:16:28:40 +0000] "GET /index.html HTTP/1.1" 200 204 "-" "Mozilla/5.0 IsItDown.no"
123.125.71.149 - - [06/Dec/2013:16:28:41 +0000] "GET /episodes/17.mp3 HTTP/1.0" 200 30444 "-" "NSPlayer/10.0.0.4072 WMFSDK/10.0"
54.217.213.13 - - [06/Dec/2013:16:29:40 +0000] "GET /index.html HTTP/1.1" 200 204 "-" "Mozilla/5.0 IsItDown.no"
54.217.213.13 - - [06/Dec/2013:16:30:40 +0000] "GET /index.html HTTP/1.1" 200 204 "-" "Mozilla/5.0 IsItDown.no"
54.217.213.13 - - [06/Dec/2013:16:31:40 +0000] "GET /index.html HTTP/1.1" 200 204 "-" "Mozilla/5.0 IsItDown.no"
54.217.213.13 - - [06/Dec/2013:16:32:40 +0000] "GET /index.html HTTP/1.1" 200 204 "-" "Mozilla/5.0 IsItDown.no"
85.10.246.236 - - [06/Dec/2013:16:32:41 +0000] "HEAD /episodes/26.mp3 HTTP/1.1" 200 0 "-" "PritTorrent/1.0"
123.125.67.243 - - [06/Dec/2013:16:33:09 +0000] "HEAD /episodes/18.mp3 HTTP/1.0" 200 0 "-" "NSPlayer/10.0.0.4072 WMFSDK/10.0"
220.181.51.219 - - [06/Dec/2013:16:33:12 +0000] "GET /episodes/10.mp3 HTTP/1.0" 200 30444 "-" "NSPlayer/10.0.0.4072 WMFSDK/10.0"
54.217.213.13 - - [06/Dec/2013:16:33:40 +0000] "GET /index.html HTTP/1.1" 200 204 "-" "Mozilla/5.0 IsItDown.no"
54.217.213.13 - - [06/Dec/2013:16:34:40 +0000] "GET /index.html HTTP/1.1" 200 204 "-" "Mozilla/5.0 IsItDown.no"
123.125.71.149 - - [06/Dec/2013:16:35:21 +0000] "HEAD /episodes/19.mp3 HTTP/1.0" 200 0 "-" "NSPlayer/10.0.0.4072 WMFSDK/10.0"
54.217.213.13 - - [06/Dec/2013:16:35:40 +0000] "GET /index.html HTTP/1.1" 200 204 "-" "Mozilla/5.0 IsItDown.no"
54.217.213.13 - - [06/Dec/2013:16:36:40 +0000] "GET /index.html HTTP/1.1" 200 204 "-" "Mozilla/5.0 IsItDown.no"
54.217.213.13 - - [06/Dec/2013:16:37:40 +0000] "GET /index.html HTTP/1.1" 200 204 "-" "Mozilla/5.0 IsItDown.no"
54.217.213.13 - - [06/Dec/2013:16:38:40 +0000] "GET /index.html HTTP/1.1" 200 204 "-" "Mozilla/5.0 IsItDown.no"
54.217.213.13 - - [06/Dec/2013:16:39:41 +0000] "GET /index.html HTTP/1.1" 200 204 "-" "Mozilla/5.0 IsItDown.no"
220.181.51.218 - - [06/Dec/2013:16:40:28 +0000] "GET /episodes/12.mp3 HTTP/1.0" 200 30444 "-" "NSPlayer/10.0.0.4072 WMFSDK/10.0"
54.217.213.13 - - [06/Dec/2013:16:40:41 +0000] "GET /index.html HTTP/1.1" 200 204 "-" "Mozilla/5.0 IsItDown.no"
216.130.192.6 - - [06/Dec/2013:16:41:39 +0000] "GET /episodes/19.mp3 HTTP/1.1" 206 2326676 "-" "iTunes/10.7 Downcast/2.8.13.1001"
216.130.192.6 - - [06/Dec/2013:16:41:39 +0000] "GET /episodes/20.mp3 HTTP/1.1" 206 2081964 "-" "iTunes/10.7 Downcast/2.8.13.1001"
54.217.213.13 - - [06/Dec/2013:16:41:41 +0000] "GET /index.html HTTP/1.1" 200 204 "-" "Mozilla/5.0 IsItDown.no"
54.217.213.13 - - [06/Dec/2013:16:42:41 +0000] "GET /index.html HTTP/1.1" 200 204 "-" "Mozilla/5.0 IsItDown.no"
54.217.213.13 - - [06/Dec/2013:16:43:41 +0000] "GET /index.html HTTP/1.1" 200 204 "-" "Mozilla/5.0 IsItDown.no"
54.217.213.13 - - [06/Dec/2013:16:44:41 +0000] "GET /index.html HTTP/1.1" 200 204 "-" "Mozilla/5.0 IsItDown.no"
220.181.51.220 - - [06/Dec/2013:16:45:19 +0000] "HEAD /episodes/13.mp3 HTTP/1.0" 200 0 "-" "NSPlayer/10.0.0.4072 WMFSDK/10.0"
54.217.213.13 - - [06/Dec/2013:16:45:41 +0000] "GET /index.html HTTP/1.1" 200 204 "-" "Mozilla/5.0 IsItDown.no"
54.217.213.13 - - [06/Dec/2013:16:46:41 +0000] "GET /index.html HTTP/1.1" 200 204 "-" "Mozilla/5.0 IsItDown.no"
54.217.213.13 - - [06/Dec/2013:16:47:41 +0000] "GET /index.html HTTP/1.1" 200 204 "-" "Mozilla/5.0 IsItDown.no"
85.10.246.236 - - [06/Dec/2013:16:47:42 +0000] "HEAD /episodes/26.mp3 HTTP/1.1" 200 0 "-" "PritTorrent/1.0"
220.181.51.217 - - [06/Dec/2013:16:48:25 +0000] "HEAD /episodes/14.mp3 HTTP/1.0" 200 0 "-" "NSPlayer/10.0.0.4072 WMFSDK/10.0"
54.217.213.13 - - [06/Dec/2013:16:48:41 +0000] "GET /index.html HTTP/1.1" 200 204 "-" "Mozilla/5.0 IsItDown.no"
54.217.213.13 - - [06/Dec/2013:16:49:41 +0000] "GET /index.html HTTP/1.1" 200 204 "-" "Mozilla/5.0 IsItDown.no"
54.217.213.13 - - [06/Dec/2013:16:50:41 +0000] "GET /index.html HTTP/1.1" 200 204 "-" "Mozilla/5.0 IsItDown.no"
220.181.51.219 - - [06/Dec/2013:16:51:09 +0000] "HEAD /episodes/15.mp3 HTTP/1.0" 200 0 "-" "NSPlayer/10.0.0.4072 WMFSDK/10.0"
54.217.213.13 - - [06/Dec/2013:16:51:41 +0000] "GET /index.html HTTP/1.1" 200 204 "-" "Mozilla/5.0 IsItDown.no"
54.217.213.13 - - [06/Dec/2013:16:52:41 +0000] "GET /index.html HTTP/1.1" 200 204 "-" "Mozilla/5.0 IsItDown.no"
220.181.51.220 - - [06/Dec/2013:16:53:27 +0000] "HEAD /episodes/16.mp3 HTTP/1.0" 200 0 "-" "NSPlayer/10.0.0.4072 WMFSDK/10.0"
54.217.213.13 - - [06/Dec/2013:16:53:41 +0000] "GET /index.html HTTP/1.1" 200 204 "-" "Mozilla/5.0 IsItDown.no"
54.217.213.13 - - [06/Dec/2013:16:54:41 +0000] "GET /index.html HTTP/1.1" 200 204 "-" "Mozilla/5.0 IsItDown.no"
216.130.192.6 - - [06/Dec/2013:16:55:19 +0000] "GET /episodes/19.mp3 HTTP/1.1" 206 2168844 "-" "iTunes/10.7 Downcast/2.8.13.1001"
216.130.192.6 - - [06/Dec/2013:16:55:19 +0000] "GET /episodes/20.mp3 HTTP/1.1" 206 2150020 "-" "iTunes/10.7 Downcast/2.8.13.1001"
220.181.51.217 - - [06/Dec/2013:16:55:29 +0000] "HEAD /episodes/08.mp3 HTTP/1.0" 200 0 "-" "NSPlayer/10.0.0.4072 WMFSDK/10.0"
54.217.213.13 - - [06/Dec/2013:16:55:41 +0000] "GET /index.html HTTP/1.1" 200 204 "-" "Mozilla/5.0 IsItDown.no"
54.217.213.13 - - [06/Dec/2013:16:56:41 +0000] "GET /index.html HTTP/1.1" 200 204 "-" "Mozilla/5.0 IsItDown.no"
220.181.51.218 - - [06/Dec/2013:16:57:09 +0000] "HEAD /episodes/17.mp3 HTTP/1.0" 200 0 "-" "NSPlayer/10.0.0.4072 WMFSDK/10.0"
54.217.213.13 - - [06/Dec/2013:16:57:41 +0000] "GET /index.html HTTP/1.1" 200 204 "-" "Mozilla/5.0 IsItDown.no"
78.13.24.238 - - [06/Dec/2013:16:58:29 +0000] "GET /episodes/25.mp3 HTTP/1.1" 200 908717 "http://episodes.gitminutes.com/" "Mozilla/5.0 (X11; U; Unix; en-US) AppleWebKit/537.15 (KHTML, like Gecko) Chrome/24.0.1295.0 Safari/537.15"
78.13.24.238 - - [06/Dec/2013:16:58:31 +0000] "GET /episodes/24.mp3 HTTP/1.1" 200 951257 "http://episodes.gitminutes.com/" "Mozilla/5.0 (X11; U; Unix; en-US) AppleWebKit/537.15 (KHTML, like Gecko) Chrome/24.0.1295.0 Safari/537.15"
78.13.24.238 - - [06/Dec/2013:16:58:32 +0000] "GET /episodes/23.mp3 HTTP/1.1" 200 766917 "http://episodes.gitminutes.com/" "Mozilla/5.0 (X11; U; Unix; en-US) AppleWebKit/537.15 (KHTML, like Gecko) Chrome/24.0.1295.0 Safari/537.15"
78.13.24.238 - - [06/Dec/2013:16:58:32 +0000] "GET /episodes/26.mp3 HTTP/1.1" 200 738557 "http://episodes.gitminutes.com/" "Mozilla/5.0 (X11; U; Unix; en-US) AppleWebKit/537.15 (KHTML, like Gecko) Chrome/24.0.1295.0 Safari/537.15"
78.13.24.238 - - [06/Dec/2013:16:58:33 +0000] "GET /episodes/22.mp3 HTTP/1.1" 200 720123 "http://episodes.gitminutes.com/" "Mozilla/5.0 (X11; U; Unix; en-US) AppleWebKit/537.15 (KHTML, like Gecko) Chrome/24.0.1295.0 Safari/537.15"
54.217.213.13 - - [06/Dec/2013:16:58:41 +0000] "GET /index.html HTTP/1.1" 200 204 "-" "Mozilla/5.0 IsItDown.no"
220.181.51.217 - - [06/Dec/2013:16:58:45 +0000] "HEAD /episodes/18.mp3 HTTP/1.0" 200 0 "-" "NSPlayer/10.0.0.4072 WMFSDK/10.0"
54.217.213.13 - - [06/Dec/2013:16:59:41 +0000] "GET /index.html HTTP/1.1" 200 204 "-" "Mozilla/5.0 IsItDown.no"
220.181.51.217 - - [06/Dec/2013:16:59:56 +0000] "HEAD /episodes/19.mp3 HTTP/1.0" 200 0 "-" "NSPlayer/10.0.0.4072 WMFSDK/10.0"
54.217.213.13 - - [06/Dec/2013:17:00:41 +0000] "GET /index.html HTTP/1.1" 200 204 "-" "Mozilla/5.0 IsItDown.no"
54.217.213.13 - - [06/Dec/2013:17:01:41 +0000] "GET /index.html HTTP/1.1" 200 204 "-" "Mozilla/5.0 IsItDown.no"
54.217.213.13 - - [06/Dec/2013:17:02:41 +0000] "GET /index.html HTTP/1.1" 200 204 "-" "Mozilla/5.0 IsItDown.no"
85.10.246.236 - - [06/Dec/2013:17:02:44 +0000] "HEAD /episodes/26.mp3 HTTP/1.1" 200 0 "-" "PritTorrent/1.0"
54.217.213.13 - - [06/Dec/2013:17:03:41 +0000] "GET /index.html HTTP/1.1" 200 204 "-" "Mozilla/5.0 IsItDown.no"
216.130.192.6 - - [06/Dec/2013:17:04:41 +0000] "GET /episodes/19.mp3 HTTP/1.1" 206 3518380 "-" "iTunes/10.7 Downcast/2.8.13.1001"
216.130.192.6 - - [06/Dec/2013:17:04:41 +0000] "GET /episodes/20.mp3 HTTP/1.1" 206 2894292 "-" "iTunes/10.7 Downcast/2.8.13.1001"
54.217.213.13 - - [06/Dec/2013:17:04:42 +0000] "GET /index.html HTTP/1.1" 200 204 "-" "Mozilla/5.0 IsItDown.no"
54.217.213.13 - - [06/Dec/2013:17:05:42 +0000] "GET /index.html HTTP/1.1" 200 204 "-" "Mozilla/5.0 IsItDown.no"
54.217.213.13 - - [06/Dec/2013:17:06:42 +0000] "GET /index.html HTTP/1.1" 200 204 "-" "Mozilla/5.0 IsItDown.no"
77.97.195.128 - - [06/Dec/2013:17:06:46 +0000] "GET /episodes/26.mp3 HTTP/1.1" 200 30960300 "-" "Banshee/2.6.1 (http://banshee-project.org/)"
54.217.213.13 - - [06/Dec/2013:17:07:42 +0000] "GET /index.html HTTP/1.1" 200 204 "-" "Mozilla/5.0 IsItDown.no"
54.217.213.13 - - [06/Dec/2013:17:08:42 +0000] "GET /index.html HTTP/1.1" 200 204 "-" "Mozilla/5.0 IsItDown.no"
54.217.213.13 - - [06/Dec/2013:17:09:42 +0000] "GET /index.html HTTP/1.1" 200 204 "-" "Mozilla/5.0 IsItDown.no"
54.217.213.13 - - [06/Dec/2013:17:10:42 +0000] "GET /index.html HTTP/1.1" 200 204 "-" "Mozilla/5.0 IsItDown.no"
54.217.213.13 - - [06/Dec/2013:17:11:42 +0000] "GET /index.html HTTP/1.1" 200 204 "-" "Mozilla/5.0 IsItDown.no"
54.217.213.13 - - [06/Dec/2013:17:12:42 +0000] "GET /index.html HTTP/1.1" 200 204 "-" "Mozilla/5.0 IsItDown.no"
54.217.213.13 - - [06/Dec/2013:17:13:42 +0000] "GET /index.html HTTP/1.1" 200 204 "-" "Mozilla/5.0 IsItDown.no"
54.217.213.13 - - [06/Dec/2013:17:14:42 +0000] "GET /index.html HTTP/1.1" 200 204 "-" "Mozilla/5.0 IsItDown.no"
54.217.213.13 - - [06/Dec/2013:17:15:42 +0000] "GET /index.html HTTP/1.1" 200 204 "-" "Mozilla/5.0 IsItDown.no"
54.217.213.13 - - [06/Dec/2013:17:16:42 +0000] "GET /index.html HTTP/1.1" 200 204 "-" "Mozilla/5.0 IsItDown.no"
54.217.213.13 - - [06/Dec/2013:17:17:42 +0000] "GET /index.html HTTP/1.1" 200 204 "-" "Mozilla/5.0 IsItDown.no"
85.10.246.236 - - [06/Dec/2013:17:17:48 +0000] "HEAD /episodes/26.mp3 HTTP/1.1" 200 0 "-" "PritTorrent/1.0"
176.223.119.50 - - [06/Dec/2013:17:18:41 +0000] "GET / HTTP/1.0" 200 272 "-" "-"
54.217.213.13 - - [06/Dec/2013:17:18:42 +0000] "GET /index.html HTTP/1.1" 200 204 "-" "Mozilla/5.0 IsItDown.no"
54.217.213.13 - - [06/Dec/2013:17:19:42 +0000] "GET /index.html HTTP/1.1" 200 204 "-" "Mozilla/5.0 IsItDown.no"
54.217.213.13 - - [06/Dec/2013:17:20:42 +0000] "GET /index.html HTTP/1.1" 200 204 "-" "Mozilla/5.0 IsItDown.no"
54.217.213.13 - - [06/Dec/2013:17:21:42 +0000] "GET /index.html HTTP/1.1" 200 204 "-" "Mozilla/5.0 IsItDown.no"
54.217.213.13 - - [06/Dec/2013:17:22:42 +0000] "GET /index.html HTTP/1.1" 200 204 "-" "Mozilla/5.0 IsItDown.no"
54.217.213.13 - - [06/Dec/2013:17:23:42 +0000] "GET /index.html HTTP/1.1" 200 204 "-" "Mozilla/5.0 IsItDown.no"
54.217.213.13 - - [06/Dec/2013:17:24:42 +0000] "GET /index.html HTTP/1.1" 200 204 "-" "Mozilla/5.0 IsItDown.no"
54.217.213.13 - - [06/Dec/2013:17:25:42 +0000] "GET /index.html HTTP/1.1" 200 204 "-" "Mozilla/5.0 IsItDown.no"
54.217.213.13 - - [06/Dec/2013:17:26:43 +0000] "GET /index.html HTTP/1.1" 200 204 "-" "Mozilla/5.0 IsItDown.no"
54.217.213.13 - - [06/Dec/2013:17:27:43 +0000] "GET /index.html HTTP/1.1" 200 204 "-" "Mozilla/5.0 IsItDown.no"
54.217.213.13 - - [06/Dec/2013:17:28:43 +0000] "GET /index.html HTTP/1.1" 200 204 "-" "Mozilla/5.0 IsItDown.no"
54.217.213.13 - - [06/Dec/2013:17:29:43 +0000] "GET /index.html HTTP/1.1" 200 204 "-" "Mozilla/5.0 IsItDown.no"
54.217.213.13 - - [06/Dec/2013:17:30:43 +0000] "GET /index.html HTTP/1.1" 200 204 "-" "Mozilla/5.0 IsItDown.no"
216.130.192.6 - - [06/Dec/2013:17:31:00 +0000] "GET /episodes/19.mp3 HTTP/1.1" 206 2268755 "-" "iTunes/10.7 Downcast/2.8.13.1001"
216.130.192.6 - - [06/Dec/2013:17:31:00 +0000] "GET /episodes/20.mp3 HTTP/1.1" 206 2145676 "-" "iTunes/10.7 Downcast/2.8.13.1001"
54.217.213.13 - - [06/Dec/2013:17:31:43 +0000] "GET /index.html HTTP/1.1" 200 204 "-" "Mozilla/5.0 IsItDown.no"
54.217.213.13 - - [06/Dec/2013:17:32:43 +0000] "GET /index.html HTTP/1.1" 200 204 "-" "Mozilla/5.0 IsItDown.no"
85.10.246.236 - - [06/Dec/2013:17:32:48 +0000] "HEAD /episodes/26.mp3 HTTP/1.1" 200 0 "-" "PritTorrent/1.0"
54.217.213.13 - - [06/Dec/2013:17:33:43 +0000] "GET /index.html HTTP/1.1" 200 204 "-" "Mozilla/5.0 IsItDown.no"
54.217.213.13 - - [06/Dec/2013:17:34:43 +0000] "GET /index.html HTTP/1.1" 200 204 "-" "Mozilla/5.0 IsItDown.no"
54.217.213.13 - - [06/Dec/2013:17:35:43 +0000] "GET /index.html HTTP/1.1" 200 204 "-" "Mozilla/5.0 IsItDown.no"
54.217.213.13 - - [06/Dec/2013:17:36:43 +0000] "GET /index.html HTTP/1.1" 200 204 "-" "Mozilla/5.0 IsItDown.no"
176.223.119.50 - - [06/Dec/2013:17:37:19 +0000] "GET HTTP/1.1 HTTP/1.1" 400 172 "-" "-"
176.223.119.50 - - [06/Dec/2013:17:37:20 +0000] "GET / HTTP/1.1" 200 204 "-" "Mozilla/7.0 (compatible; MSIE 8.0; Windows Seven)"
176.223.119.50 - - [06/Dec/2013:17:37:20 +0000] "GET /MyAdmin/ HTTP/1.1" 200 204 "-" "Mozilla/7.0 (compatible; MSIE 8.0; Windows Seven)"
176.223.119.50 - - [06/Dec/2013:17:37:21 +0000] "GET /PHPMYADMIN/ HTTP/1.1" 200 204 "-" "Mozilla/7.0 (compatible; MSIE 8.0; Windows Seven)"
176.223.119.50 - - [06/Dec/2013:17:37:22 +0000] "GET /PMA/ HTTP/1.1" 200 204 "-" "Mozilla/7.0 (compatible; MSIE 8.0; Windows Seven)"
176.223.119.50 - - [06/Dec/2013:17:37:23 +0000] "GET /SQL/ HTTP/1.1" 200 204 "-" "Mozilla/7.0 (compatible; MSIE 8.0; Windows Seven)"
176.223.119.50 - - [06/Dec/2013:17:37:24 +0000] "GET /db/ HTTP/1.1" 200 204 "-" "Mozilla/7.0 (compatible; MSIE 8.0; Windows Seven)"
176.223.119.50 - - [06/Dec/2013:17:37:25 +0000] "GET /dbadmin/ HTTP/1.1" 200 204 "-" "Mozilla/7.0 (compatible; MSIE 8.0; Windows Seven)"
176.223.119.50 - - [06/Dec/2013:17:37:25 +0000] "GET /myadmin/ HTTP/1.1" 200 204 "-" "Mozilla/7.0 (compatible; MSIE 8.0; Windows Seven)"
176.223.119.50 - - [06/Dec/2013:17:37:26 +0000] "GET /mysqladmin/ HTTP/1.1" 200 204 "-" "Mozilla/7.0 (compatible; MSIE 8.0; Windows Seven)"
176.223.119.50 - - [06/Dec/2013:17:37:26 +0000] "GET /pHpMyAdMiN/ HTTP/1.1" 200 204 "-" "Mozilla/7.0 (compatible; MSIE 8.0; Windows Seven)"
176.223.119.50 - - [06/Dec/2013:17:37:27 +0000] "GET /pMA/ HTTP/1.1" 200 204 "-" "Mozilla/7.0 (compatible; MSIE 8.0; Windows Seven)"
176.223.119.50 - - [06/Dec/2013:17:37:28 +0000] "GET /phpAdmin/ HTTP/1.1" 200 204 "-" "Mozilla/7.0 (compatible; MSIE 8.0; Windows Seven)"
176.223.119.50 - - [06/Dec/2013:17:37:28 +0000] "GET /phpMyAdmin/ HTTP/1.1" 200 204 "-" "Mozilla/7.0 (compatible; MSIE 8.0; Windows Seven)"
176.223.119.50 - - [06/Dec/2013:17:37:30 +0000] "GET /phpmyadmin/ HTTP/1.1" 200 204 "-" "Mozilla/7.0 (compatible; MSIE 8.0; Windows Seven)"
176.223.119.50 - - [06/Dec/2013:17:37:31 +0000] "GET /pma/ HTTP/1.1" 200 204 "-" "Mozilla/7.0 (compatible; MSIE 8.0; Windows Seven)"
176.223.119.50 - - [06/Dec/2013:17:37:32 +0000] "GET /sql/ HTTP/1.1" 200 204 "-" "Mozilla/7.0 (compatible; MSIE 8.0; Windows Seven)"
176.223.119.50 - - [06/Dec/2013:17:37:33 +0000] "GET /mysql/ HTTP/1.1" 200 204 "-" "Mozilla/7.0 (compatible; MSIE 8.0; Windows Seven)"
176.223.119.50 - - [06/Dec/2013:17:37:35 +0000] "GET /mysqladmin/ HTTP/1.1" 200 204 "-" "Mozilla/7.0 (compatible; MSIE 8.0; Windows Seven)"
176.223.119.50 - - [06/Dec/2013:17:37:35 +0000] "GET /MySQLAdmin/ HTTP/1.1" 200 204 "-" "Mozilla/7.0 (compatible; MSIE 8.0; Windows Seven)"
54.217.213.13 - - [06/Dec/2013:17:37:43 +0000] "GET /index.html HTTP/1.1" 200 204 "-" "Mozilla/5.0 IsItDown.no"
54.217.213.13 - - [06/Dec/2013:17:38:43 +0000] "GET /index.html HTTP/1.1" 200 204 "-" "Mozilla/5.0 IsItDown.no"
54.217.213.13 - - [06/Dec/2013:17:39:43 +0000] "GET /index.html HTTP/1.1" 200 204 "-" "Mozilla/5.0 IsItDown.no"
54.217.213.13 - - [06/Dec/2013:17:40:43 +0000] "GET /index.html HTTP/1.1" 200 204 "-" "Mozilla/5.0 IsItDown.no"
54.217.213.13 - - [06/Dec/2013:17:41:43 +0000] "GET /index.html HTTP/1.1" 200 204 "-" "Mozilla/5.0 IsItDown.no"
54.217.213.13 - - [06/Dec/2013:17:42:43 +0000] "GET /index.html HTTP/1.1" 200 204 "-" "Mozilla/5.0 IsItDown.no"
54.217.213.13 - - [06/Dec/2013:17:43:43 +0000] "GET /index.html HTTP/1.1" 200 204 "-" "Mozilla/5.0 IsItDown.no"
54.217.213.13 - - [06/Dec/2013:17:44:43 +0000] "GET /index.html HTTP/1.1" 200 204 "-" "Mozilla/5.0 IsItDown.no"
54.217.213.13 - - [06/Dec/2013:17:45:43 +0000] "GET /index.html HTTP/1.1" 200 204 "-" "Mozilla/5.0 IsItDown.no"
54.217.213.13 - - [06/Dec/2013:17:46:43 +0000] "GET /index.html HTTP/1.1" 200 204 "-" "Mozilla/5.0 IsItDown.no"
54.217.213.13 - - [06/Dec/2013:17:47:44 +0000] "GET /index.html HTTP/1.1" 200 204 "-" "Mozilla/5.0 IsItDown.no"
85.10.246.236 - - [06/Dec/2013:17:48:16 +0000] "HEAD /episodes/26.mp3 HTTP/1.1" 200 0 "-" "PritTorrent/1.0"
54.217.213.13 - - [06/Dec/2013:17:48:44 +0000] "GET /index.html HTTP/1.1" 200 204 "-" "Mozilla/5.0 IsItDown.no"
54.217.213.13 - - [06/Dec/2013:17:49:44 +0000] "GET /index.html HTTP/1.1" 200 204 "-" "Mozilla/5.0 IsItDown.no"
54.217.213.13 - - [06/Dec/2013:17:50:44 +0000] "GET /index.html HTTP/1.1" 200 204 "-" "Mozilla/5.0 IsItDown.no"
54.217.213.13 - - [06/Dec/2013:17:51:44 +0000] "GET /index.html HTTP/1.1" 200 204 "-" "Mozilla/5.0 IsItDown.no"
12.32.90.76 - - [06/Dec/2013:17:52:28 +0000] "GET /episodes/26.mp3 HTTP/1.1" 200 30960300 "-" "iTunes/11.1.3 (Macintosh; OS X 10.9) AppleWebKit/537.71"
54.217.213.13 - - [06/Dec/2013:17:52:44 +0000] "GET /index.html HTTP/1.1" 200 204 "-" "Mozilla/5.0 IsItDown.no"
54.217.213.13 - - [06/Dec/2013:17:53:44 +0000] "GET /index.html HTTP/1.1" 200 204 "-" "Mozilla/5.0 IsItDown.no"
54.217.213.13 - - [06/Dec/2013:17:54:44 +0000] "GET /index.html HTTP/1.1" 200 204 "-" "Mozilla/5.0 IsItDown.no"
54.217.213.13 - - [06/Dec/2013:17:55:44 +0000] "GET /index.html HTTP/1.1" 200 204 "-" "Mozilla/5.0 IsItDown.no"
54.217.213.13 - - [06/Dec/2013:17:56:44 +0000] "GET /index.html HTTP/1.1" 200 204 "-" "Mozilla/5.0 IsItDown.no"
54.217.213.13 - - [06/Dec/2013:17:57:44 +0000] "GET /index.html HTTP/1.1" 200 204 "-" "Mozilla/5.0 IsItDown.no"
54.217.213.13 - - [06/Dec/2013:17:58:44 +0000] "GET /index.html HTTP/1.1" 200 204 "-" "Mozilla/5.0 IsItDown.no"
54.217.213.13 - - [06/Dec/2013:17:59:44 +0000] "GET /index.html HTTP/1.1" 200 204 "-" "Mozilla/5.0 IsItDown.no"
54.217.213.13 - - [06/Dec/2013:18:00:44 +0000] "GET /index.html HTTP/1.1" 200 204 "-" "Mozilla/5.0 IsItDown.no"
54.217.213.13 - - [06/Dec/2013:18:01:44 +0000] "GET /index.html HTTP/1.1" 200 204 "-" "Mozilla/5.0 IsItDown.no"
54.217.213.13 - - [06/Dec/2013:18:02:44 +0000] "GET /index.html HTTP/1.1" 200 204 "-" "Mozilla/5.0 IsItDown.no"
85.10.246.236 - - [06/Dec/2013:18:03:17 +0000] "HEAD /episodes/26.mp3 HTTP/1.1" 200 0 "-" "PritTorrent/1.0"
54.217.213.13 - - [06/Dec/2013:18:03:44 +0000] "GET /index.html HTTP/1.1" 200 204 "-" "Mozilla/5.0 IsItDown.no"
54.217.213.13 - - [06/Dec/2013:18:04:44 +0000] "GET /index.html HTTP/1.1" 200 204 "-" "Mozilla/5.0 IsItDown.no"
54.217.213.13 - - [06/Dec/2013:18:05:45 +0000] "GET /index.html HTTP/1.1" 200 204 "-" "Mozilla/5.0 IsItDown.no"
54.217.213.13 - - [06/Dec/2013:18:06:45 +0000] "GET /index.html HTTP/1.1" 200 204 "-" "Mozilla/5.0 IsItDown.no"
54.217.213.13 - - [06/Dec/2013:18:07:45 +0000] "GET /index.html HTTP/1.1" 200 204 "-" "Mozilla/5.0 IsItDown.no"
54.217.213.13 - - [06/Dec/2013:18:08:45 +0000] "GET /index.html HTTP/1.1" 200 204 "-" "Mozilla/5.0 IsItDown.no"
54.217.213.13 - - [06/Dec/2013:18:09:45 +0000] "GET /index.html HTTP/1.1" 200 204 "-" "Mozilla/5.0 IsItDown.no"
54.217.213.13 - - [06/Dec/2013:18:10:45 +0000] "GET /index.html HTTP/1.1" 200 204 "-" "Mozilla/5.0 IsItDown.no"
54.217.213.13 - - [06/Dec/2013:18:11:45 +0000] "GET /index.html HTTP/1.1" 200 204 "-" "Mozilla/5.0 IsItDown.no"
94.15.123.45 - - [06/Dec/2013:18:12:29 +0000] "GET /episodes/26.mp3 HTTP/1.1" 200 257523 "-" "Apache-HttpClient/UNAVAILABLE (java 1.4)"
54.217.213.13 - - [06/Dec/2013:18:12:45 +0000] "GET /index.html HTTP/1.1" 200 204 "-" "Mozilla/5.0 IsItDown.no"
54.217.213.13 - - [06/Dec/2013:18:13:45 +0000] "GET /index.html HTTP/1.1" 200 204 "-" "Mozilla/5.0 IsItDown.no"
54.217.213.13 - - [06/Dec/2013:18:14:45 +0000] "GET /index.html HTTP/1.1" 200 204 "-" "Mozilla/5.0 IsItDown.no"
54.217.213.13 - - [06/Dec/2013:18:15:45 +0000] "GET /index.html HTTP/1.1" 200 204 "-" "Mozilla/5.0 IsItDown.no"
54.217.213.13 - - [06/Dec/2013:18:16:45 +0000] "GET /index.html HTTP/1.1" 200 204 "-" "Mozilla/5.0 IsItDown.no"
54.217.213.13 - - [06/Dec/2013:18:17:45 +0000] "GET /index.html HTTP/1.1" 200 204 "-" "Mozilla/5.0 IsItDown.no"
54.217.213.13 - - [06/Dec/2013:18:18:45 +0000] "GET /index.html HTTP/1.1" 200 204 "-" "Mozilla/5.0 IsItDown.no"
54.217.213.13 - - [06/Dec/2013:18:19:45 +0000] "GET /index.html HTTP/1.1" 200 204 "-" "Mozilla/5.0 IsItDown.no"
54.217.213.13 - - [06/Dec/2013:18:20:45 +0000] "GET /index.html HTTP/1.1" 200 204 "-" "Mozilla/5.0 IsItDown.no"
54.217.213.13 - - [06/Dec/2013:18:21:45 +0000] "GET /index.html HTTP/1.1" 200 204 "-" "Mozilla/5.0 IsItDown.no"
54.217.213.13 - - [06/Dec/2013:18:22:45 +0000] "GET /index.html HTTP/1.1" 200 204 "-" "Mozilla/5.0 IsItDown.no"
54.217.213.13 - - [06/Dec/2013:18:23:45 +0000] "GET /index.html HTTP/1.1" 200 204 "-" "Mozilla/5.0 IsItDown.no"
54.217.213.13 - - [06/Dec/2013:18:24:45 +0000] "GET /index.html HTTP/1.1" 200 204 "-" "Mozilla/5.0 IsItDown.no"
54.217.213.13 - - [06/Dec/2013:18:25:45 +0000] "GET /index.html HTTP/1.1" 200 204 "-" "Mozilla/5.0 IsItDown.no"
54.217.213.13 - - [06/Dec/2013:18:26:46 +0000] "GET /index.html HTTP/1.1" 200 204 "-" "Mozilla/5.0 IsItDown.no"
85.10.246.236 - - [06/Dec/2013:18:27:33 +0000] "HEAD /episodes/26.mp3 HTTP/1.1" 200 0 "-" "PritTorrent/1.0"
54.217.213.13 - - [06/Dec/2013:18:27:46 +0000] "GET /index.html HTTP/1.1" 200 204 "-" "Mozilla/5.0 IsItDown.no"
216.130.192.6 - - [06/Dec/2013:18:28:22 +0000] "GET /episodes/19.mp3 HTTP/1.1" 206 2535187 "-" "iTunes/10.7 Downcast/2.8.13.1001"
216.130.192.6 - - [06/Dec/2013:18:28:22 +0000] "GET /episodes/20.mp3 HTTP/1.1" 206 3301179 "-" "iTunes/10.7 Downcast/2.8.13.1001"
54.217.213.13 - - [06/Dec/2013:18:28:46 +0000] "GET /index.html HTTP/1.1" 200 204 "-" "Mozilla/5.0 IsItDown.no"
54.217.213.13 - - [06/Dec/2013:18:29:46 +0000] "GET /index.html HTTP/1.1" 200 204 "-" "Mozilla/5.0 IsItDown.no"
54.217.213.13 - - [06/Dec/2013:18:30:46 +0000] "GET /index.html HTTP/1.1" 200 204 "-" "Mozilla/5.0 IsItDown.no"
54.217.213.13 - - [06/Dec/2013:18:31:46 +0000] "GET /index.html HTTP/1.1" 200 204 "-" "Mozilla/5.0 IsItDown.no"
54.217.213.13 - - [06/Dec/2013:18:32:46 +0000] "GET /index.html HTTP/1.1" 200 204 "-" "Mozilla/5.0 IsItDown.no"
54.217.213.13 - - [06/Dec/2013:18:33:46 +0000] "GET /index.html HTTP/1.1" 200 204 "-" "Mozilla/5.0 IsItDown.no"
54.217.213.13 - - [06/Dec/2013:18:34:46 +0000] "GET /index.html HTTP/1.1" 200 204 "-" "Mozilla/5.0 IsItDown.no"
54.217.213.13 - - [06/Dec/2013:18:35:46 +0000] "GET /index.html HTTP/1.1" 200 204 "-" "Mozilla/5.0 IsItDown.no"
216.130.192.6 - - [06/Dec/2013:18:36:37 +0000] "GET /episodes/19.mp3 HTTP/1.1" 206 3512587 "-" "iTunes/10.7 Downcast/2.8.13.1001"
216.130.192.6 - - [06/Dec/2013:18:36:37 +0000] "GET /episodes/20.mp3 HTTP/1.1" 206 3017371 "-" "iTunes/10.7 Downcast/2.8.13.1001"
54.217.213.13 - - [06/Dec/2013:18:36:46 +0000] "GET /index.html HTTP/1.1" 200 204 "-" "Mozilla/5.0 IsItDown.no"
54.217.213.13 - - [06/Dec/2013:18:37:46 +0000] "GET /index.html HTTP/1.1" 200 204 "-" "Mozilla/5.0 IsItDown.no"
54.217.213.13 - - [06/Dec/2013:18:38:46 +0000] "GET /index.html HTTP/1.1" 200 204 "-" "Mozilla/5.0 IsItDown.no"
54.217.213.13 - - [06/Dec/2013:18:39:46 +0000] "GET /index.html HTTP/1.1" 200 204 "-" "Mozilla/5.0 IsItDown.no"
54.217.213.13 - - [06/Dec/2013:18:40:46 +0000] "GET /index.html HTTP/1.1" 200 204 "-" "Mozilla/5.0 IsItDown.no"
54.217.213.13 - - [06/Dec/2013:18:41:46 +0000] "GET /index.html HTTP/1.1" 200 204 "-" "Mozilla/5.0 IsItDown.no"
85.10.246.236 - - [06/Dec/2013:18:42:35 +0000] "HEAD /episodes/26.mp3 HTTP/1.1" 200 0 "-" "PritTorrent/1.0"
54.217.213.13 - - [06/Dec/2013:18:42:46 +0000] "GET /index.html HTTP/1.1" 200 204 "-" "Mozilla/5.0 IsItDown.no"
54.217.213.13 - - [06/Dec/2013:18:43:46 +0000] "GET /index.html HTTP/1.1" 200 204 "-" "Mozilla/5.0 IsItDown.no"
54.217.213.13 - - [06/Dec/2013:18:44:46 +0000] "GET /index.html HTTP/1.1" 200 204 "-" "Mozilla/5.0 IsItDown.no"
54.217.213.13 - - [06/Dec/2013:18:45:46 +0000] "GET /index.html HTTP/1.1" 200 204 "-" "Mozilla/5.0 IsItDown.no"
54.217.213.13 - - [06/Dec/2013:18:46:46 +0000] "GET /index.html HTTP/1.1" 200 204 "-" "Mozilla/5.0 IsItDown.no"
54.217.213.13 - - [06/Dec/2013:18:47:46 +0000] "GET /index.html HTTP/1.1" 200 204 "-" "Mozilla/5.0 IsItDown.no"
54.217.213.13 - - [06/Dec/2013:18:48:47 +0000] "GET /index.html HTTP/1.1" 200 204 "-" "Mozilla/5.0 IsItDown.no"
54.217.213.13 - - [06/Dec/2013:18:49:47 +0000] "GET /index.html HTTP/1.1" 200 204 "-" "Mozilla/5.0 IsItDown.no"
54.217.213.13 - - [06/Dec/2013:18:50:47 +0000] "GET /index.html HTTP/1.1" 200 204 "-" "Mozilla/5.0 IsItDown.no"
54.217.213.13 - - [06/Dec/2013:18:51:47 +0000] "GET /index.html HTTP/1.1" 200 204 "-" "Mozilla/5.0 IsItDown.no"
54.217.213.13 - - [06/Dec/2013:18:52:47 +0000] "GET /index.html HTTP/1.1" 200 204 "-" "Mozilla/5.0 IsItDown.no"
54.217.213.13 - - [06/Dec/2013:18:53:47 +0000] "GET /index.html HTTP/1.1" 200 204 "-" "Mozilla/5.0 IsItDown.no"
54.217.213.13 - - [06/Dec/2013:18:54:47 +0000] "GET /index.html HTTP/1.1" 200 204 "-" "Mozilla/5.0 IsItDown.no"
54.217.213.13 - - [06/Dec/2013:18:55:47 +0000] "GET /index.html HTTP/1.1" 200 204 "-" "Mozilla/5.0 IsItDown.no"
216.130.192.6 - - [06/Dec/2013:18:56:40 +0000] "GET /episodes/19.mp3 HTTP/1.1" 206 4718771 "-" "iTunes/10.7 Downcast/2.8.13.1001"
216.130.192.6 - - [06/Dec/2013:18:56:40 +0000] "GET /episodes/20.mp3 HTTP/1.1" 206 3356203 "-" "iTunes/10.7 Downcast/2.8.13.1001"
54.217.213.13 - - [06/Dec/2013:18:56:47 +0000] "GET /index.html HTTP/1.1" 200 204 "-" "Mozilla/5.0 IsItDown.no"
54.217.213.13 - - [06/Dec/2013:18:57:47 +0000] "GET /index.html HTTP/1.1" 200 204 "-" "Mozilla/5.0 IsItDown.no"
85.10.246.236 - - [06/Dec/2013:18:57:48 +0000] "HEAD /episodes/26.mp3 HTTP/1.1" 200 0 "-" "PritTorrent/1.0"
54.217.213.13 - - [06/Dec/2013:18:58:47 +0000] "GET /index.html HTTP/1.1" 200 204 "-" "Mozilla/5.0 IsItDown.no"
54.217.213.13 - - [06/Dec/2013:18:59:47 +0000] "GET /index.html HTTP/1.1" 200 204 "-" "Mozilla/5.0 IsItDown.no"
54.217.213.13 - - [06/Dec/2013:19:00:47 +0000] "GET /index.html HTTP/1.1" 200 204 "-" "Mozilla/5.0 IsItDown.no"
54.217.213.13 - - [06/Dec/2013:19:01:48 +0000] "GET /index.html HTTP/1.1" 200 204 "-" "Mozilla/5.0 IsItDown.no"
54.217.213.13 - - [06/Dec/2013:19:02:48 +0000] "GET /index.html HTTP/1.1" 200 204 "-" "Mozilla/5.0 IsItDown.no"
54.217.213.13 - - [06/Dec/2013:19:03:48 +0000] "GET /index.html HTTP/1.1" 200 204 "-" "Mozilla/5.0 IsItDown.no"
54.217.213.13 - - [06/Dec/2013:19:04:48 +0000] "GET /index.html HTTP/1.1" 200 204 "-" "Mozilla/5.0 IsItDown.no"
220.181.51.219 - - [06/Dec/2013:19:05:32 +0000] "GET /episodes/12.mp3 HTTP/1.0" 200 30444 "-" "NSPlayer/10.0.0.4072 WMFSDK/10.0"
54.217.213.13 - - [06/Dec/2013:19:05:48 +0000] "GET /index.html HTTP/1.1" 200 204 "-" "Mozilla/5.0 IsItDown.no"
54.217.213.13 - - [06/Dec/2013:19:06:49 +0000] "GET /index.html HTTP/1.1" 200 204 "-" "Mozilla/5.0 IsItDown.no"
54.217.213.13 - - [06/Dec/2013:19:07:49 +0000] "GET /index.html HTTP/1.1" 200 204 "-" "Mozilla/5.0 IsItDown.no"
54.217.213.13 - - [06/Dec/2013:19:08:49 +0000] "GET /index.html HTTP/1.1" 200 204 "-" "Mozilla/5.0 IsItDown.no"
54.217.213.13 - - [06/Dec/2013:19:09:49 +0000] "GET /index.html HTTP/1.1" 200 204 "-" "Mozilla/5.0 IsItDown.no"
54.217.213.13 - - [06/Dec/2013:19:10:50 +0000] "GET /index.html HTTP/1.1" 200 204 "-" "Mozilla/5.0 IsItDown.no"
54.217.213.13 - - [06/Dec/2013:19:11:50 +0000] "GET /index.html HTTP/1.1" 200 204 "-" "Mozilla/5.0 IsItDown.no"
54.217.213.13 - - [06/Dec/2013:19:12:50 +0000] "GET /index.html HTTP/1.1" 200 204 "-" "Mozilla/5.0 IsItDown.no"
85.10.246.236 - - [06/Dec/2013:19:12:54 +0000] "HEAD /episodes/26.mp3 HTTP/1.1" 200 0 "-" "PritTorrent/1.0"
54.217.213.13 - - [06/Dec/2013:19:13:50 +0000] "GET /index.html HTTP/1.1" 200 204 "-" "Mozilla/5.0 IsItDown.no"
54.217.213.13 - - [06/Dec/2013:19:14:51 +0000] "GET /index.html HTTP/1.1" 200 204 "-" "Mozilla/5.0 IsItDown.no"
54.217.213.13 - - [06/Dec/2013:19:15:51 +0000] "GET /index.html HTTP/1.1" 200 204 "-" "Mozilla/5.0 IsItDown.no"
54.217.213.13 - - [06/Dec/2013:19:16:51 +0000] "GET /index.html HTTP/1.1" 200 204 "-" "Mozilla/5.0 IsItDown.no"
54.217.213.13 - - [06/Dec/2013:19:17:51 +0000] "GET /index.html HTTP/1.1" 200 204 "-" "Mozilla/5.0 IsItDown.no"
54.217.213.13 - - [06/Dec/2013:19:18:52 +0000] "GET /index.html HTTP/1.1" 200 204 "-" "Mozilla/5.0 IsItDown.no"
54.217.213.13 - - [06/Dec/2013:19:19:52 +0000] "GET /index.html HTTP/1.1" 200 204 "-" "Mozilla/5.0 IsItDown.no"
216.130.192.6 - - [06/Dec/2013:19:20:20 +0000] "GET /episodes/20.mp3 HTTP/1.1" 206 3683451 "-" "iTunes/10.7 Downcast/2.8.13.1001"
216.130.192.6 - - [06/Dec/2013:19:20:20 +0000] "GET /episodes/19.mp3 HTTP/1.1" 206 4306092 "-" "iTunes/10.7 Downcast/2.8.13.1001"
54.217.213.13 - - [06/Dec/2013:19:20:52 +0000] "GET /index.html HTTP/1.1" 200 204 "-" "Mozilla/5.0 IsItDown.no"
67.172.180.7 - - [06/Dec/2013:19:21:48 +0000] "GET /episodes/26.mp3 HTTP/1.1" 200 30960300 "-" "iTunes/11.1.3 (Macintosh; OS X 10.9) AppleWebKit/537.71"
54.217.213.13 - - [06/Dec/2013:19:21:52 +0000] "GET /index.html HTTP/1.1" 200 204 "-" "Mozilla/5.0 IsItDown.no"
155.56.68.214 - - [06/Dec/2013:19:22:51 +0000] "GET /episodes/11.mp3 HTTP/1.1" 304 0 "-" "Mozilla/4.0 (compatible;)"
54.217.213.13 - - [06/Dec/2013:19:22:53 +0000] "GET /index.html HTTP/1.1" 200 204 "-" "Mozilla/5.0 IsItDown.no"
188.80.214.85 - - [06/Dec/2013:19:23:29 +0000] "GET /episodes/26.mp3 HTTP/1.1" 200 30960300 "-" "Instacast/2.2.4 CFNetwork/672.0.8 Darwin/14.0.0"
54.217.213.13 - - [06/Dec/2013:19:23:53 +0000] "GET /index.html HTTP/1.1" 200 204 "-" "Mozilla/5.0 IsItDown.no"
54.217.213.13 - - [06/Dec/2013:19:24:53 +0000] "GET /index.html HTTP/1.1" 200 204 "-" "Mozilla/5.0 IsItDown.no"
54.217.213.13 - - [06/Dec/2013:19:25:53 +0000] "GET /index.html HTTP/1.1" 200 204 "-" "Mozilla/5.0 IsItDown.no"
54.217.213.13 - - [06/Dec/2013:19:26:54 +0000] "GET /index.html HTTP/1.1" 200 204 "-" "Mozilla/5.0 IsItDown.no"
54.217.213.13 - - [06/Dec/2013:19:27:54 +0000] "GET /index.html HTTP/1.1" 200 204 "-" "Mozilla/5.0 IsItDown.no"
85.10.246.236 - - [06/Dec/2013:19:27:56 +0000] "HEAD /episodes/26.mp3 HTTP/1.1" 200 0 "-" "PritTorrent/1.0"
54.217.213.13 - - [06/Dec/2013:19:28:54 +0000] "GET /index.html HTTP/1.1" 200 204 "-" "Mozilla/5.0 IsItDown.no"
54.217.213.13 - - [06/Dec/2013:19:29:55 +0000] "GET /index.html HTTP/1.1" 200 204 "-" "Mozilla/5.0 IsItDown.no"
54.217.213.13 - - [06/Dec/2013:19:30:55 +0000] "GET /index.html HTTP/1.1" 200 204 "-" "Mozilla/5.0 IsItDown.no"
54.217.213.13 - - [06/Dec/2013:19:31:55 +0000] "GET /index.html HTTP/1.1" 200 204 "-" "Mozilla/5.0 IsItDown.no"
54.217.213.13 - - [06/Dec/2013:19:32:55 +0000] "GET /index.html HTTP/1.1" 200 204 "-" "Mozilla/5.0 IsItDown.no"
54.217.213.13 - - [06/Dec/2013:19:33:56 +0000] "GET /index.html HTTP/1.1" 200 204 "-" "Mozilla/5.0 IsItDown.no"
54.217.213.13 - - [06/Dec/2013:19:34:56 +0000] "GET /index.html HTTP/1.1" 200 204 "-" "Mozilla/5.0 IsItDown.no"
220.181.51.218 - - [06/Dec/2013:19:35:40 +0000] "GET /episodes/12.mp3 HTTP/1.0" 200 30444 "-" "NSPlayer/10.0.0.4072 WMFSDK/10.0"
54.217.213.13 - - [06/Dec/2013:19:35:56 +0000] "GET /index.html HTTP/1.1" 200 204 "-" "Mozilla/5.0 IsItDown.no"
54.217.213.13 - - [06/Dec/2013:19:36:56 +0000] "GET /index.html HTTP/1.1" 200 204 "-" "Mozilla/5.0 IsItDown.no"
54.217.213.13 - - [06/Dec/2013:19:37:57 +0000] "GET /index.html HTTP/1.1" 200 204 "-" "Mozilla/5.0 IsItDown.no"
54.217.213.13 - - [06/Dec/2013:19:38:57 +0000] "GET /index.html HTTP/1.1" 200 204 "-" "Mozilla/5.0 IsItDown.no"
46.229.164.98 - - [06/Dec/2013:19:39:24 +0000] "GET /episodes/17.mp3 HTTP/1.1" 200 30192 "-" "Mozilla/5.0 (compatible; SemrushBot/0.97; +http://www.semrush.com/bot.html)"
208.54.40.239 - - [06/Dec/2013:19:39:46 +0000] "GET /episodes/02.mp3 HTTP/1.1" 206 8192 "-" "AppleCoreMedia/1.0.0.11B554a (iPhone; U; CPU OS 7_0_4 like Mac OS X; en_us)"
208.54.40.239 - - [06/Dec/2013:19:39:47 +0000] "GET /episodes/02.mp3 HTTP/1.1" 206 631926 "-" "AppleCoreMedia/1.0.0.11B554a (iPhone; U; CPU OS 7_0_4 like Mac OS X; en_us)"
208.54.40.239 - - [06/Dec/2013:19:39:47 +0000] "GET /episodes/02.mp3 HTTP/1.1" 206 45001 "-" "AppleCoreMedia/1.0.0.11B554a (iPhone; U; CPU OS 7_0_4 like Mac OS X; en_us)"
208.54.40.239 - - [06/Dec/2013:19:39:56 +0000] "GET /episodes/02.mp3 HTTP/1.1" 206 19189042 "-" "AppleCoreMedia/1.0.0.11B554a (iPhone; U; CPU OS 7_0_4 like Mac OS X; en_us)"
54.217.213.13 - - [06/Dec/2013:19:39:57 +0000] "GET /index.html HTTP/1.1" 200 204 "-" "Mozilla/5.0 IsItDown.no"
190.113.215.102 - - [06/Dec/2013:19:40:03 +0000] "GET /episodes/26.mp3 HTTP/1.0" 200 30960300 "-" "gPodder/3.3.0 (+http://gpodder.org/)"
54.217.213.13 - - [06/Dec/2013:19:40:58 +0000] "GET /index.html HTTP/1.1" 200 204 "-" "Mozilla/5.0 IsItDown.no"
54.217.213.13 - - [06/Dec/2013:19:41:58 +0000] "GET /index.html HTTP/1.1" 200 204 "-" "Mozilla/5.0 IsItDown.no"
54.217.213.13 - - [06/Dec/2013:19:42:58 +0000] "GET /index.html HTTP/1.1" 200 204 "-" "Mozilla/5.0 IsItDown.no"
