54.217.213.13 - - [05/Dec/2013:15:35:22 +0000] "GET /index.html HTTP/1.1" 200 204 "-" "Mozilla/5.0 IsItDown.no"
85.10.246.236 - - [05/Dec/2013:15:36:13 +0000] "HEAD /episodes/26.mp3 HTTP/1.1" 200 0 "-" "PritTorrent/1.0"
54.217.213.13 - - [05/Dec/2013:15:36:22 +0000] "GET /index.html HTTP/1.1" 200 204 "-" "Mozilla/5.0 IsItDown.no"
54.217.213.13 - - [05/Dec/2013:15:37:22 +0000] "GET /index.html HTTP/1.1" 200 204 "-" "Mozilla/5.0 IsItDown.no"
54.217.213.13 - - [05/Dec/2013:15:38:22 +0000] "GET /index.html HTTP/1.1" 200 204 "-" "Mozilla/5.0 IsItDown.no"
54.217.213.13 - - [05/Dec/2013:15:39:22 +0000] "GET /index.html HTTP/1.1" 200 204 "-" "Mozilla/5.0 IsItDown.no"
54.217.213.13 - - [05/Dec/2013:15:40:22 +0000] "GET /index.html HTTP/1.1" 200 204 "-" "Mozilla/5.0 IsItDown.no"
77.6.24.134 - - [05/Dec/2013:15:40:40 +0000] "GET /episodes/26.mp3 HTTP/1.1" 206 2948866 "http://episodes.gitminutes.com/2013/12/gitminutes-26-campbell-barton-on-tricky.html" "Mozilla/5.0 (Macintosh; Intel Mac OS X 10_8_5) AppleWebKit/537.36 (KHTML, like Gecko) Chrome/31.0.1650.57 Safari/537.36"
54.217.213.13 - - [05/Dec/2013:15:41:22 +0000] "GET /index.html HTTP/1.1" 200 204 "-" "Mozilla/5.0 IsItDown.no"
54.217.213.13 - - [05/Dec/2013:15:42:22 +0000] "GET /index.html HTTP/1.1" 200 204 "-" "Mozilla/5.0 IsItDown.no"
54.217.213.13 - - [05/Dec/2013:15:43:22 +0000] "GET /index.html HTTP/1.1" 200 204 "-" "Mozilla/5.0 IsItDown.no"
54.217.213.13 - - [05/Dec/2013:15:44:22 +0000] "GET /index.html HTTP/1.1" 200 204 "-" "Mozilla/5.0 IsItDown.no"
54.217.213.13 - - [05/Dec/2013:15:45:22 +0000] "GET /index.html HTTP/1.1" 200 204 "-" "Mozilla/5.0 IsItDown.no"
54.217.213.13 - - [05/Dec/2013:15:46:22 +0000] "GET /index.html HTTP/1.1" 200 204 "-" "Mozilla/5.0 IsItDown.no"
54.217.213.13 - - [05/Dec/2013:15:47:22 +0000] "GET /index.html HTTP/1.1" 200 204 "-" "Mozilla/5.0 IsItDown.no"
54.217.213.13 - - [05/Dec/2013:15:48:22 +0000] "GET /index.html HTTP/1.1" 200 204 "-" "Mozilla/5.0 IsItDown.no"
54.217.213.13 - - [05/Dec/2013:15:49:22 +0000] "GET /index.html HTTP/1.1" 200 204 "-" "Mozilla/5.0 IsItDown.no"
54.217.213.13 - - [05/Dec/2013:15:50:22 +0000] "GET /index.html HTTP/1.1" 200 204 "-" "Mozilla/5.0 IsItDown.no"
85.10.246.236 - - [05/Dec/2013:15:51:14 +0000] "HEAD /episodes/26.mp3 HTTP/1.1" 200 0 "-" "PritTorrent/1.0"
54.217.213.13 - - [05/Dec/2013:15:51:22 +0000] "GET /index.html HTTP/1.1" 200 204 "-" "Mozilla/5.0 IsItDown.no"
54.217.213.13 - - [05/Dec/2013:15:52:22 +0000] "GET /index.html HTTP/1.1" 200 204 "-" "Mozilla/5.0 IsItDown.no"
54.217.213.13 - - [05/Dec/2013:15:53:22 +0000] "GET /index.html HTTP/1.1" 200 204 "-" "Mozilla/5.0 IsItDown.no"
54.217.213.13 - - [05/Dec/2013:15:54:22 +0000] "GET /index.html HTTP/1.1" 200 204 "-" "Mozilla/5.0 IsItDown.no"
54.217.213.13 - - [05/Dec/2013:15:55:22 +0000] "GET /index.html HTTP/1.1" 200 204 "-" "Mozilla/5.0 IsItDown.no"
54.217.213.13 - - [05/Dec/2013:15:56:23 +0000] "GET /index.html HTTP/1.1" 200 204 "-" "Mozilla/5.0 IsItDown.no"
54.217.213.13 - - [05/Dec/2013:15:57:23 +0000] "GET /index.html HTTP/1.1" 200 204 "-" "Mozilla/5.0 IsItDown.no"
143.215.34.24 - - [05/Dec/2013:15:57:47 +0000] "-" 400 0 "-" "-"
143.215.34.24 - - [05/Dec/2013:15:57:47 +0000] "-" 400 0 "-" "-"
54.217.213.13 - - [05/Dec/2013:15:58:23 +0000] "GET /index.html HTTP/1.1" 200 204 "-" "Mozilla/5.0 IsItDown.no"
155.56.68.214 - - [05/Dec/2013:15:58:48 +0000] "GET /episodes/11.mp3 HTTP/1.1" 304 0 "-" "Mozilla/4.0 (compatible;)"
54.217.213.13 - - [05/Dec/2013:15:59:23 +0000] "GET /index.html HTTP/1.1" 200 204 "-" "Mozilla/5.0 IsItDown.no"
143.215.34.24 - - [05/Dec/2013:15:59:23 +0000] "GET /episodes/13.mp3 HTTP/1.1" 206 637072 "http://episodes.gitminutes.com/2013/06/gitminutes-13-richard-hartmann-on.html" "Mozilla/5.0 (Macintosh; Intel Mac OS X 10_9_0) AppleWebKit/537.36 (KHTML, like Gecko) Chrome/31.0.1650.63 Safari/537.36"
54.217.213.13 - - [05/Dec/2013:16:00:23 +0000] "GET /index.html HTTP/1.1" 200 204 "-" "Mozilla/5.0 IsItDown.no"
77.12.234.142 - - [05/Dec/2013:16:00:28 +0000] "GET /episodes/26.mp3 HTTP/1.1" 206 248866 "-" "Mozilla/5.0 (X11; Linux x86_64; rv:25.0) Gecko/20100101 Firefox/25.0"
54.217.213.13 - - [05/Dec/2013:16:01:23 +0000] "GET /index.html HTTP/1.1" 200 204 "-" "Mozilla/5.0 IsItDown.no"
54.217.213.13 - - [05/Dec/2013:16:02:23 +0000] "GET /index.html HTTP/1.1" 200 204 "-" "Mozilla/5.0 IsItDown.no"
54.217.213.13 - - [05/Dec/2013:16:03:23 +0000] "GET /index.html HTTP/1.1" 200 204 "-" "Mozilla/5.0 IsItDown.no"
54.217.213.13 - - [05/Dec/2013:16:04:23 +0000] "GET /index.html HTTP/1.1" 200 204 "-" "Mozilla/5.0 IsItDown.no"
54.217.213.13 - - [05/Dec/2013:16:05:23 +0000] "GET /index.html HTTP/1.1" 200 204 "-" "Mozilla/5.0 IsItDown.no"
85.10.246.236 - - [05/Dec/2013:16:06:16 +0000] "HEAD /episodes/26.mp3 HTTP/1.1" 200 0 "-" "PritTorrent/1.0"
54.217.213.13 - - [05/Dec/2013:16:06:23 +0000] "GET /index.html HTTP/1.1" 200 204 "-" "Mozilla/5.0 IsItDown.no"
54.217.213.13 - - [05/Dec/2013:16:07:23 +0000] "GET /index.html HTTP/1.1" 200 204 "-" "Mozilla/5.0 IsItDown.no"
68.71.215.4 - - [05/Dec/2013:16:07:32 +0000] "GET /episodes/16.mp3 HTTP/1.1" 206 262416 "http://episodes.gitminutes.com/2013/07/gitminutes-16-joey-hess-on-git-annex.html" "Mozilla/5.0 (Macintosh; Intel Mac OS X 10_9_0) AppleWebKit/537.36 (KHTML, like Gecko) Chrome/31.0.1650.63 Safari/537.36"
123.125.67.181 - - [05/Dec/2013:16:07:59 +0000] "GET /episodes/10.mp3 HTTP/1.0" 200 30444 "-" "NSPlayer/10.0.0.4072 WMFSDK/10.0"
54.217.213.13 - - [05/Dec/2013:16:08:23 +0000] "GET /index.html HTTP/1.1" 200 204 "-" "Mozilla/5.0 IsItDown.no"
54.217.213.13 - - [05/Dec/2013:16:09:23 +0000] "GET /index.html HTTP/1.1" 200 204 "-" "Mozilla/5.0 IsItDown.no"
54.217.213.13 - - [05/Dec/2013:16:10:23 +0000] "GET /index.html HTTP/1.1" 200 204 "-" "Mozilla/5.0 IsItDown.no"
54.217.213.13 - - [05/Dec/2013:16:11:23 +0000] "GET /index.html HTTP/1.1" 200 204 "-" "Mozilla/5.0 IsItDown.no"
54.217.213.13 - - [05/Dec/2013:16:12:23 +0000] "GET /index.html HTTP/1.1" 200 204 "-" "Mozilla/5.0 IsItDown.no"
54.217.213.13 - - [05/Dec/2013:16:13:23 +0000] "GET /index.html HTTP/1.1" 200 204 "-" "Mozilla/5.0 IsItDown.no"
54.217.213.13 - - [05/Dec/2013:16:14:23 +0000] "GET /index.html HTTP/1.1" 200 204 "-" "Mozilla/5.0 IsItDown.no"
54.217.213.13 - - [05/Dec/2013:16:15:23 +0000] "GET /index.html HTTP/1.1" 200 204 "-" "Mozilla/5.0 IsItDown.no"
54.217.213.13 - - [05/Dec/2013:16:16:24 +0000] "GET /index.html HTTP/1.1" 200 204 "-" "Mozilla/5.0 IsItDown.no"
54.217.213.13 - - [05/Dec/2013:16:17:24 +0000] "GET /index.html HTTP/1.1" 200 204 "-" "Mozilla/5.0 IsItDown.no"
54.217.213.13 - - [05/Dec/2013:16:18:24 +0000] "GET /index.html HTTP/1.1" 200 204 "-" "Mozilla/5.0 IsItDown.no"
54.217.213.13 - - [05/Dec/2013:16:19:24 +0000] "GET /index.html HTTP/1.1" 200 204 "-" "Mozilla/5.0 IsItDown.no"
54.217.213.13 - - [05/Dec/2013:16:20:24 +0000] "GET /index.html HTTP/1.1" 200 204 "-" "Mozilla/5.0 IsItDown.no"
77.12.234.142 - - [05/Dec/2013:16:21:17 +0000] "GET /episodes/26.mp3 HTTP/1.1" 206 103426 "-" "Mozilla/5.0 (X11; Linux i686 on x86_64; rv:25.0) Gecko/20100101 Firefox/25.0"
85.10.246.236 - - [05/Dec/2013:16:21:19 +0000] "HEAD /episodes/26.mp3 HTTP/1.1" 200 0 "-" "PritTorrent/1.0"
77.12.234.142 - - [05/Dec/2013:16:21:22 +0000] "-" 400 0 "-" "-"
54.217.213.13 - - [05/Dec/2013:16:21:24 +0000] "GET /index.html HTTP/1.1" 200 204 "-" "Mozilla/5.0 IsItDown.no"
93.232.210.91 - - [05/Dec/2013:16:21:44 +0000] "GET /episodes/25.mp3 HTTP/1.1" 206 2649346 "http://episodes.gitminutes.com/2013/11/gitminutes-25-sytse-sijbrandij-from.html" "Mozilla/5.0 (X11; Linux x86_64) AppleWebKit/537.36 (KHTML, like Gecko) Chrome/30.0.1599.114 Safari/537.36"
54.217.213.13 - - [05/Dec/2013:16:22:24 +0000] "GET /index.html HTTP/1.1" 200 204 "-" "Mozilla/5.0 IsItDown.no"
123.125.71.149 - - [05/Dec/2013:16:23:18 +0000] "GET /episodes/08.mp3 HTTP/1.0" 200 30444 "-" "NSPlayer/10.0.0.4072 WMFSDK/10.0"
54.217.213.13 - - [05/Dec/2013:16:23:24 +0000] "GET /index.html HTTP/1.1" 200 204 "-" "Mozilla/5.0 IsItDown.no"
54.217.213.13 - - [05/Dec/2013:16:24:24 +0000] "GET /index.html HTTP/1.1" 200 204 "-" "Mozilla/5.0 IsItDown.no"
54.217.213.13 - - [05/Dec/2013:16:25:24 +0000] "GET /index.html HTTP/1.1" 200 204 "-" "Mozilla/5.0 IsItDown.no"
54.217.213.13 - - [05/Dec/2013:16:26:24 +0000] "GET /index.html HTTP/1.1" 200 204 "-" "Mozilla/5.0 IsItDown.no"
54.217.213.13 - - [05/Dec/2013:16:27:24 +0000] "GET /index.html HTTP/1.1" 200 204 "-" "Mozilla/5.0 IsItDown.no"
54.217.213.13 - - [05/Dec/2013:16:28:24 +0000] "GET /index.html HTTP/1.1" 200 204 "-" "Mozilla/5.0 IsItDown.no"
54.217.213.13 - - [05/Dec/2013:16:29:24 +0000] "GET /index.html HTTP/1.1" 200 204 "-" "Mozilla/5.0 IsItDown.no"
54.217.213.13 - - [05/Dec/2013:16:30:24 +0000] "GET /index.html HTTP/1.1" 200 204 "-" "Mozilla/5.0 IsItDown.no"
220.181.51.218 - - [05/Dec/2013:16:30:58 +0000] "GET /episodes/01.mp3 HTTP/1.0" 200 30444 "-" "NSPlayer/10.0.0.4072 WMFSDK/10.0"
54.217.213.13 - - [05/Dec/2013:16:31:24 +0000] "GET /index.html HTTP/1.1" 200 204 "-" "Mozilla/5.0 IsItDown.no"
123.125.67.243 - - [05/Dec/2013:16:31:33 +0000] "GET /episodes/17.mp3 HTTP/1.0" 200 30444 "-" "NSPlayer/10.0.0.4072 WMFSDK/10.0"
54.217.213.13 - - [05/Dec/2013:16:32:24 +0000] "GET /index.html HTTP/1.1" 200 204 "-" "Mozilla/5.0 IsItDown.no"
54.217.213.13 - - [05/Dec/2013:16:33:24 +0000] "GET /index.html HTTP/1.1" 200 204 "-" "Mozilla/5.0 IsItDown.no"
54.217.213.13 - - [05/Dec/2013:16:34:24 +0000] "GET /index.html HTTP/1.1" 200 204 "-" "Mozilla/5.0 IsItDown.no"
54.217.213.13 - - [05/Dec/2013:16:35:24 +0000] "GET /index.html HTTP/1.1" 200 204 "-" "Mozilla/5.0 IsItDown.no"
85.10.246.236 - - [05/Dec/2013:16:36:24 +0000] "HEAD /episodes/26.mp3 HTTP/1.1" 200 0 "-" "PritTorrent/1.0"
54.217.213.13 - - [05/Dec/2013:16:36:24 +0000] "GET /index.html HTTP/1.1" 200 204 "-" "Mozilla/5.0 IsItDown.no"
123.125.67.243 - - [05/Dec/2013:16:36:53 +0000] "HEAD /episodes/18.mp3 HTTP/1.0" 200 0 "-" "NSPlayer/10.0.0.4072 WMFSDK/10.0"
54.217.213.13 - - [05/Dec/2013:16:37:24 +0000] "GET /index.html HTTP/1.1" 200 204 "-" "Mozilla/5.0 IsItDown.no"
54.217.213.13 - - [05/Dec/2013:16:38:25 +0000] "GET /index.html HTTP/1.1" 200 204 "-" "Mozilla/5.0 IsItDown.no"
78.13.24.238 - - [05/Dec/2013:16:38:58 +0000] "GET /episodes/23.mp3 HTTP/1.1" 200 843489 "http://episodes.gitminutes.com/" "Mozilla/5.0 (X11; U; Unix; en-US) AppleWebKit/537.15 (KHTML, like Gecko) Chrome/24.0.1295.0 Safari/537.15"
78.13.24.238 - - [05/Dec/2013:16:38:59 +0000] "GET /episodes/24.mp3 HTTP/1.1" 200 846325 "http://episodes.gitminutes.com/" "Mozilla/5.0 (X11; U; Unix; en-US) AppleWebKit/537.15 (KHTML, like Gecko) Chrome/24.0.1295.0 Safari/537.15"
78.13.24.238 - - [05/Dec/2013:16:38:59 +0000] "GET /episodes/22.mp3 HTTP/1.1" 200 854833 "http://episodes.gitminutes.com/" "Mozilla/5.0 (X11; U; Unix; en-US) AppleWebKit/537.15 (KHTML, like Gecko) Chrome/24.0.1295.0 Safari/537.15"
78.13.24.238 - - [05/Dec/2013:16:39:01 +0000] "GET /episodes/26.mp3 HTTP/1.1" 200 778261 "http://episodes.gitminutes.com/" "Mozilla/5.0 (X11; U; Unix; en-US) AppleWebKit/537.15 (KHTML, like Gecko) Chrome/24.0.1295.0 Safari/537.15"
78.13.24.238 - - [05/Dec/2013:16:39:05 +0000] "GET /episodes/25.mp3 HTTP/1.1" 200 657731 "http://episodes.gitminutes.com/" "Mozilla/5.0 (X11; U; Unix; en-US) AppleWebKit/537.15 (KHTML, like Gecko) Chrome/24.0.1295.0 Safari/537.15"
54.217.213.13 - - [05/Dec/2013:16:39:25 +0000] "GET /index.html HTTP/1.1" 200 204 "-" "Mozilla/5.0 IsItDown.no"
123.125.71.149 - - [05/Dec/2013:16:39:57 +0000] "HEAD /episodes/19.mp3 HTTP/1.0" 200 0 "-" "NSPlayer/10.0.0.4072 WMFSDK/10.0"
220.181.51.219 - - [05/Dec/2013:16:40:03 +0000] "GET /episodes/10.mp3 HTTP/1.0" 200 30444 "-" "NSPlayer/10.0.0.4072 WMFSDK/10.0"
54.217.213.13 - - [05/Dec/2013:16:40:25 +0000] "GET /index.html HTTP/1.1" 200 204 "-" "Mozilla/5.0 IsItDown.no"
54.217.213.13 - - [05/Dec/2013:16:41:25 +0000] "GET /index.html HTTP/1.1" 200 204 "-" "Mozilla/5.0 IsItDown.no"
54.217.213.13 - - [05/Dec/2013:16:42:25 +0000] "GET /index.html HTTP/1.1" 200 204 "-" "Mozilla/5.0 IsItDown.no"
54.217.213.13 - - [05/Dec/2013:16:43:25 +0000] "GET /index.html HTTP/1.1" 200 204 "-" "Mozilla/5.0 IsItDown.no"
54.217.213.13 - - [05/Dec/2013:16:44:25 +0000] "GET /index.html HTTP/1.1" 200 204 "-" "Mozilla/5.0 IsItDown.no"
54.217.213.13 - - [05/Dec/2013:16:45:25 +0000] "GET /index.html HTTP/1.1" 200 204 "-" "Mozilla/5.0 IsItDown.no"
220.181.51.217 - - [05/Dec/2013:16:45:40 +0000] "GET /episodes/12.mp3 HTTP/1.0" 200 30444 "-" "NSPlayer/10.0.0.4072 WMFSDK/10.0"
54.217.213.13 - - [05/Dec/2013:16:46:25 +0000] "GET /index.html HTTP/1.1" 200 204 "-" "Mozilla/5.0 IsItDown.no"
54.217.213.13 - - [05/Dec/2013:16:47:25 +0000] "GET /index.html HTTP/1.1" 200 204 "-" "Mozilla/5.0 IsItDown.no"
54.217.213.13 - - [05/Dec/2013:16:48:25 +0000] "GET /index.html HTTP/1.1" 200 204 "-" "Mozilla/5.0 IsItDown.no"
54.217.213.13 - - [05/Dec/2013:16:49:25 +0000] "GET /index.html HTTP/1.1" 200 204 "-" "Mozilla/5.0 IsItDown.no"
220.181.51.217 - - [05/Dec/2013:16:49:30 +0000] "HEAD /episodes/13.mp3 HTTP/1.0" 200 0 "-" "NSPlayer/10.0.0.4072 WMFSDK/10.0"
54.217.213.13 - - [05/Dec/2013:16:50:25 +0000] "GET /index.html HTTP/1.1" 200 204 "-" "Mozilla/5.0 IsItDown.no"
54.217.213.13 - - [05/Dec/2013:16:51:25 +0000] "GET /index.html HTTP/1.1" 200 204 "-" "Mozilla/5.0 IsItDown.no"
85.10.246.236 - - [05/Dec/2013:16:51:35 +0000] "HEAD /episodes/26.mp3 HTTP/1.1" 200 0 "-" "PritTorrent/1.0"
220.181.51.218 - - [05/Dec/2013:16:51:57 +0000] "HEAD /episodes/14.mp3 HTTP/1.0" 200 0 "-" "NSPlayer/10.0.0.4072 WMFSDK/10.0"
54.217.213.13 - - [05/Dec/2013:16:52:25 +0000] "GET /index.html HTTP/1.1" 200 204 "-" "Mozilla/5.0 IsItDown.no"
54.217.213.13 - - [05/Dec/2013:16:53:25 +0000] "GET /index.html HTTP/1.1" 200 204 "-" "Mozilla/5.0 IsItDown.no"
220.181.51.217 - - [05/Dec/2013:16:53:54 +0000] "HEAD /episodes/15.mp3 HTTP/1.0" 200 0 "-" "NSPlayer/10.0.0.4072 WMFSDK/10.0"
54.217.213.13 - - [05/Dec/2013:16:54:25 +0000] "GET /index.html HTTP/1.1" 200 204 "-" "Mozilla/5.0 IsItDown.no"
54.217.213.13 - - [05/Dec/2013:16:55:25 +0000] "GET /index.html HTTP/1.1" 200 204 "-" "Mozilla/5.0 IsItDown.no"
220.181.51.219 - - [05/Dec/2013:16:55:29 +0000] "HEAD /episodes/16.mp3 HTTP/1.0" 200 0 "-" "NSPlayer/10.0.0.4072 WMFSDK/10.0"
54.217.213.13 - - [05/Dec/2013:16:56:25 +0000] "GET /index.html HTTP/1.1" 200 204 "-" "Mozilla/5.0 IsItDown.no"
220.181.51.219 - - [05/Dec/2013:16:57:00 +0000] "HEAD /episodes/08.mp3 HTTP/1.0" 200 0 "-" "NSPlayer/10.0.0.4072 WMFSDK/10.0"
54.217.213.13 - - [05/Dec/2013:16:57:25 +0000] "GET /index.html HTTP/1.1" 200 204 "-" "Mozilla/5.0 IsItDown.no"
65.246.210.161 - - [05/Dec/2013:16:58:14 +0000] "GET /episodes/26.mp3 HTTP/1.1" 304 0 "-" "Mozilla/5.0 (Windows NT 5.1) AppleWebKit/537.36 (KHTML, like Gecko) Chrome/28.0.1500.71 Safari/537.36"
220.181.51.220 - - [05/Dec/2013:16:58:16 +0000] "HEAD /episodes/17.mp3 HTTP/1.0" 200 0 "-" "NSPlayer/10.0.0.4072 WMFSDK/10.0"
54.217.213.13 - - [05/Dec/2013:16:58:25 +0000] "GET /index.html HTTP/1.1" 200 204 "-" "Mozilla/5.0 IsItDown.no"
220.181.51.218 - - [05/Dec/2013:16:59:21 +0000] "HEAD /episodes/18.mp3 HTTP/1.0" 200 0 "-" "NSPlayer/10.0.0.4072 WMFSDK/10.0"
54.217.213.13 - - [05/Dec/2013:16:59:25 +0000] "GET /index.html HTTP/1.1" 200 204 "-" "Mozilla/5.0 IsItDown.no"
220.181.51.217 - - [05/Dec/2013:17:00:17 +0000] "HEAD /episodes/19.mp3 HTTP/1.0" 200 0 "-" "NSPlayer/10.0.0.4072 WMFSDK/10.0"
54.217.213.13 - - [05/Dec/2013:17:00:26 +0000] "GET /index.html HTTP/1.1" 200 204 "-" "Mozilla/5.0 IsItDown.no"
46.194.239.95 - - [05/Dec/2013:17:01:08 +0000] "GET /episodes/16.mp3 HTTP/1.1" 200 21628067 "-" "stagefright/1.2 (Linux;Android 4.3)"
54.217.213.13 - - [05/Dec/2013:17:01:26 +0000] "GET /index.html HTTP/1.1" 200 204 "-" "Mozilla/5.0 IsItDown.no"
54.217.213.13 - - [05/Dec/2013:17:02:26 +0000] "GET /index.html HTTP/1.1" 200 204 "-" "Mozilla/5.0 IsItDown.no"
54.217.213.13 - - [05/Dec/2013:17:03:26 +0000] "GET /index.html HTTP/1.1" 200 204 "-" "Mozilla/5.0 IsItDown.no"
54.217.213.13 - - [05/Dec/2013:17:04:26 +0000] "GET /index.html HTTP/1.1" 200 204 "-" "Mozilla/5.0 IsItDown.no"
188.26.209.230 - - [05/Dec/2013:17:04:45 +0000] "GET /episodes/26.mp3 HTTP/1.1" 206 41854 "http://episodes.gitminutes.com/2013/12/gitminutes-26-campbell-barton-on-tricky.html?utm_source=feedburner&utm_medium=feed&utm_campaign=Feed%3A+gitminutes-all+%28GitMinutes+-+All+Posts%29" "Mozilla/5.0 (Windows NT 6.1; WOW64; rv:25.0) Gecko/20100101 Firefox/25.0"
188.26.209.230 - - [05/Dec/2013:17:04:50 +0000] "-" 400 0 "-" "-"
54.217.213.13 - - [05/Dec/2013:17:05:26 +0000] "GET /index.html HTTP/1.1" 200 204 "-" "Mozilla/5.0 IsItDown.no"
90.230.93.135 - - [05/Dec/2013:17:06:14 +0000] "GET /episodes/16.mp3 HTTP/1.1" 200 12168771 "-" "Mozilla/5.0 (Linux; U; Windows NT 6.1; en-us; dream) DoggCatcher"
54.217.213.13 - - [05/Dec/2013:17:06:26 +0000] "GET /index.html HTTP/1.1" 200 204 "-" "Mozilla/5.0 IsItDown.no"
85.10.246.236 - - [05/Dec/2013:17:06:34 +0000] "HEAD /episodes/26.mp3 HTTP/1.1" 200 0 "-" "PritTorrent/1.0"
54.217.213.13 - - [05/Dec/2013:17:07:26 +0000] "GET /index.html HTTP/1.1" 200 204 "-" "Mozilla/5.0 IsItDown.no"
54.217.213.13 - - [05/Dec/2013:17:08:26 +0000] "GET /index.html HTTP/1.1" 200 204 "-" "Mozilla/5.0 IsItDown.no"
54.217.213.13 - - [05/Dec/2013:17:09:26 +0000] "GET /index.html HTTP/1.1" 200 204 "-" "Mozilla/5.0 IsItDown.no"
54.217.213.13 - - [05/Dec/2013:17:10:26 +0000] "GET /index.html HTTP/1.1" 200 204 "-" "Mozilla/5.0 IsItDown.no"
71.92.70.57 - - [05/Dec/2013:17:10:41 +0000] "GET /episodes/26.mp3 HTTP/1.1" 200 30960300 "-" "iTunes/11.1.3 (Macintosh; OS X 10.9) AppleWebKit/537.71"
54.217.213.13 - - [05/Dec/2013:17:11:26 +0000] "GET /index.html HTTP/1.1" 200 204 "-" "Mozilla/5.0 IsItDown.no"
188.26.209.230 - - [05/Dec/2013:17:12:11 +0000] "GET /episodes/26.mp3 HTTP/1.1" 200 30960300 "-" "Mozilla/5.0 (Linux; U; Windows NT 6.1; en-us; dream) DoggCatcher"
54.217.213.13 - - [05/Dec/2013:17:12:26 +0000] "GET /index.html HTTP/1.1" 200 204 "-" "Mozilla/5.0 IsItDown.no"
54.217.213.13 - - [05/Dec/2013:17:13:26 +0000] "GET /index.html HTTP/1.1" 200 204 "-" "Mozilla/5.0 IsItDown.no"
54.217.213.13 - - [05/Dec/2013:17:14:26 +0000] "GET /index.html HTTP/1.1" 200 204 "-" "Mozilla/5.0 IsItDown.no"
188.26.209.230 - - [05/Dec/2013:17:15:18 +0000] "GET /episodes/25.mp3 HTTP/1.1" 200 30840954 "-" "Mozilla/5.0 (Linux; U; Windows NT 6.1; en-us; dream) DoggCatcher"
54.217.213.13 - - [05/Dec/2013:17:15:26 +0000] "GET /index.html HTTP/1.1" 200 204 "-" "Mozilla/5.0 IsItDown.no"
54.217.213.13 - - [05/Dec/2013:17:16:26 +0000] "GET /index.html HTTP/1.1" 200 204 "-" "Mozilla/5.0 IsItDown.no"
54.217.213.13 - - [05/Dec/2013:17:17:26 +0000] "GET /index.html HTTP/1.1" 200 204 "-" "Mozilla/5.0 IsItDown.no"
54.217.213.13 - - [05/Dec/2013:17:18:26 +0000] "GET /index.html HTTP/1.1" 200 204 "-" "Mozilla/5.0 IsItDown.no"
54.217.213.13 - - [05/Dec/2013:17:19:26 +0000] "GET /index.html HTTP/1.1" 200 204 "-" "Mozilla/5.0 IsItDown.no"
54.217.213.13 - - [05/Dec/2013:17:20:26 +0000] "GET /index.html HTTP/1.1" 200 204 "-" "Mozilla/5.0 IsItDown.no"
54.217.213.13 - - [05/Dec/2013:17:21:26 +0000] "GET /index.html HTTP/1.1" 200 204 "-" "Mozilla/5.0 IsItDown.no"
85.10.246.236 - - [05/Dec/2013:17:22:07 +0000] "HEAD /episodes/26.mp3 HTTP/1.1" 200 0 "-" "PritTorrent/1.0"
54.217.213.13 - - [05/Dec/2013:17:22:26 +0000] "GET /index.html HTTP/1.1" 200 204 "-" "Mozilla/5.0 IsItDown.no"
54.217.213.13 - - [05/Dec/2013:17:23:26 +0000] "GET /index.html HTTP/1.1" 200 204 "-" "Mozilla/5.0 IsItDown.no"
54.217.213.13 - - [05/Dec/2013:17:24:27 +0000] "GET /index.html HTTP/1.1" 200 204 "-" "Mozilla/5.0 IsItDown.no"
54.217.213.13 - - [05/Dec/2013:17:25:27 +0000] "GET /index.html HTTP/1.1" 200 204 "-" "Mozilla/5.0 IsItDown.no"
54.217.213.13 - - [05/Dec/2013:17:26:27 +0000] "GET /index.html HTTP/1.1" 200 204 "-" "Mozilla/5.0 IsItDown.no"
54.217.213.13 - - [05/Dec/2013:17:27:27 +0000] "GET /index.html HTTP/1.1" 200 204 "-" "Mozilla/5.0 IsItDown.no"
54.217.213.13 - - [05/Dec/2013:17:28:27 +0000] "GET /index.html HTTP/1.1" 200 204 "-" "Mozilla/5.0 IsItDown.no"
54.217.213.13 - - [05/Dec/2013:17:29:27 +0000] "GET /index.html HTTP/1.1" 200 204 "-" "Mozilla/5.0 IsItDown.no"
54.217.213.13 - - [05/Dec/2013:17:30:27 +0000] "GET /index.html HTTP/1.1" 200 204 "-" "Mozilla/5.0 IsItDown.no"
54.217.213.13 - - [05/Dec/2013:17:31:27 +0000] "GET /index.html HTTP/1.1" 200 204 "-" "Mozilla/5.0 IsItDown.no"
54.217.213.13 - - [05/Dec/2013:17:32:27 +0000] "GET /index.html HTTP/1.1" 200 204 "-" "Mozilla/5.0 IsItDown.no"
54.217.213.13 - - [05/Dec/2013:17:33:27 +0000] "GET /index.html HTTP/1.1" 200 204 "-" "Mozilla/5.0 IsItDown.no"
54.217.213.13 - - [05/Dec/2013:17:34:27 +0000] "GET /index.html HTTP/1.1" 200 204 "-" "Mozilla/5.0 IsItDown.no"
54.217.213.13 - - [05/Dec/2013:17:35:27 +0000] "GET /index.html HTTP/1.1" 200 204 "-" "Mozilla/5.0 IsItDown.no"
54.217.213.13 - - [05/Dec/2013:17:36:27 +0000] "GET /index.html HTTP/1.1" 200 204 "-" "Mozilla/5.0 IsItDown.no"
85.10.246.236 - - [05/Dec/2013:17:37:08 +0000] "HEAD /episodes/26.mp3 HTTP/1.1" 200 0 "-" "PritTorrent/1.0"
54.217.213.13 - - [05/Dec/2013:17:37:27 +0000] "GET /index.html HTTP/1.1" 200 204 "-" "Mozilla/5.0 IsItDown.no"
54.217.213.13 - - [05/Dec/2013:17:38:27 +0000] "GET /index.html HTTP/1.1" 200 204 "-" "Mozilla/5.0 IsItDown.no"
54.217.213.13 - - [05/Dec/2013:17:39:27 +0000] "GET /index.html HTTP/1.1" 200 204 "-" "Mozilla/5.0 IsItDown.no"
46.229.164.99 - - [05/Dec/2013:17:40:16 +0000] "GET /episodes/17.mp3 HTTP/1.1" 200 30192 "-" "Mozilla/5.0 (compatible; SemrushBot/0.97; +http://www.semrush.com/bot.html)"
54.217.213.13 - - [05/Dec/2013:17:40:27 +0000] "GET /index.html HTTP/1.1" 200 204 "-" "Mozilla/5.0 IsItDown.no"
54.217.213.13 - - [05/Dec/2013:17:41:27 +0000] "GET /index.html HTTP/1.1" 200 204 "-" "Mozilla/5.0 IsItDown.no"
54.217.213.13 - - [05/Dec/2013:17:42:27 +0000] "GET /index.html HTTP/1.1" 200 204 "-" "Mozilla/5.0 IsItDown.no"
188.26.209.230 - - [05/Dec/2013:17:42:47 +0000] "GET /episodes/24.mp3 HTTP/1.1" 200 30420553 "-" "Mozilla/5.0 (Linux; U; Windows NT 6.1; en-us; dream) DoggCatcher"
54.217.213.13 - - [05/Dec/2013:17:43:28 +0000] "GET /index.html HTTP/1.1" 200 204 "-" "Mozilla/5.0 IsItDown.no"
54.217.213.13 - - [05/Dec/2013:17:44:28 +0000] "GET /index.html HTTP/1.1" 200 204 "-" "Mozilla/5.0 IsItDown.no"
188.26.209.230 - - [05/Dec/2013:17:44:57 +0000] "GET /episodes/23.mp3 HTTP/1.1" 200 26002012 "-" "Mozilla/5.0 (Linux; U; Windows NT 6.1; en-us; dream) DoggCatcher"
54.217.213.13 - - [05/Dec/2013:17:45:28 +0000] "GET /index.html HTTP/1.1" 200 204 "-" "Mozilla/5.0 IsItDown.no"
54.217.213.13 - - [05/Dec/2013:17:46:28 +0000] "GET /index.html HTTP/1.1" 200 204 "-" "Mozilla/5.0 IsItDown.no"
54.217.213.13 - - [05/Dec/2013:17:47:28 +0000] "GET /index.html HTTP/1.1" 200 204 "-" "Mozilla/5.0 IsItDown.no"
54.217.213.13 - - [05/Dec/2013:17:48:28 +0000] "GET /index.html HTTP/1.1" 200 204 "-" "Mozilla/5.0 IsItDown.no"
54.217.213.13 - - [05/Dec/2013:17:49:28 +0000] "GET /index.html HTTP/1.1" 200 204 "-" "Mozilla/5.0 IsItDown.no"
188.26.209.230 - - [05/Dec/2013:17:49:53 +0000] "GET /episodes/22.mp3 HTTP/1.1" 200 31494767 "-" "Mozilla/5.0 (Linux; U; Windows NT 6.1; en-us; dream) DoggCatcher"
54.217.213.13 - - [05/Dec/2013:17:50:28 +0000] "GET /index.html HTTP/1.1" 200 204 "-" "Mozilla/5.0 IsItDown.no"
54.217.213.13 - - [05/Dec/2013:17:51:28 +0000] "GET /index.html HTTP/1.1" 200 204 "-" "Mozilla/5.0 IsItDown.no"
85.10.246.236 - - [05/Dec/2013:17:52:10 +0000] "HEAD /episodes/26.mp3 HTTP/1.1" 200 0 "-" "PritTorrent/1.0"
54.217.213.13 - - [05/Dec/2013:17:52:28 +0000] "GET /index.html HTTP/1.1" 200 204 "-" "Mozilla/5.0 IsItDown.no"
54.217.213.13 - - [05/Dec/2013:17:53:28 +0000] "GET /index.html HTTP/1.1" 200 204 "-" "Mozilla/5.0 IsItDown.no"
54.217.213.13 - - [05/Dec/2013:17:54:28 +0000] "GET /index.html HTTP/1.1" 200 204 "-" "Mozilla/5.0 IsItDown.no"
54.217.213.13 - - [05/Dec/2013:17:55:28 +0000] "GET /index.html HTTP/1.1" 200 204 "-" "Mozilla/5.0 IsItDown.no"
54.217.213.13 - - [05/Dec/2013:17:56:28 +0000] "GET /index.html HTTP/1.1" 200 204 "-" "Mozilla/5.0 IsItDown.no"
54.217.213.13 - - [05/Dec/2013:17:57:29 +0000] "GET /index.html HTTP/1.1" 200 204 "-" "Mozilla/5.0 IsItDown.no"
54.217.213.13 - - [05/Dec/2013:17:58:29 +0000] "GET /index.html HTTP/1.1" 200 204 "-" "Mozilla/5.0 IsItDown.no"
54.217.213.13 - - [05/Dec/2013:17:59:29 +0000] "GET /index.html HTTP/1.1" 200 204 "-" "Mozilla/5.0 IsItDown.no"
54.217.213.13 - - [05/Dec/2013:18:00:29 +0000] "GET /index.html HTTP/1.1" 200 204 "-" "Mozilla/5.0 IsItDown.no"
54.217.213.13 - - [05/Dec/2013:18:01:29 +0000] "GET /index.html HTTP/1.1" 200 204 "-" "Mozilla/5.0 IsItDown.no"
37.7.126.229 - - [05/Dec/2013:18:01:58 +0000] "GET /episodes/05.mp3 HTTP/1.1" 206 2 "-" "AppleCoreMedia/1.0.0.11B554a (iPhone; U; CPU OS 7_0_4 like Mac OS X; en_us)"
37.7.126.229 - - [05/Dec/2013:18:02:02 +0000] "GET /episodes/05.mp3 HTTP/1.1" 206 582706 "-" "AppleCoreMedia/1.0.0.11B554a (iPhone; U; CPU OS 7_0_4 like Mac OS X; en_us)"
54.217.213.13 - - [05/Dec/2013:18:02:29 +0000] "GET /index.html HTTP/1.1" 200 204 "-" "Mozilla/5.0 IsItDown.no"
54.217.213.13 - - [05/Dec/2013:18:03:29 +0000] "GET /index.html HTTP/1.1" 200 204 "-" "Mozilla/5.0 IsItDown.no"
54.217.213.13 - - [05/Dec/2013:18:04:29 +0000] "GET /index.html HTTP/1.1" 200 204 "-" "Mozilla/5.0 IsItDown.no"
54.217.213.13 - - [05/Dec/2013:18:05:29 +0000] "GET /index.html HTTP/1.1" 200 204 "-" "Mozilla/5.0 IsItDown.no"
54.217.213.13 - - [05/Dec/2013:18:06:29 +0000] "GET /index.html HTTP/1.1" 200 204 "-" "Mozilla/5.0 IsItDown.no"
85.10.246.236 - - [05/Dec/2013:18:07:11 +0000] "HEAD /episodes/26.mp3 HTTP/1.1" 200 0 "-" "PritTorrent/1.0"
54.217.213.13 - - [05/Dec/2013:18:07:29 +0000] "GET /index.html HTTP/1.1" 200 204 "-" "Mozilla/5.0 IsItDown.no"
62.63.246.74 - - [05/Dec/2013:18:07:43 +0000] "GET /episodes/26.mp3 HTTP/1.0" 200 30960300 "-" "gPodder/2.20.2 (+http://gpodder.org/)"
54.217.213.13 - - [05/Dec/2013:18:08:29 +0000] "GET /index.html HTTP/1.1" 200 204 "-" "Mozilla/5.0 IsItDown.no"
54.217.213.13 - - [05/Dec/2013:18:09:29 +0000] "GET /index.html HTTP/1.1" 200 204 "-" "Mozilla/5.0 IsItDown.no"
54.217.213.13 - - [05/Dec/2013:18:10:29 +0000] "GET /index.html HTTP/1.1" 200 204 "-" "Mozilla/5.0 IsItDown.no"
54.217.213.13 - - [05/Dec/2013:18:11:29 +0000] "GET /index.html HTTP/1.1" 200 204 "-" "Mozilla/5.0 IsItDown.no"
54.217.213.13 - - [05/Dec/2013:18:12:29 +0000] "GET /index.html HTTP/1.1" 200 204 "-" "Mozilla/5.0 IsItDown.no"
54.217.213.13 - - [05/Dec/2013:18:13:29 +0000] "GET /index.html HTTP/1.1" 200 204 "-" "Mozilla/5.0 IsItDown.no"
54.217.213.13 - - [05/Dec/2013:18:14:29 +0000] "GET /index.html HTTP/1.1" 200 204 "-" "Mozilla/5.0 IsItDown.no"
54.217.213.13 - - [05/Dec/2013:18:15:29 +0000] "GET /index.html HTTP/1.1" 200 204 "-" "Mozilla/5.0 IsItDown.no"
54.217.213.13 - - [05/Dec/2013:18:16:29 +0000] "GET /index.html HTTP/1.1" 200 204 "-" "Mozilla/5.0 IsItDown.no"
54.217.213.13 - - [05/Dec/2013:18:17:29 +0000] "GET /index.html HTTP/1.1" 200 204 "-" "Mozilla/5.0 IsItDown.no"
54.217.213.13 - - [05/Dec/2013:18:18:30 +0000] "GET /index.html HTTP/1.1" 200 204 "-" "Mozilla/5.0 IsItDown.no"
54.217.213.13 - - [05/Dec/2013:18:19:30 +0000] "GET /index.html HTTP/1.1" 200 204 "-" "Mozilla/5.0 IsItDown.no"
54.217.213.13 - - [05/Dec/2013:18:20:30 +0000] "GET /index.html HTTP/1.1" 200 204 "-" "Mozilla/5.0 IsItDown.no"
54.217.213.13 - - [05/Dec/2013:18:21:30 +0000] "GET /index.html HTTP/1.1" 200 204 "-" "Mozilla/5.0 IsItDown.no"
85.10.246.236 - - [05/Dec/2013:18:22:15 +0000] "HEAD /episodes/26.mp3 HTTP/1.1" 200 0 "-" "PritTorrent/1.0"
54.217.213.13 - - [05/Dec/2013:18:22:30 +0000] "GET /index.html HTTP/1.1" 200 204 "-" "Mozilla/5.0 IsItDown.no"
54.217.213.13 - - [05/Dec/2013:18:23:30 +0000] "GET /index.html HTTP/1.1" 200 204 "-" "Mozilla/5.0 IsItDown.no"
54.217.213.13 - - [05/Dec/2013:18:24:30 +0000] "GET /index.html HTTP/1.1" 200 204 "-" "Mozilla/5.0 IsItDown.no"
54.217.213.13 - - [05/Dec/2013:18:25:30 +0000] "GET /index.html HTTP/1.1" 200 204 "-" "Mozilla/5.0 IsItDown.no"
54.217.213.13 - - [05/Dec/2013:18:26:30 +0000] "GET /index.html HTTP/1.1" 200 204 "-" "Mozilla/5.0 IsItDown.no"
54.217.213.13 - - [05/Dec/2013:18:27:30 +0000] "GET /index.html HTTP/1.1" 200 204 "-" "Mozilla/5.0 IsItDown.no"
82.239.31.145 - - [05/Dec/2013:18:28:01 +0000] "GET /episodes/26.mp3 HTTP/1.1" 304 0 "http://episodes.gitminutes.com/2013/12/gitminutes-26-campbell-barton-on-tricky.html" "Mozilla/5.0 (X11; Linux x86_64) AppleWebKit/537.36 (KHTML, like Gecko) Chrome/31.0.1650.57 Safari/537.36"
54.217.213.13 - - [05/Dec/2013:18:28:30 +0000] "GET /index.html HTTP/1.1" 200 204 "-" "Mozilla/5.0 IsItDown.no"
54.217.213.13 - - [05/Dec/2013:18:29:30 +0000] "GET /index.html HTTP/1.1" 200 204 "-" "Mozilla/5.0 IsItDown.no"
54.217.213.13 - - [05/Dec/2013:18:30:30 +0000] "GET /index.html HTTP/1.1" 200 204 "-" "Mozilla/5.0 IsItDown.no"
54.217.213.13 - - [05/Dec/2013:18:31:30 +0000] "GET /index.html HTTP/1.1" 200 204 "-" "Mozilla/5.0 IsItDown.no"
54.217.213.13 - - [05/Dec/2013:18:32:30 +0000] "GET /index.html HTTP/1.1" 200 204 "-" "Mozilla/5.0 IsItDown.no"
54.217.213.13 - - [05/Dec/2013:18:33:30 +0000] "GET /index.html HTTP/1.1" 200 204 "-" "Mozilla/5.0 IsItDown.no"
54.217.213.13 - - [05/Dec/2013:18:34:30 +0000] "GET /index.html HTTP/1.1" 200 204 "-" "Mozilla/5.0 IsItDown.no"
54.217.213.13 - - [05/Dec/2013:18:35:30 +0000] "GET /index.html HTTP/1.1" 200 204 "-" "Mozilla/5.0 IsItDown.no"
54.217.213.13 - - [05/Dec/2013:18:36:30 +0000] "GET /index.html HTTP/1.1" 200 204 "-" "Mozilla/5.0 IsItDown.no"
85.10.246.236 - - [05/Dec/2013:18:37:16 +0000] "HEAD /episodes/26.mp3 HTTP/1.1" 200 0 "-" "PritTorrent/1.0"
54.217.213.13 - - [05/Dec/2013:18:37:30 +0000] "GET /index.html HTTP/1.1" 200 204 "-" "Mozilla/5.0 IsItDown.no"
54.217.213.13 - - [05/Dec/2013:18:38:30 +0000] "GET /index.html HTTP/1.1" 200 204 "-" "Mozilla/5.0 IsItDown.no"
188.29.166.89 - - [05/Dec/2013:18:39:18 +0000] "GET /episodes/26.mp3 HTTP/1.1" 206 30466393 "-" "Shifty Jelly Pocket Casts, Android v4.4.2"
188.29.166.89 - - [05/Dec/2013:18:39:22 +0000] "GET /episodes/26.mp3 HTTP/1.1" 200 30960300 "-" "Shifty Jelly Pocket Casts, Android v4.4.2"
54.217.213.13 - - [05/Dec/2013:18:39:30 +0000] "GET /index.html HTTP/1.1" 200 204 "-" "Mozilla/5.0 IsItDown.no"
54.217.213.13 - - [05/Dec/2013:18:40:30 +0000] "GET /index.html HTTP/1.1" 200 204 "-" "Mozilla/5.0 IsItDown.no"
54.217.213.13 - - [05/Dec/2013:18:41:30 +0000] "GET /index.html HTTP/1.1" 200 204 "-" "Mozilla/5.0 IsItDown.no"
54.217.213.13 - - [05/Dec/2013:18:42:31 +0000] "GET /index.html HTTP/1.1" 200 204 "-" "Mozilla/5.0 IsItDown.no"
54.217.213.13 - - [05/Dec/2013:18:43:31 +0000] "GET /index.html HTTP/1.1" 200 204 "-" "Mozilla/5.0 IsItDown.no"
54.217.213.13 - - [05/Dec/2013:18:44:31 +0000] "GET /index.html HTTP/1.1" 200 204 "-" "Mozilla/5.0 IsItDown.no"
54.217.213.13 - - [05/Dec/2013:18:45:31 +0000] "GET /index.html HTTP/1.1" 200 204 "-" "Mozilla/5.0 IsItDown.no"
54.217.213.13 - - [05/Dec/2013:18:46:31 +0000] "GET /index.html HTTP/1.1" 200 204 "-" "Mozilla/5.0 IsItDown.no"
54.217.213.13 - - [05/Dec/2013:18:47:31 +0000] "GET /index.html HTTP/1.1" 200 204 "-" "Mozilla/5.0 IsItDown.no"
54.217.213.13 - - [05/Dec/2013:18:48:31 +0000] "GET /index.html HTTP/1.1" 200 204 "-" "Mozilla/5.0 IsItDown.no"
54.217.213.13 - - [05/Dec/2013:18:49:31 +0000] "GET /index.html HTTP/1.1" 200 204 "-" "Mozilla/5.0 IsItDown.no"
54.217.213.13 - - [05/Dec/2013:18:50:31 +0000] "GET /index.html HTTP/1.1" 200 204 "-" "Mozilla/5.0 IsItDown.no"
54.217.213.13 - - [05/Dec/2013:18:51:31 +0000] "GET /index.html HTTP/1.1" 200 204 "-" "Mozilla/5.0 IsItDown.no"
85.10.246.236 - - [05/Dec/2013:18:52:18 +0000] "HEAD /episodes/26.mp3 HTTP/1.1" 200 0 "-" "PritTorrent/1.0"
54.217.213.13 - - [05/Dec/2013:18:52:31 +0000] "GET /index.html HTTP/1.1" 200 204 "-" "Mozilla/5.0 IsItDown.no"
54.217.213.13 - - [05/Dec/2013:18:53:31 +0000] "GET /index.html HTTP/1.1" 200 204 "-" "Mozilla/5.0 IsItDown.no"
54.217.213.13 - - [05/Dec/2013:18:54:31 +0000] "GET /index.html HTTP/1.1" 200 204 "-" "Mozilla/5.0 IsItDown.no"
54.217.213.13 - - [05/Dec/2013:18:55:31 +0000] "GET /index.html HTTP/1.1" 200 204 "-" "Mozilla/5.0 IsItDown.no"
54.217.213.13 - - [05/Dec/2013:18:56:31 +0000] "GET /index.html HTTP/1.1" 200 204 "-" "Mozilla/5.0 IsItDown.no"
46.229.164.98 - - [05/Dec/2013:18:57:12 +0000] "GET /episodes/10.mp3 HTTP/1.1" 200 30192 "-" "Mozilla/5.0 (compatible; SemrushBot/0.97; +http://www.semrush.com/bot.html)"
54.217.213.13 - - [05/Dec/2013:18:57:31 +0000] "GET /index.html HTTP/1.1" 200 204 "-" "Mozilla/5.0 IsItDown.no"
54.217.213.13 - - [05/Dec/2013:18:58:31 +0000] "GET /index.html HTTP/1.1" 200 204 "-" "Mozilla/5.0 IsItDown.no"
220.181.51.217 - - [05/Dec/2013:18:58:53 +0000] "GET /episodes/12.mp3 HTTP/1.0" 200 30444 "-" "NSPlayer/10.0.0.4072 WMFSDK/10.0"
54.217.213.13 - - [05/Dec/2013:18:59:31 +0000] "GET /index.html HTTP/1.1" 200 204 "-" "Mozilla/5.0 IsItDown.no"
46.229.164.98 - - [05/Dec/2013:19:00:12 +0000] "GET /episodes/08.mp3 HTTP/1.1" 200 30192 "-" "Mozilla/5.0 (compatible; SemrushBot/0.97; +http://www.semrush.com/bot.html)"
54.217.213.13 - - [05/Dec/2013:19:00:31 +0000] "GET /index.html HTTP/1.1" 200 204 "-" "Mozilla/5.0 IsItDown.no"
54.217.213.13 - - [05/Dec/2013:19:01:32 +0000] "GET /index.html HTTP/1.1" 200 204 "-" "Mozilla/5.0 IsItDown.no"
54.217.213.13 - - [05/Dec/2013:19:02:32 +0000] "GET /index.html HTTP/1.1" 200 204 "-" "Mozilla/5.0 IsItDown.no"
54.217.213.13 - - [05/Dec/2013:19:03:32 +0000] "GET /index.html HTTP/1.1" 200 204 "-" "Mozilla/5.0 IsItDown.no"
46.229.164.99 - - [05/Dec/2013:19:04:31 +0000] "GET /episodes/06.mp3 HTTP/1.1" 200 30192 "-" "Mozilla/5.0 (compatible; SemrushBot/0.97; +http://www.semrush.com/bot.html)"
54.217.213.13 - - [05/Dec/2013:19:04:32 +0000] "GET /index.html HTTP/1.1" 200 204 "-" "Mozilla/5.0 IsItDown.no"
54.217.213.13 - - [05/Dec/2013:19:05:32 +0000] "GET /index.html HTTP/1.1" 200 204 "-" "Mozilla/5.0 IsItDown.no"
54.217.213.13 - - [05/Dec/2013:19:06:32 +0000] "GET /index.html HTTP/1.1" 200 204 "-" "Mozilla/5.0 IsItDown.no"
85.10.246.236 - - [05/Dec/2013:19:07:25 +0000] "HEAD /episodes/26.mp3 HTTP/1.1" 200 0 "-" "PritTorrent/1.0"
54.217.213.13 - - [05/Dec/2013:19:07:32 +0000] "GET /index.html HTTP/1.1" 200 204 "-" "Mozilla/5.0 IsItDown.no"
46.229.164.98 - - [05/Dec/2013:19:08:24 +0000] "GET /episodes/18.mp3 HTTP/1.1" 200 30192 "-" "Mozilla/5.0 (compatible; SemrushBot/0.97; +http://www.semrush.com/bot.html)"
54.217.213.13 - - [05/Dec/2013:19:08:32 +0000] "GET /index.html HTTP/1.1" 200 204 "-" "Mozilla/5.0 IsItDown.no"
54.217.213.13 - - [05/Dec/2013:19:09:32 +0000] "GET /index.html HTTP/1.1" 200 204 "-" "Mozilla/5.0 IsItDown.no"
37.191.128.245 - - [05/Dec/2013:19:10:06 +0000] "GET /episodes/21.mp3 HTTP/1.1" 206 43186 "http://episodes.gitminutes.com/2013/09/gitminutes-21-karoline-and-arve-on.html" "Opera/9.80 (X11; Linux x86_64) Presto/2.12.388 Version/12.16"
54.217.213.13 - - [05/Dec/2013:19:10:32 +0000] "GET /index.html HTTP/1.1" 200 204 "-" "Mozilla/5.0 IsItDown.no"
37.191.128.245 - - [05/Dec/2013:19:10:42 +0000] "GET /episodes/20.mp3 HTTP/1.1" 206 79386 "http://episodes.gitminutes.com/2013/08/gitminutes-20-mick-wever-on-migrating.html" "Opera/9.80 (X11; Linux x86_64) Presto/2.12.388 Version/12.16"
37.191.128.245 - - [05/Dec/2013:19:10:42 +0000] "GET /episodes/02.mp3 HTTP/1.1" 206 73594 "http://episodes.gitminutes.com/2013/04/gitminutes-02-matthew-mccullough-on.html" "Opera/9.80 (X11; Linux x86_64) Presto/2.12.388 Version/12.16"
46.229.164.101 - - [05/Dec/2013:19:11:23 +0000] "GET /episodes/11.mp3 HTTP/1.1" 200 30192 "-" "Mozilla/5.0 (compatible; SemrushBot/0.97; +http://www.semrush.com/bot.html)"
54.217.213.13 - - [05/Dec/2013:19:11:32 +0000] "GET /index.html HTTP/1.1" 200 204 "-" "Mozilla/5.0 IsItDown.no"
54.217.213.13 - - [05/Dec/2013:19:12:32 +0000] "GET /index.html HTTP/1.1" 200 204 "-" "Mozilla/5.0 IsItDown.no"
54.217.213.13 - - [05/Dec/2013:19:13:32 +0000] "GET /index.html HTTP/1.1" 200 204 "-" "Mozilla/5.0 IsItDown.no"
46.229.164.98 - - [05/Dec/2013:19:14:16 +0000] "GET /episodes/16.mp3 HTTP/1.1" 200 30192 "-" "Mozilla/5.0 (compatible; SemrushBot/0.97; +http://www.semrush.com/bot.html)"
54.217.213.13 - - [05/Dec/2013:19:14:32 +0000] "GET /index.html HTTP/1.1" 200 204 "-" "Mozilla/5.0 IsItDown.no"
54.217.213.13 - - [05/Dec/2013:19:15:32 +0000] "GET /index.html HTTP/1.1" 200 204 "-" "Mozilla/5.0 IsItDown.no"
54.217.213.13 - - [05/Dec/2013:19:16:32 +0000] "GET /index.html HTTP/1.1" 200 204 "-" "Mozilla/5.0 IsItDown.no"
46.229.164.101 - - [05/Dec/2013:19:17:00 +0000] "GET /episodes/09.mp3 HTTP/1.1" 200 30192 "-" "Mozilla/5.0 (compatible; SemrushBot/0.97; +http://www.semrush.com/bot.html)"
54.217.213.13 - - [05/Dec/2013:19:17:32 +0000] "GET /index.html HTTP/1.1" 200 204 "-" "Mozilla/5.0 IsItDown.no"
54.217.213.13 - - [05/Dec/2013:19:18:32 +0000] "GET /index.html HTTP/1.1" 200 204 "-" "Mozilla/5.0 IsItDown.no"
46.229.164.101 - - [05/Dec/2013:19:19:10 +0000] "GET /episodes/04.mp3 HTTP/1.1" 200 30192 "-" "Mozilla/5.0 (compatible; SemrushBot/0.97; +http://www.semrush.com/bot.html)"
54.217.213.13 - - [05/Dec/2013:19:19:32 +0000] "GET /index.html HTTP/1.1" 200 204 "-" "Mozilla/5.0 IsItDown.no"
54.217.213.13 - - [05/Dec/2013:19:20:32 +0000] "GET /index.html HTTP/1.1" 200 204 "-" "Mozilla/5.0 IsItDown.no"
54.217.213.13 - - [05/Dec/2013:19:21:32 +0000] "GET /index.html HTTP/1.1" 200 204 "-" "Mozilla/5.0 IsItDown.no"
46.229.164.101 - - [05/Dec/2013:19:21:43 +0000] "GET /episodes/15.mp3 HTTP/1.1" 200 30192 "-" "Mozilla/5.0 (compatible; SemrushBot/0.97; +http://www.semrush.com/bot.html)"
85.10.246.236 - - [05/Dec/2013:19:22:26 +0000] "HEAD /episodes/26.mp3 HTTP/1.1" 200 0 "-" "PritTorrent/1.0"
54.217.213.13 - - [05/Dec/2013:19:22:32 +0000] "GET /index.html HTTP/1.1" 200 204 "-" "Mozilla/5.0 IsItDown.no"
46.229.164.99 - - [05/Dec/2013:19:23:24 +0000] "GET /episodes/12.mp3 HTTP/1.1" 200 30192 "-" "Mozilla/5.0 (compatible; SemrushBot/0.97; +http://www.semrush.com/bot.html)"
54.217.213.13 - - [05/Dec/2013:19:23:33 +0000] "GET /index.html HTTP/1.1" 200 204 "-" "Mozilla/5.0 IsItDown.no"
54.217.213.13 - - [05/Dec/2013:19:24:33 +0000] "GET /index.html HTTP/1.1" 200 204 "-" "Mozilla/5.0 IsItDown.no"
46.229.164.101 - - [05/Dec/2013:19:25:05 +0000] "GET /episodes/13.mp3 HTTP/1.1" 200 30192 "-" "Mozilla/5.0 (compatible; SemrushBot/0.97; +http://www.semrush.com/bot.html)"
54.217.213.13 - - [05/Dec/2013:19:25:33 +0000] "GET /index.html HTTP/1.1" 200 204 "-" "Mozilla/5.0 IsItDown.no"
54.217.213.13 - - [05/Dec/2013:19:26:33 +0000] "GET /index.html HTTP/1.1" 200 204 "-" "Mozilla/5.0 IsItDown.no"
46.229.164.99 - - [05/Dec/2013:19:27:15 +0000] "GET /episodes/14.mp3 HTTP/1.1" 200 30192 "-" "Mozilla/5.0 (compatible; SemrushBot/0.97; +http://www.semrush.com/bot.html)"
54.217.213.13 - - [05/Dec/2013:19:27:33 +0000] "GET /index.html HTTP/1.1" 200 204 "-" "Mozilla/5.0 IsItDown.no"
54.217.213.13 - - [05/Dec/2013:19:28:33 +0000] "GET /index.html HTTP/1.1" 200 204 "-" "Mozilla/5.0 IsItDown.no"
220.181.51.218 - - [05/Dec/2013:19:29:06 +0000] "GET /episodes/12.mp3 HTTP/1.0" 200 30444 "-" "NSPlayer/10.0.0.4072 WMFSDK/10.0"
54.217.213.13 - - [05/Dec/2013:19:29:33 +0000] "GET /index.html HTTP/1.1" 200 204 "-" "Mozilla/5.0 IsItDown.no"
54.217.213.13 - - [05/Dec/2013:19:30:33 +0000] "GET /index.html HTTP/1.1" 200 204 "-" "Mozilla/5.0 IsItDown.no"
54.217.213.13 - - [05/Dec/2013:19:31:33 +0000] "GET /index.html HTTP/1.1" 200 204 "-" "Mozilla/5.0 IsItDown.no"
54.217.213.13 - - [05/Dec/2013:19:32:33 +0000] "GET /index.html HTTP/1.1" 200 204 "-" "Mozilla/5.0 IsItDown.no"
54.217.213.13 - - [05/Dec/2013:19:33:33 +0000] "GET /index.html HTTP/1.1" 200 204 "-" "Mozilla/5.0 IsItDown.no"
54.217.213.13 - - [05/Dec/2013:19:34:33 +0000] "GET /index.html HTTP/1.1" 200 204 "-" "Mozilla/5.0 IsItDown.no"
54.217.213.13 - - [05/Dec/2013:19:35:33 +0000] "GET /index.html HTTP/1.1" 200 204 "-" "Mozilla/5.0 IsItDown.no"
54.217.213.13 - - [05/Dec/2013:19:36:33 +0000] "GET /index.html HTTP/1.1" 200 204 "-" "Mozilla/5.0 IsItDown.no"
85.10.246.236 - - [05/Dec/2013:19:37:29 +0000] "HEAD /episodes/26.mp3 HTTP/1.1" 200 0 "-" "PritTorrent/1.0"
54.217.213.13 - - [05/Dec/2013:19:37:33 +0000] "GET /index.html HTTP/1.1" 200 204 "-" "Mozilla/5.0 IsItDown.no"
54.217.213.13 - - [05/Dec/2013:19:38:33 +0000] "GET /index.html HTTP/1.1" 200 204 "-" "Mozilla/5.0 IsItDown.no"
54.217.213.13 - - [05/Dec/2013:19:39:33 +0000] "GET /index.html HTTP/1.1" 200 204 "-" "Mozilla/5.0 IsItDown.no"
54.217.213.13 - - [05/Dec/2013:19:40:33 +0000] "GET /index.html HTTP/1.1" 200 204 "-" "Mozilla/5.0 IsItDown.no"
54.217.213.13 - - [05/Dec/2013:19:41:34 +0000] "GET /index.html HTTP/1.1" 200 204 "-" "Mozilla/5.0 IsItDown.no"
54.217.213.13 - - [05/Dec/2013:19:42:34 +0000] "GET /index.html HTTP/1.1" 200 204 "-" "Mozilla/5.0 IsItDown.no"
54.217.213.13 - - [05/Dec/2013:19:43:34 +0000] "GET /index.html HTTP/1.1" 200 204 "-" "Mozilla/5.0 IsItDown.no"
54.217.213.13 - - [05/Dec/2013:19:44:34 +0000] "GET /index.html HTTP/1.1" 200 204 "-" "Mozilla/5.0 IsItDown.no"
54.217.213.13 - - [05/Dec/2013:19:45:34 +0000] "GET /index.html HTTP/1.1" 200 204 "-" "Mozilla/5.0 IsItDown.no"
54.217.213.13 - - [05/Dec/2013:19:46:34 +0000] "GET /index.html HTTP/1.1" 200 204 "-" "Mozilla/5.0 IsItDown.no"
54.217.213.13 - - [05/Dec/2013:19:47:34 +0000] "GET /index.html HTTP/1.1" 200 204 "-" "Mozilla/5.0 IsItDown.no"
54.217.213.13 - - [05/Dec/2013:19:48:34 +0000] "GET /index.html HTTP/1.1" 200 204 "-" "Mozilla/5.0 IsItDown.no"
54.217.213.13 - - [05/Dec/2013:19:49:34 +0000] "GET /index.html HTTP/1.1" 200 204 "-" "Mozilla/5.0 IsItDown.no"
77.183.167.203 - - [05/Dec/2013:19:49:55 +0000] "GET /episodes/10.mp3 HTTP/1.1" 200 21365409 "-" "stagefright/1.2 (Linux;Android 4.2.2)"
77.183.167.203 - - [05/Dec/2013:19:49:57 +0000] "GET /episodes/09.mp3 HTTP/1.1" 200 21451459 "-" "stagefright/1.2 (Linux;Android 4.2.2)"
54.217.213.13 - - [05/Dec/2013:19:50:34 +0000] "GET /index.html HTTP/1.1" 200 204 "-" "Mozilla/5.0 IsItDown.no"
77.183.167.203 - - [05/Dec/2013:19:51:00 +0000] "GET /episodes/13.mp3 HTTP/1.1" 200 23694509 "-" "Mozilla/5.0 (Linux; U; en-us; BeyondPod)"
123.125.71.147 - - [05/Dec/2013:19:51:04 +0000] "GET /episodes/17.mp3 HTTP/1.0" 200 30444 "-" "NSPlayer/10.0.0.4072 WMFSDK/10.0"
54.217.213.13 - - [05/Dec/2013:19:51:35 +0000] "GET /index.html HTTP/1.1" 200 204 "-" "Mozilla/5.0 IsItDown.no"
77.183.167.203 - - [05/Dec/2013:19:51:49 +0000] "GET /episodes/14.mp3 HTTP/1.1" 200 21480259 "-" "stagefright/1.2 (Linux;Android 4.2.2)"
77.183.167.203 - - [05/Dec/2013:19:51:49 +0000] "GET /episodes/17.mp3 HTTP/1.1" 200 21380899 "-" "stagefright/1.2 (Linux;Android 4.2.2)"
77.183.167.203 - - [05/Dec/2013:19:51:49 +0000] "GET /episodes/13.mp3 HTTP/1.1" 200 21357859 "-" "stagefright/1.2 (Linux;Android 4.2.2)"
85.10.246.236 - - [05/Dec/2013:19:52:29 +0000] "HEAD /episodes/26.mp3 HTTP/1.1" 200 0 "-" "PritTorrent/1.0"
54.217.213.13 - - [05/Dec/2013:19:52:35 +0000] "GET /index.html HTTP/1.1" 200 204 "-" "Mozilla/5.0 IsItDown.no"
54.217.213.13 - - [05/Dec/2013:19:53:35 +0000] "GET /index.html HTTP/1.1" 200 204 "-" "Mozilla/5.0 IsItDown.no"
77.183.167.203 - - [05/Dec/2013:19:54:30 +0000] "GET /episodes/17.mp3 HTTP/1.1" 200 36009079 "-" "Mozilla/5.0 (Linux; U; en-us; BeyondPod)"
54.217.213.13 - - [05/Dec/2013:19:54:35 +0000] "GET /index.html HTTP/1.1" 200 204 "-" "Mozilla/5.0 IsItDown.no"
54.217.213.13 - - [05/Dec/2013:19:55:35 +0000] "GET /index.html HTTP/1.1" 200 204 "-" "Mozilla/5.0 IsItDown.no"
54.217.213.13 - - [05/Dec/2013:19:56:35 +0000] "GET /index.html HTTP/1.1" 200 204 "-" "Mozilla/5.0 IsItDown.no"
54.217.213.13 - - [05/Dec/2013:19:57:35 +0000] "GET /index.html HTTP/1.1" 200 204 "-" "Mozilla/5.0 IsItDown.no"
54.217.213.13 - - [05/Dec/2013:19:58:35 +0000] "GET /index.html HTTP/1.1" 200 204 "-" "Mozilla/5.0 IsItDown.no"
220.181.51.217 - - [05/Dec/2013:19:59:28 +0000] "GET /episodes/12.mp3 HTTP/1.0" 200 30444 "-" "NSPlayer/10.0.0.4072 WMFSDK/10.0"
54.217.213.13 - - [05/Dec/2013:19:59:35 +0000] "GET /index.html HTTP/1.1" 200 204 "-" "Mozilla/5.0 IsItDown.no"
54.217.213.13 - - [05/Dec/2013:20:00:36 +0000] "GET /index.html HTTP/1.1" 200 204 "-" "Mozilla/5.0 IsItDown.no"
54.217.213.13 - - [05/Dec/2013:20:01:36 +0000] "GET /index.html HTTP/1.1" 200 204 "-" "Mozilla/5.0 IsItDown.no"
54.217.213.13 - - [05/Dec/2013:20:02:36 +0000] "GET /index.html HTTP/1.1" 200 204 "-" "Mozilla/5.0 IsItDown.no"
54.217.213.13 - - [05/Dec/2013:20:03:36 +0000] "GET /index.html HTTP/1.1" 200 204 "-" "Mozilla/5.0 IsItDown.no"
54.217.213.13 - - [05/Dec/2013:20:04:36 +0000] "GET /index.html HTTP/1.1" 200 204 "-" "Mozilla/5.0 IsItDown.no"
54.217.213.13 - - [05/Dec/2013:20:05:36 +0000] "GET /index.html HTTP/1.1" 200 204 "-" "Mozilla/5.0 IsItDown.no"
134.93.39.22 - - [05/Dec/2013:20:06:22 +0000] "GET /episodes/27.mp3 HTTP/1.1" 200 272 "http://files.gitminutes.com/episodes/27.mp3" "."
54.217.213.13 - - [05/Dec/2013:20:06:36 +0000] "GET /index.html HTTP/1.1" 200 204 "-" "Mozilla/5.0 IsItDown.no"
85.10.246.236 - - [05/Dec/2013:20:07:31 +0000] "HEAD /episodes/26.mp3 HTTP/1.1" 200 0 "-" "PritTorrent/1.0"
54.217.213.13 - - [05/Dec/2013:20:07:36 +0000] "GET /index.html HTTP/1.1" 200 204 "-" "Mozilla/5.0 IsItDown.no"
54.217.213.13 - - [05/Dec/2013:20:08:36 +0000] "GET /index.html HTTP/1.1" 200 204 "-" "Mozilla/5.0 IsItDown.no"
54.217.213.13 - - [05/Dec/2013:20:09:36 +0000] "GET /index.html HTTP/1.1" 200 204 "-" "Mozilla/5.0 IsItDown.no"
54.217.213.13 - - [05/Dec/2013:20:10:37 +0000] "GET /index.html HTTP/1.1" 200 204 "-" "Mozilla/5.0 IsItDown.no"
71.10.248.16 - - [05/Dec/2013:20:10:42 +0000] "GET /episodes/26.mp3 HTTP/1.1" 206 1024 "-" "Stitcher/iOS"
54.217.213.13 - - [05/Dec/2013:20:11:37 +0000] "GET /index.html HTTP/1.1" 200 204 "-" "Mozilla/5.0 IsItDown.no"
54.217.213.13 - - [05/Dec/2013:20:12:37 +0000] "GET /index.html HTTP/1.1" 200 204 "-" "Mozilla/5.0 IsItDown.no"
54.217.213.13 - - [05/Dec/2013:20:13:37 +0000] "GET /index.html HTTP/1.1" 200 204 "-" "Mozilla/5.0 IsItDown.no"
54.217.213.13 - - [05/Dec/2013:20:14:37 +0000] "GET /index.html HTTP/1.1" 200 204 "-" "Mozilla/5.0 IsItDown.no"
54.217.213.13 - - [05/Dec/2013:20:15:37 +0000] "GET /index.html HTTP/1.1" 200 204 "-" "Mozilla/5.0 IsItDown.no"
54.217.213.13 - - [05/Dec/2013:20:16:37 +0000] "GET /index.html HTTP/1.1" 200 204 "-" "Mozilla/5.0 IsItDown.no"
54.217.213.13 - - [05/Dec/2013:20:17:37 +0000] "GET /index.html HTTP/1.1" 200 204 "-" "Mozilla/5.0 IsItDown.no"
54.217.213.13 - - [05/Dec/2013:20:18:37 +0000] "GET /index.html HTTP/1.1" 200 204 "-" "Mozilla/5.0 IsItDown.no"
54.217.213.13 - - [05/Dec/2013:20:19:37 +0000] "GET /index.html HTTP/1.1" 200 204 "-" "Mozilla/5.0 IsItDown.no"
54.217.213.13 - - [05/Dec/2013:20:20:39 +0000] "GET /index.html HTTP/1.1" 200 204 "-" "Mozilla/5.0 IsItDown.no"
54.217.213.13 - - [05/Dec/2013:20:21:39 +0000] "GET /index.html HTTP/1.1" 200 204 "-" "Mozilla/5.0 IsItDown.no"
85.10.246.236 - - [05/Dec/2013:20:22:33 +0000] "HEAD /episodes/26.mp3 HTTP/1.1" 200 0 "-" "PritTorrent/1.0"
54.217.213.13 - - [05/Dec/2013:20:22:39 +0000] "GET /index.html HTTP/1.1" 200 204 "-" "Mozilla/5.0 IsItDown.no"
54.217.213.13 - - [05/Dec/2013:20:23:41 +0000] "GET /index.html HTTP/1.1" 200 204 "-" "Mozilla/5.0 IsItDown.no"
211.155.95.122 - - [05/Dec/2013:20:24:36 +0000] "GET /w00tw00t.at.blackhats.romanian.anti-sec:) HTTP/1.1" 200 204 "-" "ZmEu"
211.155.95.122 - - [05/Dec/2013:20:24:38 +0000] "GET /phpMyAdmin/scripts/setup.php HTTP/1.1" 200 204 "-" "ZmEu"
211.155.95.122 - - [05/Dec/2013:20:24:39 +0000] "GET /phpmyadmin/scripts/setup.php HTTP/1.1" 200 204 "-" "ZmEu"
211.155.95.122 - - [05/Dec/2013:20:24:39 +0000] "GET /myadmin/scripts/setup.php HTTP/1.1" 200 204 "-" "ZmEu"
211.155.95.122 - - [05/Dec/2013:20:24:39 +0000] "GET /MyAdmin/scripts/setup.php HTTP/1.1" 200 204 "-" "ZmEu"
54.217.213.13 - - [05/Dec/2013:20:24:41 +0000] "GET /index.html HTTP/1.1" 200 204 "-" "Mozilla/5.0 IsItDown.no"
54.217.213.13 - - [05/Dec/2013:20:25:42 +0000] "GET /index.html HTTP/1.1" 200 204 "-" "Mozilla/5.0 IsItDown.no"
54.217.213.13 - - [05/Dec/2013:20:26:42 +0000] "GET /index.html HTTP/1.1" 200 204 "-" "Mozilla/5.0 IsItDown.no"
54.217.213.13 - - [05/Dec/2013:20:27:42 +0000] "GET /index.html HTTP/1.1" 200 204 "-" "Mozilla/5.0 IsItDown.no"
54.217.213.13 - - [05/Dec/2013:20:28:42 +0000] "GET /index.html HTTP/1.1" 200 204 "-" "Mozilla/5.0 IsItDown.no"
220.181.51.218 - - [05/Dec/2013:20:29:37 +0000] "GET /episodes/12.mp3 HTTP/1.0" 200 30444 "-" "NSPlayer/10.0.0.4072 WMFSDK/10.0"
54.217.213.13 - - [05/Dec/2013:20:29:42 +0000] "GET /index.html HTTP/1.1" 200 204 "-" "Mozilla/5.0 IsItDown.no"
54.217.213.13 - - [05/Dec/2013:20:30:42 +0000] "GET /index.html HTTP/1.1" 200 204 "-" "Mozilla/5.0 IsItDown.no"
54.217.213.13 - - [05/Dec/2013:20:31:42 +0000] "GET /index.html HTTP/1.1" 200 204 "-" "Mozilla/5.0 IsItDown.no"
54.217.213.13 - - [05/Dec/2013:20:32:42 +0000] "GET /index.html HTTP/1.1" 200 204 "-" "Mozilla/5.0 IsItDown.no"
54.217.213.13 - - [05/Dec/2013:20:33:42 +0000] "GET /index.html HTTP/1.1" 200 204 "-" "Mozilla/5.0 IsItDown.no"
54.217.213.13 - - [05/Dec/2013:20:34:42 +0000] "GET /index.html HTTP/1.1" 200 204 "-" "Mozilla/5.0 IsItDown.no"
54.217.213.13 - - [05/Dec/2013:20:35:43 +0000] "GET /index.html HTTP/1.1" 200 204 "-" "Mozilla/5.0 IsItDown.no"
54.217.213.13 - - [05/Dec/2013:20:36:43 +0000] "GET /index.html HTTP/1.1" 200 204 "-" "Mozilla/5.0 IsItDown.no"
85.10.246.236 - - [05/Dec/2013:20:37:35 +0000] "HEAD /episodes/26.mp3 HTTP/1.1" 200 0 "-" "PritTorrent/1.0"
123.125.71.148 - - [05/Dec/2013:20:37:37 +0000] "GET /episodes/17.mp3 HTTP/1.0" 200 30444 "-" "NSPlayer/10.0.0.4072 WMFSDK/10.0"
54.217.213.13 - - [05/Dec/2013:20:37:43 +0000] "GET /index.html HTTP/1.1" 200 204 "-" "Mozilla/5.0 IsItDown.no"
54.217.213.13 - - [05/Dec/2013:20:38:43 +0000] "GET /index.html HTTP/1.1" 200 204 "-" "Mozilla/5.0 IsItDown.no"
54.217.213.13 - - [05/Dec/2013:20:39:43 +0000] "GET /index.html HTTP/1.1" 200 204 "-" "Mozilla/5.0 IsItDown.no"
54.217.213.13 - - [05/Dec/2013:20:40:43 +0000] "GET /index.html HTTP/1.1" 200 204 "-" "Mozilla/5.0 IsItDown.no"
