54.217.213.13 - - [05/Dec/2013:20:41:43 +0000] "GET /index.html HTTP/1.1" 200 204 "-" "Mozilla/5.0 IsItDown.no"
54.217.213.13 - - [05/Dec/2013:20:42:43 +0000] "GET /index.html HTTP/1.1" 200 204 "-" "Mozilla/5.0 IsItDown.no"
54.217.213.13 - - [05/Dec/2013:20:43:43 +0000] "GET /index.html HTTP/1.1" 200 204 "-" "Mozilla/5.0 IsItDown.no"
54.217.213.13 - - [05/Dec/2013:20:44:43 +0000] "GET /index.html HTTP/1.1" 200 204 "-" "Mozilla/5.0 IsItDown.no"
54.217.213.13 - - [05/Dec/2013:20:45:43 +0000] "GET /index.html HTTP/1.1" 200 204 "-" "Mozilla/5.0 IsItDown.no"
54.217.213.13 - - [05/Dec/2013:20:46:43 +0000] "GET /index.html HTTP/1.1" 200 204 "-" "Mozilla/5.0 IsItDown.no"
109.68.191.26 - - [05/Dec/2013:20:47:38 +0000] "GET / HTTP/1.0" 200 272 "-" "masscan/1.0 (https://github.com/robertdavidgraham/masscan)"
54.217.213.13 - - [05/Dec/2013:20:47:44 +0000] "GET /index.html HTTP/1.1" 200 204 "-" "Mozilla/5.0 IsItDown.no"
54.217.213.13 - - [05/Dec/2013:20:48:44 +0000] "GET /index.html HTTP/1.1" 200 204 "-" "Mozilla/5.0 IsItDown.no"
54.217.213.13 - - [05/Dec/2013:20:49:44 +0000] "GET /index.html HTTP/1.1" 200 204 "-" "Mozilla/5.0 IsItDown.no"
54.217.213.13 - - [05/Dec/2013:20:50:44 +0000] "GET /index.html HTTP/1.1" 200 204 "-" "Mozilla/5.0 IsItDown.no"
93.134.239.149 - - [05/Dec/2013:20:50:53 +0000] "GET /episodes/26.mp3 HTTP/1.1" 200 2789059 "-" "Mozilla/5.0 (Linux; U; Windows NT 6.1; en-us; dream) DoggCatcher"
93.134.239.149 - - [05/Dec/2013:20:51:16 +0000] "GET /episodes/25.mp3 HTTP/1.1" 200 14677699 "-" "Mozilla/5.0 (Linux; U; Windows NT 6.1; en-us; dream) DoggCatcher"
54.217.213.13 - - [05/Dec/2013:20:51:44 +0000] "GET /index.html HTTP/1.1" 200 204 "-" "Mozilla/5.0 IsItDown.no"
54.217.213.13 - - [05/Dec/2013:20:52:44 +0000] "GET /index.html HTTP/1.1" 200 204 "-" "Mozilla/5.0 IsItDown.no"
93.134.239.149 - - [05/Dec/2013:20:53:02 +0000] "GET /episodes/25.mp3 HTTP/1.1" 206 16275831 "-" "Mozilla/5.0 (Linux; U; Windows NT 6.1; en-us; dream) DoggCatcher"
54.217.213.13 - - [05/Dec/2013:20:53:44 +0000] "GET /index.html HTTP/1.1" 200 204 "-" "Mozilla/5.0 IsItDown.no"
93.134.239.149 - - [05/Dec/2013:20:54:36 +0000] "GET /episodes/26.mp3 HTTP/1.1" 206 28265097 "-" "Mozilla/5.0 (Linux; U; Windows NT 6.1; en-us; dream) DoggCatcher"
54.217.213.13 - - [05/Dec/2013:20:54:44 +0000] "GET /index.html HTTP/1.1" 200 204 "-" "Mozilla/5.0 IsItDown.no"
54.217.213.13 - - [05/Dec/2013:20:55:44 +0000] "GET /index.html HTTP/1.1" 200 204 "-" "Mozilla/5.0 IsItDown.no"
54.217.213.13 - - [05/Dec/2013:20:56:44 +0000] "GET /index.html HTTP/1.1" 200 204 "-" "Mozilla/5.0 IsItDown.no"
54.217.213.13 - - [05/Dec/2013:20:57:44 +0000] "GET /index.html HTTP/1.1" 200 204 "-" "Mozilla/5.0 IsItDown.no"
85.10.246.236 - - [05/Dec/2013:20:57:45 +0000] "HEAD /episodes/26.mp3 HTTP/1.1" 200 0 "-" "PritTorrent/1.0"
54.217.213.13 - - [05/Dec/2013:20:58:44 +0000] "GET /index.html HTTP/1.1" 200 204 "-" "Mozilla/5.0 IsItDown.no"
54.217.213.13 - - [05/Dec/2013:20:59:44 +0000] "GET /index.html HTTP/1.1" 200 204 "-" "Mozilla/5.0 IsItDown.no"
220.181.51.218 - - [05/Dec/2013:20:59:45 +0000] "GET /episodes/12.mp3 HTTP/1.0" 200 30444 "-" "NSPlayer/10.0.0.4072 WMFSDK/10.0"
88.71.99.79 - - [05/Dec/2013:21:00:00 +0000] "GET /episodes/25.mp3 HTTP/1.1" 206 351106 "http://episodes.gitminutes.com/search/label/podcast" "Mozilla/5.0 (X11; Linux i686; rv:25.0) Gecko/20100101 Firefox/25.0"
88.71.99.79 - - [05/Dec/2013:21:00:00 +0000] "GET /episodes/23.mp3 HTTP/1.1" 206 286306 "http://episodes.gitminutes.com/search/label/podcast" "Mozilla/5.0 (X11; Linux i686; rv:25.0) Gecko/20100101 Firefox/25.0"
88.71.99.79 - - [05/Dec/2013:21:00:00 +0000] "GET /episodes/26.mp3 HTTP/1.1" 206 343906 "http://episodes.gitminutes.com/search/label/podcast" "Mozilla/5.0 (X11; Linux i686; rv:25.0) Gecko/20100101 Firefox/25.0"
88.71.99.79 - - [05/Dec/2013:21:00:00 +0000] "GET /episodes/24.mp3 HTTP/1.1" 206 388546 "http://episodes.gitminutes.com/search/label/podcast" "Mozilla/5.0 (X11; Linux i686; rv:25.0) Gecko/20100101 Firefox/25.0"
88.71.99.79 - - [05/Dec/2013:21:00:00 +0000] "GET /episodes/21.mp3 HTTP/1.1" 206 371266 "http://episodes.gitminutes.com/search/label/podcast" "Mozilla/5.0 (X11; Linux i686; rv:25.0) Gecko/20100101 Firefox/25.0"
88.71.99.79 - - [05/Dec/2013:21:00:00 +0000] "GET /episodes/22.mp3 HTTP/1.1" 206 320866 "http://episodes.gitminutes.com/search/label/podcast" "Mozilla/5.0 (X11; Linux i686; rv:25.0) Gecko/20100101 Firefox/25.0"
88.71.99.79 - - [05/Dec/2013:21:00:00 +0000] "GET /episodes/17.mp3 HTTP/1.1" 206 84706 "http://episodes.gitminutes.com/search/label/podcast" "Mozilla/5.0 (X11; Linux i686; rv:25.0) Gecko/20100101 Firefox/25.0"
88.71.99.79 - - [05/Dec/2013:21:00:00 +0000] "GET /episodes/20.mp3 HTTP/1.1" 206 100546 "http://episodes.gitminutes.com/search/label/podcast" "Mozilla/5.0 (X11; Linux i686; rv:25.0) Gecko/20100101 Firefox/25.0"
88.71.99.79 - - [05/Dec/2013:21:00:00 +0000] "GET /episodes/15.mp3 HTTP/1.1" 206 68866 "http://episodes.gitminutes.com/search/label/podcast" "Mozilla/5.0 (X11; Linux i686; rv:25.0) Gecko/20100101 Firefox/25.0"
88.71.99.79 - - [05/Dec/2013:21:00:01 +0000] "GET /episodes/18.mp3 HTTP/1.1" 206 129346 "http://episodes.gitminutes.com/search/label/podcast" "Mozilla/5.0 (X11; Linux i686; rv:25.0) Gecko/20100101 Firefox/25.0"
88.71.99.79 - - [05/Dec/2013:21:00:01 +0000] "GET /episodes/16.mp3 HTTP/1.1" 206 99106 "http://episodes.gitminutes.com/search/label/podcast" "Mozilla/5.0 (X11; Linux i686; rv:25.0) Gecko/20100101 Firefox/25.0"
88.71.99.79 - - [05/Dec/2013:21:00:01 +0000] "GET /episodes/19.mp3 HTTP/1.1" 206 132226 "http://episodes.gitminutes.com/search/label/podcast" "Mozilla/5.0 (X11; Linux i686; rv:25.0) Gecko/20100101 Firefox/25.0"
88.71.99.79 - - [05/Dec/2013:21:00:01 +0000] "GET /episodes/14.mp3 HTTP/1.1" 206 84706 "http://episodes.gitminutes.com/search/label/podcast" "Mozilla/5.0 (X11; Linux i686; rv:25.0) Gecko/20100101 Firefox/25.0"
88.71.99.79 - - [05/Dec/2013:21:00:01 +0000] "GET /episodes/13.mp3 HTTP/1.1" 206 101986 "http://episodes.gitminutes.com/search/label/podcast" "Mozilla/5.0 (X11; Linux i686; rv:25.0) Gecko/20100101 Firefox/25.0"
88.71.99.79 - - [05/Dec/2013:21:00:01 +0000] "GET /episodes/12.mp3 HTTP/1.1" 206 84706 "http://episodes.gitminutes.com/search/label/podcast" "Mozilla/5.0 (X11; Linux i686; rv:25.0) Gecko/20100101 Firefox/25.0"
88.71.99.79 - - [05/Dec/2013:21:00:01 +0000] "GET /episodes/11.mp3 HTTP/1.1" 206 84706 "http://episodes.gitminutes.com/search/label/podcast" "Mozilla/5.0 (X11; Linux i686; rv:25.0) Gecko/20100101 Firefox/25.0"
88.71.99.79 - - [05/Dec/2013:21:00:02 +0000] "GET /episodes/10.mp3 HTTP/1.1" 206 194146 "http://episodes.gitminutes.com/search/label/podcast" "Mozilla/5.0 (X11; Linux i686; rv:25.0) Gecko/20100101 Firefox/25.0"
88.71.99.79 - - [05/Dec/2013:21:00:02 +0000] "GET /episodes/09.mp3 HTTP/1.1" 206 197026 "http://episodes.gitminutes.com/search/label/podcast" "Mozilla/5.0 (X11; Linux i686; rv:25.0) Gecko/20100101 Firefox/25.0"
88.71.99.79 - - [05/Dec/2013:21:00:28 +0000] "GET /episodes/08.mp3 HTTP/1.1" 206 1107106 "http://episodes.gitminutes.com/search/label/podcast" "Mozilla/5.0 (X11; Linux i686; rv:25.0) Gecko/20100101 Firefox/25.0"
88.71.99.79 - - [05/Dec/2013:21:00:28 +0000] "GET /episodes/07.mp3 HTTP/1.1" 206 1055266 "http://episodes.gitminutes.com/search/label/podcast" "Mozilla/5.0 (X11; Linux i686; rv:25.0) Gecko/20100101 Firefox/25.0"
54.217.213.13 - - [05/Dec/2013:21:00:44 +0000] "GET /index.html HTTP/1.1" 200 204 "-" "Mozilla/5.0 IsItDown.no"
54.217.213.13 - - [05/Dec/2013:21:01:44 +0000] "GET /index.html HTTP/1.1" 200 204 "-" "Mozilla/5.0 IsItDown.no"
54.217.213.13 - - [05/Dec/2013:21:02:44 +0000] "GET /index.html HTTP/1.1" 200 204 "-" "Mozilla/5.0 IsItDown.no"
54.217.213.13 - - [05/Dec/2013:21:03:44 +0000] "GET /index.html HTTP/1.1" 200 204 "-" "Mozilla/5.0 IsItDown.no"
54.217.213.13 - - [05/Dec/2013:21:04:44 +0000] "GET /index.html HTTP/1.1" 200 204 "-" "Mozilla/5.0 IsItDown.no"
54.217.213.13 - - [05/Dec/2013:21:05:44 +0000] "GET /index.html HTTP/1.1" 200 204 "-" "Mozilla/5.0 IsItDown.no"
54.217.213.13 - - [05/Dec/2013:21:06:45 +0000] "GET /index.html HTTP/1.1" 200 204 "-" "Mozilla/5.0 IsItDown.no"
54.217.213.13 - - [05/Dec/2013:21:07:45 +0000] "GET /index.html HTTP/1.1" 200 204 "-" "Mozilla/5.0 IsItDown.no"
123.125.71.146 - - [05/Dec/2013:21:08:34 +0000] "GET /episodes/17.mp3 HTTP/1.0" 200 30444 "-" "NSPlayer/10.0.0.4072 WMFSDK/10.0"
54.217.213.13 - - [05/Dec/2013:21:08:45 +0000] "GET /index.html HTTP/1.1" 200 204 "-" "Mozilla/5.0 IsItDown.no"
54.217.213.13 - - [05/Dec/2013:21:09:45 +0000] "GET /index.html HTTP/1.1" 200 204 "-" "Mozilla/5.0 IsItDown.no"
88.71.99.79 - - [05/Dec/2013:21:09:52 +0000] "-" 400 0 "-" "-"
88.71.99.79 - - [05/Dec/2013:21:09:56 +0000] "GET /episodes/26.mp3 HTTP/1.1" 206 29981 "http://episodes.gitminutes.com/search/label/podcast" "Mozilla/5.0 (X11; Linux i686; rv:25.0) Gecko/20100101 Firefox/25.0"
88.71.99.79 - - [05/Dec/2013:21:09:56 +0000] "GET /episodes/25.mp3 HTTP/1.1" 206 29981 "http://episodes.gitminutes.com/search/label/podcast" "Mozilla/5.0 (X11; Linux i686; rv:25.0) Gecko/20100101 Firefox/25.0"
88.71.99.79 - - [05/Dec/2013:21:09:56 +0000] "GET /episodes/23.mp3 HTTP/1.1" 206 29981 "http://episodes.gitminutes.com/search/label/podcast" "Mozilla/5.0 (X11; Linux i686; rv:25.0) Gecko/20100101 Firefox/25.0"
88.71.99.79 - - [05/Dec/2013:21:09:56 +0000] "GET /episodes/24.mp3 HTTP/1.1" 206 29981 "http://episodes.gitminutes.com/search/label/podcast" "Mozilla/5.0 (X11; Linux i686; rv:25.0) Gecko/20100101 Firefox/25.0"
88.71.99.79 - - [05/Dec/2013:21:09:56 +0000] "GET /episodes/22.mp3 HTTP/1.1" 206 29981 "http://episodes.gitminutes.com/search/label/podcast" "Mozilla/5.0 (X11; Linux i686; rv:25.0) Gecko/20100101 Firefox/25.0"
88.71.99.79 - - [05/Dec/2013:21:09:56 +0000] "GET /episodes/21.mp3 HTTP/1.1" 206 29981 "http://episodes.gitminutes.com/search/label/podcast" "Mozilla/5.0 (X11; Linux i686; rv:25.0) Gecko/20100101 Firefox/25.0"
88.71.99.79 - - [05/Dec/2013:21:10:01 +0000] "-" 400 0 "-" "-"
88.71.99.79 - - [05/Dec/2013:21:10:01 +0000] "-" 400 0 "-" "-"
88.71.99.79 - - [05/Dec/2013:21:10:01 +0000] "-" 400 0 "-" "-"
88.71.99.79 - - [05/Dec/2013:21:10:01 +0000] "-" 400 0 "-" "-"
54.217.213.13 - - [05/Dec/2013:21:10:45 +0000] "GET /index.html HTTP/1.1" 200 204 "-" "Mozilla/5.0 IsItDown.no"
54.217.213.13 - - [05/Dec/2013:21:11:45 +0000] "GET /index.html HTTP/1.1" 200 204 "-" "Mozilla/5.0 IsItDown.no"
54.217.213.13 - - [05/Dec/2013:21:12:45 +0000] "GET /index.html HTTP/1.1" 200 204 "-" "Mozilla/5.0 IsItDown.no"
85.10.246.236 - - [05/Dec/2013:21:12:55 +0000] "HEAD /episodes/26.mp3 HTTP/1.1" 200 0 "-" "PritTorrent/1.0"
54.217.213.13 - - [05/Dec/2013:21:13:45 +0000] "GET /index.html HTTP/1.1" 200 204 "-" "Mozilla/5.0 IsItDown.no"
54.217.213.13 - - [05/Dec/2013:21:14:45 +0000] "GET /index.html HTTP/1.1" 200 204 "-" "Mozilla/5.0 IsItDown.no"
77.72.198.154 - - [05/Dec/2013:21:15:00 +0000] "GET /episodes/26.mp3 HTTP/1.0" 200 8703439 "-" "stagefright/1.2 (Linux;Android 4.3.1)"
54.217.213.13 - - [05/Dec/2013:21:15:45 +0000] "GET /index.html HTTP/1.1" 200 204 "-" "Mozilla/5.0 IsItDown.no"
54.217.213.13 - - [05/Dec/2013:21:16:46 +0000] "GET /index.html HTTP/1.1" 200 204 "-" "Mozilla/5.0 IsItDown.no"
54.217.213.13 - - [05/Dec/2013:21:17:46 +0000] "GET /index.html HTTP/1.1" 200 204 "-" "Mozilla/5.0 IsItDown.no"
54.217.213.13 - - [05/Dec/2013:21:18:46 +0000] "GET /index.html HTTP/1.1" 200 204 "-" "Mozilla/5.0 IsItDown.no"
54.217.213.13 - - [05/Dec/2013:21:19:46 +0000] "GET /index.html HTTP/1.1" 200 204 "-" "Mozilla/5.0 IsItDown.no"
54.217.213.13 - - [05/Dec/2013:21:20:46 +0000] "GET /index.html HTTP/1.1" 200 204 "-" "Mozilla/5.0 IsItDown.no"
54.217.213.13 - - [05/Dec/2013:21:21:46 +0000] "GET /index.html HTTP/1.1" 200 204 "-" "Mozilla/5.0 IsItDown.no"
54.217.213.13 - - [05/Dec/2013:21:22:46 +0000] "GET /index.html HTTP/1.1" 200 204 "-" "Mozilla/5.0 IsItDown.no"
54.217.213.13 - - [05/Dec/2013:21:23:46 +0000] "GET /index.html HTTP/1.1" 200 204 "-" "Mozilla/5.0 IsItDown.no"
54.217.213.13 - - [05/Dec/2013:21:24:46 +0000] "GET /index.html HTTP/1.1" 200 204 "-" "Mozilla/5.0 IsItDown.no"
54.217.213.13 - - [05/Dec/2013:21:25:46 +0000] "GET /index.html HTTP/1.1" 200 204 "-" "Mozilla/5.0 IsItDown.no"
109.190.110.29 - - [05/Dec/2013:21:26:41 +0000] "-" 400 0 "-" "-"
54.217.213.13 - - [05/Dec/2013:21:26:46 +0000] "GET /index.html HTTP/1.1" 200 204 "-" "Mozilla/5.0 IsItDown.no"
109.190.110.29 - - [05/Dec/2013:21:27:09 +0000] "GET /episodes/26.mp3 HTTP/1.1" 206 3107154 "http://feedly.com/index.html" "Mozilla/5.0 (X11; Linux x86_64) AppleWebKit/537.36 (KHTML, like Gecko) Chrome/31.0.1650.57 Safari/537.36"
54.217.213.13 - - [05/Dec/2013:21:27:46 +0000] "GET /index.html HTTP/1.1" 200 204 "-" "Mozilla/5.0 IsItDown.no"
85.10.246.236 - - [05/Dec/2013:21:28:08 +0000] "HEAD /episodes/26.mp3 HTTP/1.1" 200 0 "-" "PritTorrent/1.0"
54.217.213.13 - - [05/Dec/2013:21:28:46 +0000] "GET /index.html HTTP/1.1" 200 204 "-" "Mozilla/5.0 IsItDown.no"
54.217.213.13 - - [05/Dec/2013:21:29:46 +0000] "GET /index.html HTTP/1.1" 200 204 "-" "Mozilla/5.0 IsItDown.no"
220.181.51.218 - - [05/Dec/2013:21:29:56 +0000] "GET /episodes/12.mp3 HTTP/1.0" 200 30444 "-" "NSPlayer/10.0.0.4072 WMFSDK/10.0"
54.217.213.13 - - [05/Dec/2013:21:30:46 +0000] "GET /index.html HTTP/1.1" 200 204 "-" "Mozilla/5.0 IsItDown.no"
54.217.213.13 - - [05/Dec/2013:21:31:46 +0000] "GET /index.html HTTP/1.1" 200 204 "-" "Mozilla/5.0 IsItDown.no"
54.217.213.13 - - [05/Dec/2013:21:32:47 +0000] "GET /index.html HTTP/1.1" 200 204 "-" "Mozilla/5.0 IsItDown.no"
54.217.213.13 - - [05/Dec/2013:21:33:47 +0000] "GET /index.html HTTP/1.1" 200 204 "-" "Mozilla/5.0 IsItDown.no"
54.217.213.13 - - [05/Dec/2013:21:34:47 +0000] "GET /index.html HTTP/1.1" 200 204 "-" "Mozilla/5.0 IsItDown.no"
54.217.213.13 - - [05/Dec/2013:21:35:47 +0000] "GET /index.html HTTP/1.1" 200 204 "-" "Mozilla/5.0 IsItDown.no"
54.217.213.13 - - [05/Dec/2013:21:36:47 +0000] "GET /index.html HTTP/1.1" 200 204 "-" "Mozilla/5.0 IsItDown.no"
54.217.213.13 - - [05/Dec/2013:21:37:47 +0000] "GET /index.html HTTP/1.1" 200 204 "-" "Mozilla/5.0 IsItDown.no"
54.217.213.13 - - [05/Dec/2013:21:38:47 +0000] "GET /index.html HTTP/1.1" 200 204 "-" "Mozilla/5.0 IsItDown.no"
54.217.213.13 - - [05/Dec/2013:21:39:47 +0000] "GET /index.html HTTP/1.1" 200 204 "-" "Mozilla/5.0 IsItDown.no"
54.217.213.13 - - [05/Dec/2013:21:40:47 +0000] "GET /index.html HTTP/1.1" 200 204 "-" "Mozilla/5.0 IsItDown.no"
54.217.213.13 - - [05/Dec/2013:21:41:47 +0000] "GET /index.html HTTP/1.1" 200 204 "-" "Mozilla/5.0 IsItDown.no"
54.217.213.13 - - [05/Dec/2013:21:42:47 +0000] "GET /index.html HTTP/1.1" 200 204 "-" "Mozilla/5.0 IsItDown.no"
85.10.246.236 - - [05/Dec/2013:21:43:07 +0000] "HEAD /episodes/26.mp3 HTTP/1.1" 200 0 "-" "PritTorrent/1.0"
54.217.213.13 - - [05/Dec/2013:21:43:47 +0000] "GET /index.html HTTP/1.1" 200 204 "-" "Mozilla/5.0 IsItDown.no"
54.217.213.13 - - [05/Dec/2013:21:44:47 +0000] "GET /index.html HTTP/1.1" 200 204 "-" "Mozilla/5.0 IsItDown.no"
54.217.213.13 - - [05/Dec/2013:21:45:47 +0000] "GET /index.html HTTP/1.1" 200 204 "-" "Mozilla/5.0 IsItDown.no"
54.217.213.13 - - [05/Dec/2013:21:46:47 +0000] "GET /index.html HTTP/1.1" 200 204 "-" "Mozilla/5.0 IsItDown.no"
78.13.24.238 - - [05/Dec/2013:21:47:28 +0000] "GET /episodes/25.mp3 HTTP/1.1" 200 876103 "http://episodes.gitminutes.com/" "Mozilla/5.0 (X11; U; Unix; en-US) AppleWebKit/537.15 (KHTML, like Gecko) Chrome/24.0.1295.0 Safari/537.15"
78.13.24.238 - - [05/Dec/2013:21:47:29 +0000] "GET /episodes/24.mp3 HTTP/1.1" 200 837817 "http://episodes.gitminutes.com/" "Mozilla/5.0 (X11; U; Unix; en-US) AppleWebKit/537.15 (KHTML, like Gecko) Chrome/24.0.1295.0 Safari/537.15"
78.13.24.238 - - [05/Dec/2013:21:47:29 +0000] "GET /episodes/23.mp3 HTTP/1.1" 200 837817 "http://episodes.gitminutes.com/" "Mozilla/5.0 (X11; U; Unix; en-US) AppleWebKit/537.15 (KHTML, like Gecko) Chrome/24.0.1295.0 Safari/537.15"
78.13.24.238 - - [05/Dec/2013:21:47:30 +0000] "GET /episodes/22.mp3 HTTP/1.1" 200 724377 "http://episodes.gitminutes.com/" "Mozilla/5.0 (X11; U; Unix; en-US) AppleWebKit/537.15 (KHTML, like Gecko) Chrome/24.0.1295.0 Safari/537.15"
78.13.24.238 - - [05/Dec/2013:21:47:30 +0000] "GET /episodes/26.mp3 HTTP/1.1" 200 827891 "http://episodes.gitminutes.com/" "Mozilla/5.0 (X11; U; Unix; en-US) AppleWebKit/537.15 (KHTML, like Gecko) Chrome/24.0.1295.0 Safari/537.15"
54.217.213.13 - - [05/Dec/2013:21:47:47 +0000] "GET /index.html HTTP/1.1" 200 204 "-" "Mozilla/5.0 IsItDown.no"
54.217.213.13 - - [05/Dec/2013:21:48:47 +0000] "GET /index.html HTTP/1.1" 200 204 "-" "Mozilla/5.0 IsItDown.no"
54.217.213.13 - - [05/Dec/2013:21:49:47 +0000] "GET /index.html HTTP/1.1" 200 204 "-" "Mozilla/5.0 IsItDown.no"
54.217.213.13 - - [05/Dec/2013:21:50:47 +0000] "GET /index.html HTTP/1.1" 200 204 "-" "Mozilla/5.0 IsItDown.no"
54.217.213.13 - - [05/Dec/2013:21:51:47 +0000] "GET /index.html HTTP/1.1" 200 204 "-" "Mozilla/5.0 IsItDown.no"
54.217.213.13 - - [05/Dec/2013:21:52:47 +0000] "GET /index.html HTTP/1.1" 200 204 "-" "Mozilla/5.0 IsItDown.no"
54.217.213.13 - - [05/Dec/2013:21:53:47 +0000] "GET /index.html HTTP/1.1" 200 204 "-" "Mozilla/5.0 IsItDown.no"
54.217.213.13 - - [05/Dec/2013:21:54:47 +0000] "GET /index.html HTTP/1.1" 200 204 "-" "Mozilla/5.0 IsItDown.no"
54.217.213.13 - - [05/Dec/2013:21:55:47 +0000] "GET /index.html HTTP/1.1" 200 204 "-" "Mozilla/5.0 IsItDown.no"
54.217.213.13 - - [05/Dec/2013:21:56:47 +0000] "GET /index.html HTTP/1.1" 200 204 "-" "Mozilla/5.0 IsItDown.no"
109.68.191.26 - - [05/Dec/2013:21:57:15 +0000] "GET / HTTP/1.0" 200 272 "-" "masscan/1.0 (https://github.com/robertdavidgraham/masscan)"
54.217.213.13 - - [05/Dec/2013:21:57:48 +0000] "GET /index.html HTTP/1.1" 200 204 "-" "Mozilla/5.0 IsItDown.no"
85.10.246.236 - - [05/Dec/2013:21:58:12 +0000] "HEAD /episodes/26.mp3 HTTP/1.1" 200 0 "-" "PritTorrent/1.0"
54.217.213.13 - - [05/Dec/2013:21:58:48 +0000] "GET /index.html HTTP/1.1" 200 204 "-" "Mozilla/5.0 IsItDown.no"
54.217.213.13 - - [05/Dec/2013:21:59:48 +0000] "GET /index.html HTTP/1.1" 200 204 "-" "Mozilla/5.0 IsItDown.no"
220.181.51.219 - - [05/Dec/2013:22:00:12 +0000] "GET /episodes/12.mp3 HTTP/1.0" 200 30444 "-" "NSPlayer/10.0.0.4072 WMFSDK/10.0"
54.217.213.13 - - [05/Dec/2013:22:00:48 +0000] "GET /index.html HTTP/1.1" 200 204 "-" "Mozilla/5.0 IsItDown.no"
54.217.213.13 - - [05/Dec/2013:22:01:48 +0000] "GET /index.html HTTP/1.1" 200 204 "-" "Mozilla/5.0 IsItDown.no"
54.217.213.13 - - [05/Dec/2013:22:02:48 +0000] "GET /index.html HTTP/1.1" 200 204 "-" "Mozilla/5.0 IsItDown.no"
54.217.213.13 - - [05/Dec/2013:22:03:48 +0000] "GET /index.html HTTP/1.1" 200 204 "-" "Mozilla/5.0 IsItDown.no"
87.142.111.210 - - [05/Dec/2013:22:04:17 +0000] "GET /episodes/26.mp3 HTTP/1.1" 200 30960300 "-" "Instacast/4.1.3 CFNetwork/672.0.8 Darwin/14.0.0"
54.217.213.13 - - [05/Dec/2013:22:04:48 +0000] "GET /index.html HTTP/1.1" 200 204 "-" "Mozilla/5.0 IsItDown.no"
54.217.213.13 - - [05/Dec/2013:22:05:48 +0000] "GET /index.html HTTP/1.1" 200 204 "-" "Mozilla/5.0 IsItDown.no"
54.217.213.13 - - [05/Dec/2013:22:06:48 +0000] "GET /index.html HTTP/1.1" 200 204 "-" "Mozilla/5.0 IsItDown.no"
67.109.87.201 - - [05/Dec/2013:22:07:30 +0000] "GET /episodes/26.mp3 HTTP/1.1" 200 23202427 "-" "stagefright/1.2 (Linux;Android 4.2.2)"
186.151.177.118 - - [05/Dec/2013:22:07:44 +0000] "POST /cgi-bin/php?%2D%64+%61%6C%6C%6F%77%5F%75%72%6C%5F%69%6E%63%6C%75%64%65%3D%6F%6E+%2D%64+%73%61%66%65%5F%6D%6F%64%65%3D%6F%66%66+%2D%64+%73%75%68%6F%73%69%6E%2E%73%69%6D%75%6C%61%74%69%6F%6E%3D%6F%6E+%2D%64+%64%69%73%61%62%6C%65%5F%66%75%6E%63%74%69%6F%6E%73%3D%22%22+%2D%64+%6F%70%65%6E%5F%62%61%73%65%64%69%72%3D%6E%6F%6E%65+%2D%64+%61%75%74%6F%5F%70%72%65%70%65%6E%64%5F%66%69%6C%65%3D%70%68%70%3A%2F%2F%69%6E%70%75%74+%2D%64+%63%67%69%2E%66%6F%72%63%65%5F%72%65%64%69%72%65%63%74%3D%30+%2D%64+%63%67%69%2E%72%65%64%69%72%65%63%74%5F%73%74%61%74%75%73%5F%65%6E%76%3D%30+%2D%6E HTTP/1.1" 405 172 "-" "Zollard"
186.151.177.118 - - [05/Dec/2013:22:07:44 +0000] "POST /cgi-bin/php5?%2D%64+%61%6C%6C%6F%77%5F%75%72%6C%5F%69%6E%63%6C%75%64%65%3D%6F%6E+%2D%64+%73%61%66%65%5F%6D%6F%64%65%3D%6F%66%66+%2D%64+%73%75%68%6F%73%69%6E%2E%73%69%6D%75%6C%61%74%69%6F%6E%3D%6F%6E+%2D%64+%64%69%73%61%62%6C%65%5F%66%75%6E%63%74%69%6F%6E%73%3D%22%22+%2D%64+%6F%70%65%6E%5F%62%61%73%65%64%69%72%3D%6E%6F%6E%65+%2D%64+%61%75%74%6F%5F%70%72%65%70%65%6E%64%5F%66%69%6C%65%3D%70%68%70%3A%2F%2F%69%6E%70%75%74+%2D%64+%63%67%69%2E%66%6F%72%63%65%5F%72%65%64%69%72%65%63%74%3D%30+%2D%64+%63%67%69%2E%72%65%64%69%72%65%63%74%5F%73%74%61%74%75%73%5F%65%6E%76%3D%30+%2D%6E HTTP/1.1" 405 172 "-" "Zollard"
186.151.177.118 - - [05/Dec/2013:22:07:44 +0000] "POST /cgi-bin/php-cgi?%2D%64+%61%6C%6C%6F%77%5F%75%72%6C%5F%69%6E%63%6C%75%64%65%3D%6F%6E+%2D%64+%73%61%66%65%5F%6D%6F%64%65%3D%6F%66%66+%2D%64+%73%75%68%6F%73%69%6E%2E%73%69%6D%75%6C%61%74%69%6F%6E%3D%6F%6E+%2D%64+%64%69%73%61%62%6C%65%5F%66%75%6E%63%74%69%6F%6E%73%3D%22%22+%2D%64+%6F%70%65%6E%5F%62%61%73%65%64%69%72%3D%6E%6F%6E%65+%2D%64+%61%75%74%6F%5F%70%72%65%70%65%6E%64%5F%66%69%6C%65%3D%70%68%70%3A%2F%2F%69%6E%70%75%74+%2D%64+%63%67%69%2E%66%6F%72%63%65%5F%72%65%64%69%72%65%63%74%3D%30+%2D%64+%63%67%69%2E%72%65%64%69%72%65%63%74%5F%73%74%61%74%75%73%5F%65%6E%76%3D%30+%2D%6E HTTP/1.1" 405 172 "-" "Zollard"
186.151.177.118 - - [05/Dec/2013:22:07:45 +0000] "POST /cgi-bin/php.cgi?%2D%64+%61%6C%6C%6F%77%5F%75%72%6C%5F%69%6E%63%6C%75%64%65%3D%6F%6E+%2D%64+%73%61%66%65%5F%6D%6F%64%65%3D%6F%66%66+%2D%64+%73%75%68%6F%73%69%6E%2E%73%69%6D%75%6C%61%74%69%6F%6E%3D%6F%6E+%2D%64+%64%69%73%61%62%6C%65%5F%66%75%6E%63%74%69%6F%6E%73%3D%22%22+%2D%64+%6F%70%65%6E%5F%62%61%73%65%64%69%72%3D%6E%6F%6E%65+%2D%64+%61%75%74%6F%5F%70%72%65%70%65%6E%64%5F%66%69%6C%65%3D%70%68%70%3A%2F%2F%69%6E%70%75%74+%2D%64+%63%67%69%2E%66%6F%72%63%65%5F%72%65%64%69%72%65%63%74%3D%30+%2D%64+%63%67%69%2E%72%65%64%69%72%65%63%74%5F%73%74%61%74%75%73%5F%65%6E%76%3D%30+%2D%6E HTTP/1.1" 405 172 "-" "Zollard"
186.151.177.118 - - [05/Dec/2013:22:07:45 +0000] "POST /cgi-bin/php4?%2D%64+%61%6C%6C%6F%77%5F%75%72%6C%5F%69%6E%63%6C%75%64%65%3D%6F%6E+%2D%64+%73%61%66%65%5F%6D%6F%64%65%3D%6F%66%66+%2D%64+%73%75%68%6F%73%69%6E%2E%73%69%6D%75%6C%61%74%69%6F%6E%3D%6F%6E+%2D%64+%64%69%73%61%62%6C%65%5F%66%75%6E%63%74%69%6F%6E%73%3D%22%22+%2D%64+%6F%70%65%6E%5F%62%61%73%65%64%69%72%3D%6E%6F%6E%65+%2D%64+%61%75%74%6F%5F%70%72%65%70%65%6E%64%5F%66%69%6C%65%3D%70%68%70%3A%2F%2F%69%6E%70%75%74+%2D%64+%63%67%69%2E%66%6F%72%63%65%5F%72%65%64%69%72%65%63%74%3D%30+%2D%64+%63%67%69%2E%72%65%64%69%72%65%63%74%5F%73%74%61%74%75%73%5F%65%6E%76%3D%30+%2D%6E HTTP/1.1" 405 172 "-" "Zollard"
54.217.213.13 - - [05/Dec/2013:22:07:48 +0000] "GET /index.html HTTP/1.1" 200 204 "-" "Mozilla/5.0 IsItDown.no"
54.217.213.13 - - [05/Dec/2013:22:08:48 +0000] "GET /index.html HTTP/1.1" 200 204 "-" "Mozilla/5.0 IsItDown.no"
54.217.213.13 - - [05/Dec/2013:22:09:48 +0000] "GET /index.html HTTP/1.1" 200 204 "-" "Mozilla/5.0 IsItDown.no"
54.217.213.13 - - [05/Dec/2013:22:10:48 +0000] "GET /index.html HTTP/1.1" 200 204 "-" "Mozilla/5.0 IsItDown.no"
82.239.31.145 - - [05/Dec/2013:22:11:32 +0000] "-" 400 0 "-" "-"
82.239.31.145 - - [05/Dec/2013:22:11:32 +0000] "-" 400 0 "-" "-"
82.239.31.145 - - [05/Dec/2013:22:11:33 +0000] "-" 400 0 "-" "-"
54.217.213.13 - - [05/Dec/2013:22:11:48 +0000] "GET /index.html HTTP/1.1" 200 204 "-" "Mozilla/5.0 IsItDown.no"
54.217.213.13 - - [05/Dec/2013:22:12:48 +0000] "GET /index.html HTTP/1.1" 200 204 "-" "Mozilla/5.0 IsItDown.no"
54.217.213.13 - - [05/Dec/2013:22:13:48 +0000] "GET /index.html HTTP/1.1" 200 204 "-" "Mozilla/5.0 IsItDown.no"
123.125.71.149 - - [05/Dec/2013:22:13:54 +0000] "GET /episodes/17.mp3 HTTP/1.0" 200 30444 "-" "NSPlayer/10.0.0.4072 WMFSDK/10.0"
85.10.246.236 - - [05/Dec/2013:22:14:23 +0000] "HEAD /episodes/26.mp3 HTTP/1.1" 200 0 "-" "PritTorrent/1.0"
54.217.213.13 - - [05/Dec/2013:22:14:48 +0000] "GET /index.html HTTP/1.1" 200 204 "-" "Mozilla/5.0 IsItDown.no"
54.217.213.13 - - [05/Dec/2013:22:15:48 +0000] "GET /index.html HTTP/1.1" 200 204 "-" "Mozilla/5.0 IsItDown.no"
208.81.212.224 - - [05/Dec/2013:22:16:33 +0000] "-" 400 0 "-" "-"
54.217.213.13 - - [05/Dec/2013:22:16:48 +0000] "GET /index.html HTTP/1.1" 200 204 "-" "Mozilla/5.0 IsItDown.no"
208.81.212.224 - - [05/Dec/2013:22:17:28 +0000] "GET /episodes/06.mp3 HTTP/1.1" 206 3157834 "http://episodes.gitminutes.com/2013/04/gitminutes-06-roberto-tyley-on.html" "Mozilla/5.0 (X11; Linux x86_64) AppleWebKit/537.36 (KHTML, like Gecko) Chrome/31.0.1650.63 Safari/537.36"
54.217.213.13 - - [05/Dec/2013:22:17:48 +0000] "GET /index.html HTTP/1.1" 200 204 "-" "Mozilla/5.0 IsItDown.no"
166.137.210.48 - - [05/Dec/2013:22:18:39 +0000] "GET /episodes/26.mp3 HTTP/1.1" 200 26532931 "-" "iTunes/10.7 Downcast/2.8.11.1009"
54.217.213.13 - - [05/Dec/2013:22:18:48 +0000] "GET /index.html HTTP/1.1" 200 204 "-" "Mozilla/5.0 IsItDown.no"
54.217.213.13 - - [05/Dec/2013:22:19:49 +0000] "GET /index.html HTTP/1.1" 200 204 "-" "Mozilla/5.0 IsItDown.no"
166.137.210.48 - - [05/Dec/2013:22:19:56 +0000] "GET /episodes/26.mp3 HTTP/1.1" 206 5851301 "-" "iTunes/10.7 Downcast/2.8.11.1009"
54.217.213.13 - - [05/Dec/2013:22:20:49 +0000] "GET /index.html HTTP/1.1" 200 204 "-" "Mozilla/5.0 IsItDown.no"
54.217.213.13 - - [05/Dec/2013:22:21:49 +0000] "GET /index.html HTTP/1.1" 200 204 "-" "Mozilla/5.0 IsItDown.no"
54.217.213.13 - - [05/Dec/2013:22:22:49 +0000] "GET /index.html HTTP/1.1" 200 204 "-" "Mozilla/5.0 IsItDown.no"
54.217.213.13 - - [05/Dec/2013:22:23:49 +0000] "GET /index.html HTTP/1.1" 200 204 "-" "Mozilla/5.0 IsItDown.no"
54.217.213.13 - - [05/Dec/2013:22:24:49 +0000] "GET /index.html HTTP/1.1" 200 204 "-" "Mozilla/5.0 IsItDown.no"
54.217.213.13 - - [05/Dec/2013:22:25:49 +0000] "GET /index.html HTTP/1.1" 200 204 "-" "Mozilla/5.0 IsItDown.no"
54.217.213.13 - - [05/Dec/2013:22:26:49 +0000] "GET /index.html HTTP/1.1" 200 204 "-" "Mozilla/5.0 IsItDown.no"
54.217.213.13 - - [05/Dec/2013:22:27:49 +0000] "GET /index.html HTTP/1.1" 200 204 "-" "Mozilla/5.0 IsItDown.no"
54.217.213.13 - - [05/Dec/2013:22:28:49 +0000] "GET /index.html HTTP/1.1" 200 204 "-" "Mozilla/5.0 IsItDown.no"
85.10.246.236 - - [05/Dec/2013:22:29:26 +0000] "HEAD /episodes/26.mp3 HTTP/1.1" 200 0 "-" "PritTorrent/1.0"
54.217.213.13 - - [05/Dec/2013:22:29:49 +0000] "GET /index.html HTTP/1.1" 200 204 "-" "Mozilla/5.0 IsItDown.no"
220.181.51.219 - - [05/Dec/2013:22:30:26 +0000] "GET /episodes/12.mp3 HTTP/1.0" 200 30444 "-" "NSPlayer/10.0.0.4072 WMFSDK/10.0"
172.56.10.3 - - [05/Dec/2013:22:30:33 +0000] "GET /episodes/26.mp3 HTTP/1.1" 206 8546988 "-" "stagefright/1.2 (Linux;Android 4.2.2)"
54.217.213.13 - - [05/Dec/2013:22:30:49 +0000] "GET /index.html HTTP/1.1" 200 204 "-" "Mozilla/5.0 IsItDown.no"
178.83.148.119 - - [05/Dec/2013:22:31:17 +0000] "GET /episodes/26.mp3 HTTP/1.1" 206 3605266 "http://episodes.gitminutes.com/2013/12/gitminutes-26-campbell-barton-on-tricky.html" "Mozilla/5.0 (X11; Linux x86_64) AppleWebKit/537.36 (KHTML, like Gecko) Chrome/31.0.1650.57 Safari/537.36"
54.217.213.13 - - [05/Dec/2013:22:31:49 +0000] "GET /index.html HTTP/1.1" 200 204 "-" "Mozilla/5.0 IsItDown.no"
54.217.213.13 - - [05/Dec/2013:22:32:49 +0000] "GET /index.html HTTP/1.1" 200 204 "-" "Mozilla/5.0 IsItDown.no"
178.83.148.119 - - [05/Dec/2013:22:33:05 +0000] "GET /episodes/25.mp3 HTTP/1.1" 206 3944098 "http://episodes.gitminutes.com/" "Mozilla/5.0 (X11; Linux x86_64) AppleWebKit/537.36 (KHTML, like Gecko) Chrome/31.0.1650.57 Safari/537.36"
178.83.148.119 - - [05/Dec/2013:22:33:05 +0000] "GET /episodes/22.mp3 HTTP/1.1" 206 4264106 "http://episodes.gitminutes.com/" "Mozilla/5.0 (X11; Linux x86_64) AppleWebKit/537.36 (KHTML, like Gecko) Chrome/31.0.1650.57 Safari/537.36"
178.83.148.119 - - [05/Dec/2013:22:33:05 +0000] "GET /episodes/24.mp3 HTTP/1.1" 206 3376482 "http://episodes.gitminutes.com/" "Mozilla/5.0 (X11; Linux x86_64) AppleWebKit/537.36 (KHTML, like Gecko) Chrome/31.0.1650.57 Safari/537.36"
178.83.148.119 - - [05/Dec/2013:22:33:05 +0000] "GET /episodes/23.mp3 HTTP/1.1" 206 3409786 "http://episodes.gitminutes.com/" "Mozilla/5.0 (X11; Linux x86_64) AppleWebKit/537.36 (KHTML, like Gecko) Chrome/31.0.1650.57 Safari/537.36"
178.83.148.119 - - [05/Dec/2013:22:33:05 +0000] "GET /episodes/21.mp3 HTTP/1.1" 206 4211978 "http://episodes.gitminutes.com/" "Mozilla/5.0 (X11; Linux x86_64) AppleWebKit/537.36 (KHTML, like Gecko) Chrome/31.0.1650.57 Safari/537.36"
178.83.148.119 - - [05/Dec/2013:22:33:12 +0000] "GET /episodes/26.mp3 HTTP/1.1" 206 209700 "http://episodes.gitminutes.com/2013/12/gitminutes-26-campbell-barton-on-tricky.html?utm_source=feedburner&utm_medium=feed&utm_campaign=Feed%3A+gitminutes-all+%28GitMinutes+-+All+Posts%29" "Mozilla/5.0 (X11; Linux x86_64) AppleWebKit/537.36 (KHTML, like Gecko) Chrome/31.0.1650.57 Safari/537.36"
54.217.213.13 - - [05/Dec/2013:22:33:49 +0000] "GET /index.html HTTP/1.1" 200 204 "-" "Mozilla/5.0 IsItDown.no"
178.83.148.119 - - [05/Dec/2013:22:33:54 +0000] "GET /episodes/16.mp3 HTTP/1.1" 206 3172314 "http://episodes.gitminutes.com/search?updated-max=2013-08-26T07:38:00%2B02:00&max-results=7" "Mozilla/5.0 (X11; Linux x86_64) AppleWebKit/537.36 (KHTML, like Gecko) Chrome/31.0.1650.57 Safari/537.36"
178.83.148.119 - - [05/Dec/2013:22:33:54 +0000] "GET /episodes/18.mp3 HTTP/1.1" 206 3428610 "http://episodes.gitminutes.com/search?updated-max=2013-08-26T07:38:00%2B02:00&max-results=7" "Mozilla/5.0 (X11; Linux x86_64) AppleWebKit/537.36 (KHTML, like Gecko) Chrome/31.0.1650.57 Safari/537.36"
178.83.148.119 - - [05/Dec/2013:22:33:54 +0000] "GET /episodes/17.mp3 HTTP/1.1" 206 3078194 "http://episodes.gitminutes.com/search?updated-max=2013-08-26T07:38:00%2B02:00&max-results=7" "Mozilla/5.0 (X11; Linux x86_64) AppleWebKit/537.36 (KHTML, like Gecko) Chrome/31.0.1650.57 Safari/537.36"
178.83.148.119 - - [05/Dec/2013:22:33:54 +0000] "GET /episodes/15.mp3 HTTP/1.1" 206 2929050 "http://episodes.gitminutes.com/search?updated-max=2013-08-26T07:38:00%2B02:00&max-results=7" "Mozilla/5.0 (X11; Linux x86_64) AppleWebKit/537.36 (KHTML, like Gecko) Chrome/31.0.1650.57 Safari/537.36"
178.83.148.119 - - [05/Dec/2013:22:33:54 +0000] "GET /episodes/19.mp3 HTTP/1.1" 206 2790042 "http://episodes.gitminutes.com/search?updated-max=2013-08-26T07:38:00%2B02:00&max-results=7" "Mozilla/5.0 (X11; Linux x86_64) AppleWebKit/537.36 (KHTML, like Gecko) Chrome/31.0.1650.57 Safari/537.36"
178.83.148.119 - - [05/Dec/2013:22:34:05 +0000] "-" 400 0 "-" "-"
54.217.213.13 - - [05/Dec/2013:22:34:49 +0000] "GET /index.html HTTP/1.1" 200 204 "-" "Mozilla/5.0 IsItDown.no"
178.83.148.119 - - [05/Dec/2013:22:34:56 +0000] "GET /episodes/13.mp3 HTTP/1.1" 206 2887058 "http://episodes.gitminutes.com/2013/06/gitminutes-13-richard-hartmann-on.html" "Mozilla/5.0 (X11; Linux x86_64) AppleWebKit/537.36 (KHTML, like Gecko) Chrome/31.0.1650.57 Safari/537.36"
54.217.213.13 - - [05/Dec/2013:22:35:49 +0000] "GET /index.html HTTP/1.1" 200 204 "-" "Mozilla/5.0 IsItDown.no"
178.83.148.119 - - [05/Dec/2013:22:36:03 +0000] "GET /episodes/17.mp3 HTTP/1.1" 206 228524 "http://episodes.gitminutes.com/search?updated-max=2013-08-26T07:38:00%2B02:00&max-results=7" "Mozilla/5.0 (X11; Linux x86_64) AppleWebKit/537.36 (KHTML, like Gecko) Chrome/31.0.1650.57 Safari/537.36"
178.83.148.119 - - [05/Dec/2013:22:36:03 +0000] "GET /episodes/18.mp3 HTTP/1.1" 206 248796 "http://episodes.gitminutes.com/search?updated-max=2013-08-26T07:38:00%2B02:00&max-results=7" "Mozilla/5.0 (X11; Linux x86_64) AppleWebKit/537.36 (KHTML, like Gecko) Chrome/31.0.1650.57 Safari/537.36"
178.83.148.119 - - [05/Dec/2013:22:36:03 +0000] "GET /episodes/14.mp3 HTTP/1.1" 206 3409786 "http://episodes.gitminutes.com/search?updated-max=2013-08-26T07:38:00%2B02:00&max-results=7" "Mozilla/5.0 (X11; Linux x86_64) AppleWebKit/537.36 (KHTML, like Gecko) Chrome/31.0.1650.57 Safari/537.36"
178.83.148.119 - - [05/Dec/2013:22:36:03 +0000] "GET /episodes/16.mp3 HTTP/1.1" 206 243004 "http://episodes.gitminutes.com/search?updated-max=2013-08-26T07:38:00%2B02:00&max-results=7" "Mozilla/5.0 (X11; Linux x86_64) AppleWebKit/537.36 (KHTML, like Gecko) Chrome/31.0.1650.57 Safari/537.36"
178.83.148.119 - - [05/Dec/2013:22:36:03 +0000] "GET /episodes/19.mp3 HTTP/1.1" 206 289340 "http://episodes.gitminutes.com/search?updated-max=2013-08-26T07:38:00%2B02:00&max-results=7" "Mozilla/5.0 (X11; Linux x86_64) AppleWebKit/537.36 (KHTML, like Gecko) Chrome/31.0.1650.57 Safari/537.36"
178.83.148.119 - - [05/Dec/2013:22:36:23 +0000] "GET /episodes/10.mp3 HTTP/1.1" 206 2952218 "http://episodes.gitminutes.com/search?updated-max=2013-06-17T07:44:00%2B02:00&max-results=7&start=7&by-date=false" "Mozilla/5.0 (X11; Linux x86_64) AppleWebKit/537.36 (KHTML, like Gecko) Chrome/31.0.1650.57 Safari/537.36"
178.83.148.119 - - [05/Dec/2013:22:36:23 +0000] "GET /episodes/09.mp3 HTTP/1.1" 206 3456122 "http://episodes.gitminutes.com/search?updated-max=2013-06-17T07:44:00%2B02:00&max-results=7&start=7&by-date=false" "Mozilla/5.0 (X11; Linux x86_64) AppleWebKit/537.36 (KHTML, like Gecko) Chrome/31.0.1650.57 Safari/537.36"
178.83.148.119 - - [05/Dec/2013:22:36:23 +0000] "GET /episodes/12.mp3 HTTP/1.1" 206 3417026 "http://episodes.gitminutes.com/search?updated-max=2013-06-17T07:44:00%2B02:00&max-results=7&start=7&by-date=false" "Mozilla/5.0 (X11; Linux x86_64) AppleWebKit/537.36 (KHTML, like Gecko) Chrome/31.0.1650.57 Safari/537.36"
178.83.148.119 - - [05/Dec/2013:22:36:23 +0000] "GET /episodes/08.mp3 HTTP/1.1" 206 2868234 "http://episodes.gitminutes.com/search?updated-max=2013-06-17T07:44:00%2B02:00&max-results=7&start=7&by-date=false" "Mozilla/5.0 (X11; Linux x86_64) AppleWebKit/537.36 (KHTML, like Gecko) Chrome/31.0.1650.57 Safari/537.36"
178.83.148.119 - - [05/Dec/2013:22:36:23 +0000] "GET /episodes/11.mp3 HTTP/1.1" 206 3086882 "http://episodes.gitminutes.com/search?updated-max=2013-06-17T07:44:00%2B02:00&max-results=7&start=7&by-date=false" "Mozilla/5.0 (X11; Linux x86_64) AppleWebKit/537.36 (KHTML, like Gecko) Chrome/31.0.1650.57 Safari/537.36"
54.217.213.13 - - [05/Dec/2013:22:36:49 +0000] "GET /index.html HTTP/1.1" 200 204 "-" "Mozilla/5.0 IsItDown.no"
178.83.148.119 - - [05/Dec/2013:22:37:25 +0000] "GET /episodes/05.mp3 HTTP/1.1" 206 3822466 "http://episodes.gitminutes.com/search?updated-max=2013-04-29T15:56:00%2B02:00&max-results=7&start=14&by-date=false" "Mozilla/5.0 (X11; Linux x86_64) AppleWebKit/537.36 (KHTML, like Gecko) Chrome/31.0.1650.57 Safari/537.36"
178.83.148.119 - - [05/Dec/2013:22:37:25 +0000] "GET /episodes/04.mp3 HTTP/1.1" 206 3034754 "http://episodes.gitminutes.com/search?updated-max=2013-04-29T15:56:00%2B02:00&max-results=7&start=14&by-date=false" "Mozilla/5.0 (X11; Linux x86_64) AppleWebKit/537.36 (KHTML, like Gecko) Chrome/31.0.1650.57 Safari/537.36"
178.83.148.119 - - [05/Dec/2013:22:37:25 +0000] "GET /episodes/02.mp3 HTTP/1.1" 206 2911674 "http://episodes.gitminutes.com/search?updated-max=2013-04-29T15:56:00%2B02:00&max-results=7&start=14&by-date=false" "Mozilla/5.0 (X11; Linux x86_64) AppleWebKit/537.36 (KHTML, like Gecko) Chrome/31.0.1650.57 Safari/537.36"
178.83.148.119 - - [05/Dec/2013:22:37:25 +0000] "GET /episodes/03.mp3 HTTP/1.1" 206 2962354 "http://episodes.gitminutes.com/search?updated-max=2013-04-29T15:56:00%2B02:00&max-results=7&start=14&by-date=false" "Mozilla/5.0 (X11; Linux x86_64) AppleWebKit/537.36 (KHTML, like Gecko) Chrome/31.0.1650.57 Safari/537.36"
178.83.148.119 - - [05/Dec/2013:22:37:25 +0000] "GET /episodes/01.mp3 HTTP/1.1" 206 3124530 "http://episodes.gitminutes.com/search?updated-max=2013-04-29T15:56:00%2B02:00&max-results=7&start=14&by-date=false" "Mozilla/5.0 (X11; Linux x86_64) AppleWebKit/537.36 (KHTML, like Gecko) Chrome/31.0.1650.57 Safari/537.36"
54.217.213.13 - - [05/Dec/2013:22:37:49 +0000] "GET /index.html HTTP/1.1" 200 204 "-" "Mozilla/5.0 IsItDown.no"
54.217.213.13 - - [05/Dec/2013:22:38:49 +0000] "GET /index.html HTTP/1.1" 200 204 "-" "Mozilla/5.0 IsItDown.no"
54.217.213.13 - - [05/Dec/2013:22:39:49 +0000] "GET /index.html HTTP/1.1" 200 204 "-" "Mozilla/5.0 IsItDown.no"
54.217.213.13 - - [05/Dec/2013:22:40:50 +0000] "GET /index.html HTTP/1.1" 200 204 "-" "Mozilla/5.0 IsItDown.no"
54.217.213.13 - - [05/Dec/2013:22:41:50 +0000] "GET /index.html HTTP/1.1" 200 204 "-" "Mozilla/5.0 IsItDown.no"
54.217.213.13 - - [05/Dec/2013:22:42:50 +0000] "GET /index.html HTTP/1.1" 200 204 "-" "Mozilla/5.0 IsItDown.no"
54.217.213.13 - - [05/Dec/2013:22:43:50 +0000] "GET /index.html HTTP/1.1" 200 204 "-" "Mozilla/5.0 IsItDown.no"
123.125.71.146 - - [05/Dec/2013:22:44:09 +0000] "GET /episodes/17.mp3 HTTP/1.0" 200 30444 "-" "NSPlayer/10.0.0.4072 WMFSDK/10.0"
85.10.246.236 - - [05/Dec/2013:22:44:26 +0000] "HEAD /episodes/26.mp3 HTTP/1.1" 200 0 "-" "PritTorrent/1.0"
54.217.213.13 - - [05/Dec/2013:22:44:50 +0000] "GET /index.html HTTP/1.1" 200 204 "-" "Mozilla/5.0 IsItDown.no"
54.217.213.13 - - [05/Dec/2013:22:45:50 +0000] "GET /index.html HTTP/1.1" 200 204 "-" "Mozilla/5.0 IsItDown.no"
54.217.213.13 - - [05/Dec/2013:22:46:50 +0000] "GET /index.html HTTP/1.1" 200 204 "-" "Mozilla/5.0 IsItDown.no"
54.217.213.13 - - [05/Dec/2013:22:47:50 +0000] "GET /index.html HTTP/1.1" 200 204 "-" "Mozilla/5.0 IsItDown.no"
54.217.213.13 - - [05/Dec/2013:22:48:50 +0000] "GET /index.html HTTP/1.1" 200 204 "-" "Mozilla/5.0 IsItDown.no"
50.73.182.114 - - [05/Dec/2013:22:49:49 +0000] "GET /episodes/26.mp3 HTTP/1.1" 200 21977523 "-" "stagefright/1.2 (Linux;Android 4.2.2)"
54.217.213.13 - - [05/Dec/2013:22:49:50 +0000] "GET /index.html HTTP/1.1" 200 204 "-" "Mozilla/5.0 IsItDown.no"
54.217.213.13 - - [05/Dec/2013:22:50:50 +0000] "GET /index.html HTTP/1.1" 200 204 "-" "Mozilla/5.0 IsItDown.no"
54.217.213.13 - - [05/Dec/2013:22:51:50 +0000] "GET /index.html HTTP/1.1" 200 204 "-" "Mozilla/5.0 IsItDown.no"
54.217.213.13 - - [05/Dec/2013:22:52:50 +0000] "GET /index.html HTTP/1.1" 200 204 "-" "Mozilla/5.0 IsItDown.no"
54.217.213.13 - - [05/Dec/2013:22:53:50 +0000] "GET /index.html HTTP/1.1" 200 204 "-" "Mozilla/5.0 IsItDown.no"
54.217.213.13 - - [05/Dec/2013:22:54:50 +0000] "GET /index.html HTTP/1.1" 200 204 "-" "Mozilla/5.0 IsItDown.no"
54.217.213.13 - - [05/Dec/2013:22:55:50 +0000] "GET /index.html HTTP/1.1" 200 204 "-" "Mozilla/5.0 IsItDown.no"
54.217.213.13 - - [05/Dec/2013:22:56:50 +0000] "GET /index.html HTTP/1.1" 200 204 "-" "Mozilla/5.0 IsItDown.no"
54.217.213.13 - - [05/Dec/2013:22:57:50 +0000] "GET /index.html HTTP/1.1" 200 204 "-" "Mozilla/5.0 IsItDown.no"
54.217.213.13 - - [05/Dec/2013:22:58:50 +0000] "GET /index.html HTTP/1.1" 200 204 "-" "Mozilla/5.0 IsItDown.no"
85.10.246.236 - - [05/Dec/2013:22:59:31 +0000] "HEAD /episodes/26.mp3 HTTP/1.1" 200 0 "-" "PritTorrent/1.0"
54.217.213.13 - - [05/Dec/2013:22:59:51 +0000] "GET /index.html HTTP/1.1" 200 204 "-" "Mozilla/5.0 IsItDown.no"
54.217.213.13 - - [05/Dec/2013:23:00:51 +0000] "GET /index.html HTTP/1.1" 200 204 "-" "Mozilla/5.0 IsItDown.no"
220.181.51.219 - - [05/Dec/2013:23:01:00 +0000] "GET /episodes/12.mp3 HTTP/1.0" 200 30444 "-" "NSPlayer/10.0.0.4072 WMFSDK/10.0"
54.217.213.13 - - [05/Dec/2013:23:01:51 +0000] "GET /index.html HTTP/1.1" 200 204 "-" "Mozilla/5.0 IsItDown.no"
54.217.213.13 - - [05/Dec/2013:23:02:51 +0000] "GET /index.html HTTP/1.1" 200 204 "-" "Mozilla/5.0 IsItDown.no"
54.217.213.13 - - [05/Dec/2013:23:03:51 +0000] "GET /index.html HTTP/1.1" 200 204 "-" "Mozilla/5.0 IsItDown.no"
54.217.213.13 - - [05/Dec/2013:23:04:51 +0000] "GET /index.html HTTP/1.1" 200 204 "-" "Mozilla/5.0 IsItDown.no"
54.217.213.13 - - [05/Dec/2013:23:05:51 +0000] "GET /index.html HTTP/1.1" 200 204 "-" "Mozilla/5.0 IsItDown.no"
54.217.213.13 - - [05/Dec/2013:23:06:51 +0000] "GET /index.html HTTP/1.1" 200 204 "-" "Mozilla/5.0 IsItDown.no"
54.217.213.13 - - [05/Dec/2013:23:07:51 +0000] "GET /index.html HTTP/1.1" 200 204 "-" "Mozilla/5.0 IsItDown.no"
54.217.213.13 - - [05/Dec/2013:23:08:51 +0000] "GET /index.html HTTP/1.1" 200 204 "-" "Mozilla/5.0 IsItDown.no"
54.217.213.13 - - [05/Dec/2013:23:09:51 +0000] "GET /index.html HTTP/1.1" 200 204 "-" "Mozilla/5.0 IsItDown.no"
54.217.213.13 - - [05/Dec/2013:23:10:51 +0000] "GET /index.html HTTP/1.1" 200 204 "-" "Mozilla/5.0 IsItDown.no"
54.217.213.13 - - [05/Dec/2013:23:11:51 +0000] "GET /index.html HTTP/1.1" 200 204 "-" "Mozilla/5.0 IsItDown.no"
54.217.213.13 - - [05/Dec/2013:23:12:51 +0000] "GET /index.html HTTP/1.1" 200 204 "-" "Mozilla/5.0 IsItDown.no"
54.217.213.13 - - [05/Dec/2013:23:13:51 +0000] "GET /index.html HTTP/1.1" 200 204 "-" "Mozilla/5.0 IsItDown.no"
85.10.246.236 - - [05/Dec/2013:23:14:32 +0000] "HEAD /episodes/26.mp3 HTTP/1.1" 200 0 "-" "PritTorrent/1.0"
54.217.213.13 - - [05/Dec/2013:23:14:51 +0000] "GET /index.html HTTP/1.1" 200 204 "-" "Mozilla/5.0 IsItDown.no"
54.217.213.13 - - [05/Dec/2013:23:15:51 +0000] "GET /index.html HTTP/1.1" 200 204 "-" "Mozilla/5.0 IsItDown.no"
54.217.213.13 - - [05/Dec/2013:23:16:51 +0000] "GET /index.html HTTP/1.1" 200 204 "-" "Mozilla/5.0 IsItDown.no"
54.217.213.13 - - [05/Dec/2013:23:17:51 +0000] "GET /index.html HTTP/1.1" 200 204 "-" "Mozilla/5.0 IsItDown.no"
54.217.213.13 - - [05/Dec/2013:23:18:51 +0000] "GET /index.html HTTP/1.1" 200 204 "-" "Mozilla/5.0 IsItDown.no"
54.217.213.13 - - [05/Dec/2013:23:19:51 +0000] "GET /index.html HTTP/1.1" 200 204 "-" "Mozilla/5.0 IsItDown.no"
54.217.213.13 - - [05/Dec/2013:23:20:52 +0000] "GET /index.html HTTP/1.1" 200 204 "-" "Mozilla/5.0 IsItDown.no"
54.217.213.13 - - [05/Dec/2013:23:21:52 +0000] "GET /index.html HTTP/1.1" 200 204 "-" "Mozilla/5.0 IsItDown.no"
95.234.101.130 - - [05/Dec/2013:23:22:21 +0000] "GET /episodes/16.mp3 HTTP/1.1" 206 1482238 "http://autonomo.us/blog/" "Mozilla/5.0 (Windows NT 6.1; WOW64) AppleWebKit/537.36 (KHTML, like Gecko) Chrome/29.0.1547.76 Safari/537.36"
54.217.213.13 - - [05/Dec/2013:23:22:52 +0000] "GET /index.html HTTP/1.1" 200 204 "-" "Mozilla/5.0 IsItDown.no"
54.217.213.13 - - [05/Dec/2013:23:23:52 +0000] "GET /index.html HTTP/1.1" 200 204 "-" "Mozilla/5.0 IsItDown.no"
54.217.213.13 - - [05/Dec/2013:23:24:52 +0000] "GET /index.html HTTP/1.1" 200 204 "-" "Mozilla/5.0 IsItDown.no"
54.217.213.13 - - [05/Dec/2013:23:25:52 +0000] "GET /index.html HTTP/1.1" 200 204 "-" "Mozilla/5.0 IsItDown.no"
54.217.213.13 - - [05/Dec/2013:23:26:52 +0000] "GET /index.html HTTP/1.1" 200 204 "-" "Mozilla/5.0 IsItDown.no"
54.217.213.13 - - [05/Dec/2013:23:27:52 +0000] "GET /index.html HTTP/1.1" 200 204 "-" "Mozilla/5.0 IsItDown.no"
54.217.213.13 - - [05/Dec/2013:23:28:52 +0000] "GET /index.html HTTP/1.1" 200 204 "-" "Mozilla/5.0 IsItDown.no"
85.10.246.236 - - [05/Dec/2013:23:29:33 +0000] "HEAD /episodes/26.mp3 HTTP/1.1" 200 0 "-" "PritTorrent/1.0"
54.217.213.13 - - [05/Dec/2013:23:29:52 +0000] "GET /index.html HTTP/1.1" 200 204 "-" "Mozilla/5.0 IsItDown.no"
54.217.213.13 - - [05/Dec/2013:23:30:52 +0000] "GET /index.html HTTP/1.1" 200 204 "-" "Mozilla/5.0 IsItDown.no"
220.181.51.220 - - [05/Dec/2013:23:31:17 +0000] "GET /episodes/12.mp3 HTTP/1.0" 200 30444 "-" "NSPlayer/10.0.0.4072 WMFSDK/10.0"
54.217.213.13 - - [05/Dec/2013:23:31:52 +0000] "GET /index.html HTTP/1.1" 200 204 "-" "Mozilla/5.0 IsItDown.no"
54.217.213.13 - - [05/Dec/2013:23:32:52 +0000] "GET /index.html HTTP/1.1" 200 204 "-" "Mozilla/5.0 IsItDown.no"
54.217.213.13 - - [05/Dec/2013:23:33:52 +0000] "GET /index.html HTTP/1.1" 200 204 "-" "Mozilla/5.0 IsItDown.no"
54.217.213.13 - - [05/Dec/2013:23:34:52 +0000] "GET /index.html HTTP/1.1" 200 204 "-" "Mozilla/5.0 IsItDown.no"
54.217.213.13 - - [05/Dec/2013:23:35:52 +0000] "GET /index.html HTTP/1.1" 200 204 "-" "Mozilla/5.0 IsItDown.no"
54.217.213.13 - - [05/Dec/2013:23:36:52 +0000] "GET /index.html HTTP/1.1" 200 204 "-" "Mozilla/5.0 IsItDown.no"
54.217.213.13 - - [05/Dec/2013:23:37:52 +0000] "GET /index.html HTTP/1.1" 200 204 "-" "Mozilla/5.0 IsItDown.no"
54.217.213.13 - - [05/Dec/2013:23:38:52 +0000] "GET /index.html HTTP/1.1" 200 204 "-" "Mozilla/5.0 IsItDown.no"
54.217.213.13 - - [05/Dec/2013:23:39:52 +0000] "GET /index.html HTTP/1.1" 200 204 "-" "Mozilla/5.0 IsItDown.no"
54.217.213.13 - - [05/Dec/2013:23:40:52 +0000] "GET /index.html HTTP/1.1" 200 204 "-" "Mozilla/5.0 IsItDown.no"
54.217.213.13 - - [05/Dec/2013:23:41:52 +0000] "GET /index.html HTTP/1.1" 200 204 "-" "Mozilla/5.0 IsItDown.no"
54.217.213.13 - - [05/Dec/2013:23:42:53 +0000] "GET /index.html HTTP/1.1" 200 204 "-" "Mozilla/5.0 IsItDown.no"
54.217.213.13 - - [05/Dec/2013:23:43:53 +0000] "GET /index.html HTTP/1.1" 200 204 "-" "Mozilla/5.0 IsItDown.no"
85.10.246.236 - - [05/Dec/2013:23:44:43 +0000] "HEAD /episodes/26.mp3 HTTP/1.1" 200 0 "-" "PritTorrent/1.0"
54.217.213.13 - - [05/Dec/2013:23:44:53 +0000] "GET /index.html HTTP/1.1" 200 204 "-" "Mozilla/5.0 IsItDown.no"
123.125.71.147 - - [05/Dec/2013:23:45:24 +0000] "GET /episodes/17.mp3 HTTP/1.0" 200 30444 "-" "NSPlayer/10.0.0.4072 WMFSDK/10.0"
54.217.213.13 - - [05/Dec/2013:23:45:53 +0000] "GET /index.html HTTP/1.1" 200 204 "-" "Mozilla/5.0 IsItDown.no"
54.217.213.13 - - [05/Dec/2013:23:46:53 +0000] "GET /index.html HTTP/1.1" 200 204 "-" "Mozilla/5.0 IsItDown.no"
54.217.213.13 - - [05/Dec/2013:23:47:53 +0000] "GET /index.html HTTP/1.1" 200 204 "-" "Mozilla/5.0 IsItDown.no"
54.217.213.13 - - [05/Dec/2013:23:48:53 +0000] "GET /index.html HTTP/1.1" 200 204 "-" "Mozilla/5.0 IsItDown.no"
54.217.213.13 - - [05/Dec/2013:23:49:53 +0000] "GET /index.html HTTP/1.1" 200 204 "-" "Mozilla/5.0 IsItDown.no"
54.217.213.13 - - [05/Dec/2013:23:50:53 +0000] "GET /index.html HTTP/1.1" 200 204 "-" "Mozilla/5.0 IsItDown.no"
54.217.213.13 - - [05/Dec/2013:23:51:53 +0000] "GET /index.html HTTP/1.1" 200 204 "-" "Mozilla/5.0 IsItDown.no"
54.217.213.13 - - [05/Dec/2013:23:52:53 +0000] "GET /index.html HTTP/1.1" 200 204 "-" "Mozilla/5.0 IsItDown.no"
54.217.213.13 - - [05/Dec/2013:23:53:53 +0000] "GET /index.html HTTP/1.1" 200 204 "-" "Mozilla/5.0 IsItDown.no"
54.217.213.13 - - [05/Dec/2013:23:54:53 +0000] "GET /index.html HTTP/1.1" 200 204 "-" "Mozilla/5.0 IsItDown.no"
54.217.213.13 - - [05/Dec/2013:23:55:53 +0000] "GET /index.html HTTP/1.1" 200 204 "-" "Mozilla/5.0 IsItDown.no"
54.217.213.13 - - [05/Dec/2013:23:56:53 +0000] "GET /index.html HTTP/1.1" 200 204 "-" "Mozilla/5.0 IsItDown.no"
54.217.213.13 - - [05/Dec/2013:23:57:53 +0000] "GET /index.html HTTP/1.1" 200 204 "-" "Mozilla/5.0 IsItDown.no"
54.217.213.13 - - [05/Dec/2013:23:58:53 +0000] "GET /index.html HTTP/1.1" 200 204 "-" "Mozilla/5.0 IsItDown.no"
85.10.246.236 - - [05/Dec/2013:23:59:44 +0000] "HEAD /episodes/26.mp3 HTTP/1.1" 200 0 "-" "PritTorrent/1.0"
54.217.213.13 - - [05/Dec/2013:23:59:53 +0000] "GET /index.html HTTP/1.1" 200 204 "-" "Mozilla/5.0 IsItDown.no"
66.238.172.50 - - [06/Dec/2013:00:00:36 +0000] "GET /episodes/22.mp3 HTTP/1.1" 206 284026 "http://episodes.gitminutes.com/2013/09/gitminutes-22-alexander-kitaev-about.html" "Mozilla/5.0 (Windows NT 6.1; WOW64; rv:25.0) Gecko/20100101 Firefox/25.0"
66.238.172.50 - - [06/Dec/2013:00:00:41 +0000] "-" 400 0 "-" "-"
54.217.213.13 - - [06/Dec/2013:00:00:53 +0000] "GET /index.html HTTP/1.1" 200 204 "-" "Mozilla/5.0 IsItDown.no"
66.238.172.50 - - [06/Dec/2013:00:01:15 +0000] "GET /episodes/22.mp3 HTTP/1.1" 206 31322521 "http://episodes.gitminutes.com/2013/09/gitminutes-22-alexander-kitaev-about.html" "Mozilla/5.0 (Windows NT 6.1; WOW64; rv:25.0) Gecko/20100101 Firefox/25.0"
66.238.172.50 - - [06/Dec/2013:00:01:16 +0000] "GET /favicon.ico HTTP/1.1" 200 204 "-" "Mozilla/5.0 (Windows NT 6.1; WOW64; rv:25.0) Gecko/20100101 Firefox/25.0"
66.238.172.50 - - [06/Dec/2013:00:01:19 +0000] "GET /episodes/22.mp3 HTTP/1.1" 200 3447019 "http://episodes.gitminutes.com/2013/09/gitminutes-22-alexander-kitaev-about.html" "Mozilla/5.0 (Windows NT 6.1; WOW64; rv:25.0) Gecko/20100101 Firefox/25.0"
66.238.172.50 - - [06/Dec/2013:00:01:22 +0000] "-" 400 0 "-" "-"
220.181.51.220 - - [06/Dec/2013:00:01:32 +0000] "GET /episodes/12.mp3 HTTP/1.0" 200 30444 "-" "NSPlayer/10.0.0.4072 WMFSDK/10.0"
66.238.172.50 - - [06/Dec/2013:00:01:53 +0000] "GET /episodes/22.mp3 HTTP/1.1" 200 31494767 "http://episodes.gitminutes.com/2013/09/gitminutes-22-alexander-kitaev-about.html" "Mozilla/5.0 (Windows NT 6.1; WOW64; rv:25.0) Gecko/20100101 Firefox/25.0"
54.217.213.13 - - [06/Dec/2013:00:01:53 +0000] "GET /index.html HTTP/1.1" 200 204 "-" "Mozilla/5.0 IsItDown.no"
54.217.213.13 - - [06/Dec/2013:00:02:54 +0000] "GET /index.html HTTP/1.1" 200 204 "-" "Mozilla/5.0 IsItDown.no"
66.238.172.50 - - [06/Dec/2013:00:03:42 +0000] "GET /episodes/22.mp3 HTTP/1.1" 206 51730 "http://episodes.gitminutes.com/2013/09/gitminutes-22-alexander-kitaev-about.html?utm_source=feedburner&utm_medium=feed&utm_campaign=Feed%3A+gitminutes-all+%28GitMinutes+-+All+Posts%29" "Mozilla/5.0 (Macintosh; Intel Mac OS X 10.8; rv:25.0) Gecko/20100101 Firefox/25.0"
54.217.213.13 - - [06/Dec/2013:00:03:54 +0000] "GET /index.html HTTP/1.1" 200 204 "-" "Mozilla/5.0 IsItDown.no"
66.238.172.50 - - [06/Dec/2013:00:04:11 +0000] "GET /episodes/25.mp3 HTTP/1.1" 206 77722 "http://episodes.gitminutes.com/" "Mozilla/5.0 (Macintosh; Intel Mac OS X 10.8; rv:25.0) Gecko/20100101 Firefox/25.0"
66.238.172.50 - - [06/Dec/2013:00:04:11 +0000] "GET /episodes/22.mp3 HTTP/1.1" 206 51730 "http://episodes.gitminutes.com/" "Mozilla/5.0 (Macintosh; Intel Mac OS X 10.8; rv:25.0) Gecko/20100101 Firefox/25.0"
66.238.172.50 - - [06/Dec/2013:00:04:11 +0000] "GET /episodes/26.mp3 HTTP/1.1" 206 70882 "http://episodes.gitminutes.com/" "Mozilla/5.0 (Macintosh; Intel Mac OS X 10.8; rv:25.0) Gecko/20100101 Firefox/25.0"
66.238.172.50 - - [06/Dec/2013:00:04:11 +0000] "GET /episodes/23.mp3 HTTP/1.1" 206 51730 "http://episodes.gitminutes.com/" "Mozilla/5.0 (Macintosh; Intel Mac OS X 10.8; rv:25.0) Gecko/20100101 Firefox/25.0"
66.238.172.50 - - [06/Dec/2013:00:04:11 +0000] "GET /episodes/24.mp3 HTTP/1.1" 206 110554 "http://episodes.gitminutes.com/" "Mozilla/5.0 (Macintosh; Intel Mac OS X 10.8; rv:25.0) Gecko/20100101 Firefox/25.0"
66.238.172.50 - - [06/Dec/2013:00:04:11 +0000] "GET /episodes/21.mp3 HTTP/1.1" 206 106450 "http://episodes.gitminutes.com/" "Mozilla/5.0 (Macintosh; Intel Mac OS X 10.8; rv:25.0) Gecko/20100101 Firefox/25.0"
