66.238.172.50 - - [06/Dec/2013:00:04:11 +0000] "GET /episodes/20.mp3 HTTP/1.1" 206 51730 "http://episodes.gitminutes.com/" "Mozilla/5.0 (Macintosh; Intel Mac OS X 10.8; rv:25.0) Gecko/20100101 Firefox/25.0"
66.238.172.50 - - [06/Dec/2013:00:04:16 +0000] "-" 400 0 "-" "-"
66.238.172.50 - - [06/Dec/2013:00:04:16 +0000] "-" 400 0 "-" "-"
66.238.172.50 - - [06/Dec/2013:00:04:17 +0000] "-" 400 0 "-" "-"
66.238.172.50 - - [06/Dec/2013:00:04:22 +0000] "GET /episodes/22.mp3 HTTP/1.1" 200 31494767 "http://episodes.gitminutes.com/2013/09/gitminutes-22-alexander-kitaev-about.html?utm_source=feedburner&utm_medium=feed&utm_campaign=Feed%3A+gitminutes-all+%28GitMinutes+-+All+Posts%29" "Mozilla/5.0 (Macintosh; Intel Mac OS X 10.8; rv:25.0) Gecko/20100101 Firefox/25.0"
66.238.172.50 - - [06/Dec/2013:00:04:42 +0000] "GET /episodes/22.mp3 HTTP/1.1" 206 843802 "http://episodes.gitminutes.com/2013/09/gitminutes-22-alexander-kitaev-about.html?utm_source=feedburner&utm_medium=feed&utm_campaign=Feed%3A+gitminutes-all+%28GitMinutes+-+All+Posts%29" "Mozilla/5.0 (Macintosh; Intel Mac OS X 10.8; rv:25.0) Gecko/20100101 Firefox/25.0"
66.238.172.50 - - [06/Dec/2013:00:04:48 +0000] "GET /episodes/23.mp3 HTTP/1.1" 206 166642 "http://episodes.gitminutes.com/" "Mozilla/5.0 (Macintosh; Intel Mac OS X 10.8; rv:25.0) Gecko/20100101 Firefox/25.0"
66.238.172.50 - - [06/Dec/2013:00:04:49 +0000] "GET /episodes/26.mp3 HTTP/1.1" 206 235042 "http://episodes.gitminutes.com/" "Mozilla/5.0 (Macintosh; Intel Mac OS X 10.8; rv:25.0) Gecko/20100101 Firefox/25.0"
66.238.172.50 - - [06/Dec/2013:00:04:49 +0000] "GET /episodes/22.mp3 HTTP/1.1" 206 159802 "http://episodes.gitminutes.com/" "Mozilla/5.0 (Macintosh; Intel Mac OS X 10.8; rv:25.0) Gecko/20100101 Firefox/25.0"
66.238.172.50 - - [06/Dec/2013:00:04:49 +0000] "GET /episodes/25.mp3 HTTP/1.1" 206 240514 "http://episodes.gitminutes.com/" "Mozilla/5.0 (Macintosh; Intel Mac OS X 10.8; rv:25.0) Gecko/20100101 Firefox/25.0"
66.238.172.50 - - [06/Dec/2013:00:04:49 +0000] "GET /episodes/21.mp3 HTTP/1.1" 206 157066 "http://episodes.gitminutes.com/" "Mozilla/5.0 (Macintosh; Intel Mac OS X 10.8; rv:25.0) Gecko/20100101 Firefox/25.0"
66.238.172.50 - - [06/Dec/2013:00:04:49 +0000] "GET /episodes/24.mp3 HTTP/1.1" 206 195370 "http://episodes.gitminutes.com/" "Mozilla/5.0 (Macintosh; Intel Mac OS X 10.8; rv:25.0) Gecko/20100101 Firefox/25.0"
66.238.172.50 - - [06/Dec/2013:00:04:49 +0000] "GET /episodes/20.mp3 HTTP/1.1" 206 107818 "http://episodes.gitminutes.com/" "Mozilla/5.0 (Macintosh; Intel Mac OS X 10.8; rv:25.0) Gecko/20100101 Firefox/25.0"
54.217.213.13 - - [06/Dec/2013:00:04:54 +0000] "GET /index.html HTTP/1.1" 200 204 "-" "Mozilla/5.0 IsItDown.no"
66.238.172.50 - - [06/Dec/2013:00:04:54 +0000] "-" 400 0 "-" "-"
54.217.213.13 - - [06/Dec/2013:00:05:54 +0000] "GET /index.html HTTP/1.1" 200 204 "-" "Mozilla/5.0 IsItDown.no"
54.217.213.13 - - [06/Dec/2013:00:06:54 +0000] "GET /index.html HTTP/1.1" 200 204 "-" "Mozilla/5.0 IsItDown.no"
54.217.213.13 - - [06/Dec/2013:00:07:54 +0000] "GET /index.html HTTP/1.1" 200 204 "-" "Mozilla/5.0 IsItDown.no"
54.217.213.13 - - [06/Dec/2013:00:08:54 +0000] "GET /index.html HTTP/1.1" 200 204 "-" "Mozilla/5.0 IsItDown.no"
54.217.213.13 - - [06/Dec/2013:00:09:54 +0000] "GET /index.html HTTP/1.1" 200 204 "-" "Mozilla/5.0 IsItDown.no"
54.217.213.13 - - [06/Dec/2013:00:10:54 +0000] "GET /index.html HTTP/1.1" 200 204 "-" "Mozilla/5.0 IsItDown.no"
54.217.213.13 - - [06/Dec/2013:00:11:54 +0000] "GET /index.html HTTP/1.1" 200 204 "-" "Mozilla/5.0 IsItDown.no"
54.217.213.13 - - [06/Dec/2013:00:12:54 +0000] "GET /index.html HTTP/1.1" 200 204 "-" "Mozilla/5.0 IsItDown.no"
54.217.213.13 - - [06/Dec/2013:00:13:54 +0000] "GET /index.html HTTP/1.1" 200 204 "-" "Mozilla/5.0 IsItDown.no"
85.10.246.236 - - [06/Dec/2013:00:14:49 +0000] "HEAD /episodes/26.mp3 HTTP/1.1" 200 0 "-" "PritTorrent/1.0"
54.217.213.13 - - [06/Dec/2013:00:14:54 +0000] "GET /index.html HTTP/1.1" 200 204 "-" "Mozilla/5.0 IsItDown.no"
54.217.213.13 - - [06/Dec/2013:00:15:54 +0000] "GET /index.html HTTP/1.1" 200 204 "-" "Mozilla/5.0 IsItDown.no"
54.217.213.13 - - [06/Dec/2013:00:16:54 +0000] "GET /index.html HTTP/1.1" 200 204 "-" "Mozilla/5.0 IsItDown.no"
54.217.213.13 - - [06/Dec/2013:00:17:54 +0000] "GET /index.html HTTP/1.1" 200 204 "-" "Mozilla/5.0 IsItDown.no"
54.217.213.13 - - [06/Dec/2013:00:18:54 +0000] "GET /index.html HTTP/1.1" 200 204 "-" "Mozilla/5.0 IsItDown.no"
54.217.213.13 - - [06/Dec/2013:00:19:54 +0000] "GET /index.html HTTP/1.1" 200 204 "-" "Mozilla/5.0 IsItDown.no"
123.125.67.242 - - [06/Dec/2013:00:20:12 +0000] "GET /episodes/17.mp3 HTTP/1.0" 200 30444 "-" "NSPlayer/10.0.0.4072 WMFSDK/10.0"
54.217.213.13 - - [06/Dec/2013:00:20:54 +0000] "GET /index.html HTTP/1.1" 200 204 "-" "Mozilla/5.0 IsItDown.no"
54.217.213.13 - - [06/Dec/2013:00:21:55 +0000] "GET /index.html HTTP/1.1" 200 204 "-" "Mozilla/5.0 IsItDown.no"
54.217.213.13 - - [06/Dec/2013:00:22:55 +0000] "GET /index.html HTTP/1.1" 200 204 "-" "Mozilla/5.0 IsItDown.no"
54.217.213.13 - - [06/Dec/2013:00:23:55 +0000] "GET /index.html HTTP/1.1" 200 204 "-" "Mozilla/5.0 IsItDown.no"
54.217.213.13 - - [06/Dec/2013:00:24:55 +0000] "GET /index.html HTTP/1.1" 200 204 "-" "Mozilla/5.0 IsItDown.no"
54.217.213.13 - - [06/Dec/2013:00:25:55 +0000] "GET /index.html HTTP/1.1" 200 204 "-" "Mozilla/5.0 IsItDown.no"
54.217.213.13 - - [06/Dec/2013:00:26:55 +0000] "GET /index.html HTTP/1.1" 200 204 "-" "Mozilla/5.0 IsItDown.no"
54.217.213.13 - - [06/Dec/2013:00:27:55 +0000] "GET /index.html HTTP/1.1" 200 204 "-" "Mozilla/5.0 IsItDown.no"
54.217.213.13 - - [06/Dec/2013:00:28:55 +0000] "GET /index.html HTTP/1.1" 200 204 "-" "Mozilla/5.0 IsItDown.no"
85.10.246.236 - - [06/Dec/2013:00:29:50 +0000] "HEAD /episodes/26.mp3 HTTP/1.1" 200 0 "-" "PritTorrent/1.0"
54.217.213.13 - - [06/Dec/2013:00:29:55 +0000] "GET /index.html HTTP/1.1" 200 204 "-" "Mozilla/5.0 IsItDown.no"
54.217.213.13 - - [06/Dec/2013:00:30:55 +0000] "GET /index.html HTTP/1.1" 200 204 "-" "Mozilla/5.0 IsItDown.no"
220.181.51.218 - - [06/Dec/2013:00:31:46 +0000] "GET /episodes/12.mp3 HTTP/1.0" 200 30444 "-" "NSPlayer/10.0.0.4072 WMFSDK/10.0"
54.217.213.13 - - [06/Dec/2013:00:31:55 +0000] "GET /index.html HTTP/1.1" 200 204 "-" "Mozilla/5.0 IsItDown.no"
54.217.213.13 - - [06/Dec/2013:00:32:55 +0000] "GET /index.html HTTP/1.1" 200 204 "-" "Mozilla/5.0 IsItDown.no"
54.217.213.13 - - [06/Dec/2013:00:33:55 +0000] "GET /index.html HTTP/1.1" 200 204 "-" "Mozilla/5.0 IsItDown.no"
54.217.213.13 - - [06/Dec/2013:00:34:55 +0000] "GET /index.html HTTP/1.1" 200 204 "-" "Mozilla/5.0 IsItDown.no"
54.217.213.13 - - [06/Dec/2013:00:35:55 +0000] "GET /index.html HTTP/1.1" 200 204 "-" "Mozilla/5.0 IsItDown.no"
54.217.213.13 - - [06/Dec/2013:00:36:55 +0000] "GET /index.html HTTP/1.1" 200 204 "-" "Mozilla/5.0 IsItDown.no"
54.217.213.13 - - [06/Dec/2013:00:37:55 +0000] "GET /index.html HTTP/1.1" 200 204 "-" "Mozilla/5.0 IsItDown.no"
54.217.213.13 - - [06/Dec/2013:00:38:55 +0000] "GET /index.html HTTP/1.1" 200 204 "-" "Mozilla/5.0 IsItDown.no"
54.217.213.13 - - [06/Dec/2013:00:39:56 +0000] "GET /index.html HTTP/1.1" 200 204 "-" "Mozilla/5.0 IsItDown.no"
54.217.213.13 - - [06/Dec/2013:00:40:56 +0000] "GET /index.html HTTP/1.1" 200 204 "-" "Mozilla/5.0 IsItDown.no"
54.217.213.13 - - [06/Dec/2013:00:41:56 +0000] "GET /index.html HTTP/1.1" 200 204 "-" "Mozilla/5.0 IsItDown.no"
54.217.213.13 - - [06/Dec/2013:00:42:56 +0000] "GET /index.html HTTP/1.1" 200 204 "-" "Mozilla/5.0 IsItDown.no"
54.217.213.13 - - [06/Dec/2013:00:43:56 +0000] "GET /index.html HTTP/1.1" 200 204 "-" "Mozilla/5.0 IsItDown.no"
85.10.246.236 - - [06/Dec/2013:00:44:54 +0000] "HEAD /episodes/26.mp3 HTTP/1.1" 200 0 "-" "PritTorrent/1.0"
54.217.213.13 - - [06/Dec/2013:00:44:56 +0000] "GET /index.html HTTP/1.1" 200 204 "-" "Mozilla/5.0 IsItDown.no"
54.217.213.13 - - [06/Dec/2013:00:45:56 +0000] "GET /index.html HTTP/1.1" 200 204 "-" "Mozilla/5.0 IsItDown.no"
54.217.213.13 - - [06/Dec/2013:00:46:56 +0000] "GET /index.html HTTP/1.1" 200 204 "-" "Mozilla/5.0 IsItDown.no"
54.217.213.13 - - [06/Dec/2013:00:47:56 +0000] "GET /index.html HTTP/1.1" 200 204 "-" "Mozilla/5.0 IsItDown.no"
54.217.213.13 - - [06/Dec/2013:00:48:56 +0000] "GET /index.html HTTP/1.1" 200 204 "-" "Mozilla/5.0 IsItDown.no"
54.217.213.13 - - [06/Dec/2013:00:49:56 +0000] "GET /index.html HTTP/1.1" 200 204 "-" "Mozilla/5.0 IsItDown.no"
123.125.67.180 - - [06/Dec/2013:00:50:53 +0000] "GET /episodes/17.mp3 HTTP/1.0" 200 30444 "-" "NSPlayer/10.0.0.4072 WMFSDK/10.0"
54.217.213.13 - - [06/Dec/2013:00:50:56 +0000] "GET /index.html HTTP/1.1" 200 204 "-" "Mozilla/5.0 IsItDown.no"
54.217.213.13 - - [06/Dec/2013:00:51:56 +0000] "GET /index.html HTTP/1.1" 200 204 "-" "Mozilla/5.0 IsItDown.no"
54.217.213.13 - - [06/Dec/2013:00:52:56 +0000] "GET /index.html HTTP/1.1" 200 204 "-" "Mozilla/5.0 IsItDown.no"
54.217.213.13 - - [06/Dec/2013:00:53:56 +0000] "GET /index.html HTTP/1.1" 200 204 "-" "Mozilla/5.0 IsItDown.no"
110.172.152.254 - - [06/Dec/2013:00:54:30 +0000] "GET /MyAdmin/scripts/setup.php HTTP/1.1" 200 204 "-" "ZmEu"
110.172.152.254 - - [06/Dec/2013:00:54:30 +0000] "GET /pma/scripts/setup.php HTTP/1.1" 200 204 "-" "ZmEu"
110.172.152.254 - - [06/Dec/2013:00:54:30 +0000] "GET /phpmyadmin/scripts/setup.php HTTP/1.1" 200 204 "-" "ZmEu"
110.172.152.254 - - [06/Dec/2013:00:54:30 +0000] "GET /myadmin/scripts/setup.php HTTP/1.1" 200 204 "-" "ZmEu"
110.172.152.254 - - [06/Dec/2013:00:54:30 +0000] "GET /w00tw00t.at.blackhats.romanian.anti-sec:) HTTP/1.1" 200 204 "-" "ZmEu"
110.172.152.254 - - [06/Dec/2013:00:54:30 +0000] "GET /phpMyAdmin/scripts/setup.php HTTP/1.1" 200 204 "-" "ZmEu"
54.217.213.13 - - [06/Dec/2013:00:54:56 +0000] "GET /index.html HTTP/1.1" 200 204 "-" "Mozilla/5.0 IsItDown.no"
54.217.213.13 - - [06/Dec/2013:00:55:56 +0000] "GET /index.html HTTP/1.1" 200 204 "-" "Mozilla/5.0 IsItDown.no"
54.217.213.13 - - [06/Dec/2013:00:56:56 +0000] "GET /index.html HTTP/1.1" 200 204 "-" "Mozilla/5.0 IsItDown.no"
54.217.213.13 - - [06/Dec/2013:00:57:56 +0000] "GET /index.html HTTP/1.1" 200 204 "-" "Mozilla/5.0 IsItDown.no"
54.217.213.13 - - [06/Dec/2013:00:58:56 +0000] "GET /index.html HTTP/1.1" 200 204 "-" "Mozilla/5.0 IsItDown.no"
54.217.213.13 - - [06/Dec/2013:00:59:56 +0000] "GET /index.html HTTP/1.1" 200 204 "-" "Mozilla/5.0 IsItDown.no"
85.10.246.236 - - [06/Dec/2013:00:59:57 +0000] "HEAD /episodes/26.mp3 HTTP/1.1" 200 0 "-" "PritTorrent/1.0"
54.217.213.13 - - [06/Dec/2013:01:00:56 +0000] "GET /index.html HTTP/1.1" 200 204 "-" "Mozilla/5.0 IsItDown.no"
54.217.213.13 - - [06/Dec/2013:01:01:56 +0000] "GET /index.html HTTP/1.1" 200 204 "-" "Mozilla/5.0 IsItDown.no"
220.181.51.220 - - [06/Dec/2013:01:02:04 +0000] "GET /episodes/12.mp3 HTTP/1.0" 200 30444 "-" "NSPlayer/10.0.0.4072 WMFSDK/10.0"
54.217.213.13 - - [06/Dec/2013:01:02:57 +0000] "GET /index.html HTTP/1.1" 200 204 "-" "Mozilla/5.0 IsItDown.no"
54.217.213.13 - - [06/Dec/2013:01:03:57 +0000] "GET /index.html HTTP/1.1" 200 204 "-" "Mozilla/5.0 IsItDown.no"
54.217.213.13 - - [06/Dec/2013:01:04:57 +0000] "GET /index.html HTTP/1.1" 200 204 "-" "Mozilla/5.0 IsItDown.no"
54.217.213.13 - - [06/Dec/2013:01:05:57 +0000] "GET /index.html HTTP/1.1" 200 204 "-" "Mozilla/5.0 IsItDown.no"
54.217.213.13 - - [06/Dec/2013:01:06:57 +0000] "GET /index.html HTTP/1.1" 200 204 "-" "Mozilla/5.0 IsItDown.no"
54.217.213.13 - - [06/Dec/2013:01:07:57 +0000] "GET /index.html HTTP/1.1" 200 204 "-" "Mozilla/5.0 IsItDown.no"
54.217.213.13 - - [06/Dec/2013:01:08:57 +0000] "GET /index.html HTTP/1.1" 200 204 "-" "Mozilla/5.0 IsItDown.no"
68.107.251.249 - - [06/Dec/2013:01:09:06 +0000] "-" 400 0 "-" "-"
68.107.251.249 - - [06/Dec/2013:01:09:46 +0000] "GET /episodes/25.mp3 HTTP/1.1" 200 10460131 "-" "stagefright/1.2 (Linux;Android 4.3.1)"
54.217.213.13 - - [06/Dec/2013:01:09:57 +0000] "GET /index.html HTTP/1.1" 200 204 "-" "Mozilla/5.0 IsItDown.no"
54.217.213.13 - - [06/Dec/2013:01:10:57 +0000] "GET /index.html HTTP/1.1" 200 204 "-" "Mozilla/5.0 IsItDown.no"
54.217.213.13 - - [06/Dec/2013:01:11:57 +0000] "GET /index.html HTTP/1.1" 200 204 "-" "Mozilla/5.0 IsItDown.no"
54.217.213.13 - - [06/Dec/2013:01:12:57 +0000] "GET /index.html HTTP/1.1" 200 204 "-" "Mozilla/5.0 IsItDown.no"
54.217.213.13 - - [06/Dec/2013:01:13:57 +0000] "GET /index.html HTTP/1.1" 200 204 "-" "Mozilla/5.0 IsItDown.no"
54.217.213.13 - - [06/Dec/2013:01:14:57 +0000] "GET /index.html HTTP/1.1" 200 204 "-" "Mozilla/5.0 IsItDown.no"
85.10.246.236 - - [06/Dec/2013:01:14:58 +0000] "HEAD /episodes/26.mp3 HTTP/1.1" 200 0 "-" "PritTorrent/1.0"
54.217.213.13 - - [06/Dec/2013:01:15:57 +0000] "GET /index.html HTTP/1.1" 200 204 "-" "Mozilla/5.0 IsItDown.no"
54.217.213.13 - - [06/Dec/2013:01:16:57 +0000] "GET /index.html HTTP/1.1" 200 204 "-" "Mozilla/5.0 IsItDown.no"
54.217.213.13 - - [06/Dec/2013:01:17:57 +0000] "GET /index.html HTTP/1.1" 200 204 "-" "Mozilla/5.0 IsItDown.no"
54.217.213.13 - - [06/Dec/2013:01:18:57 +0000] "GET /index.html HTTP/1.1" 200 204 "-" "Mozilla/5.0 IsItDown.no"
54.217.213.13 - - [06/Dec/2013:01:19:57 +0000] "GET /index.html HTTP/1.1" 200 204 "-" "Mozilla/5.0 IsItDown.no"
54.217.213.13 - - [06/Dec/2013:01:20:57 +0000] "GET /index.html HTTP/1.1" 200 204 "-" "Mozilla/5.0 IsItDown.no"
54.217.213.13 - - [06/Dec/2013:01:21:57 +0000] "GET /index.html HTTP/1.1" 200 204 "-" "Mozilla/5.0 IsItDown.no"
54.217.213.13 - - [06/Dec/2013:01:22:57 +0000] "GET /index.html HTTP/1.1" 200 204 "-" "Mozilla/5.0 IsItDown.no"
123.125.71.148 - - [06/Dec/2013:01:23:42 +0000] "GET /episodes/17.mp3 HTTP/1.0" 200 30444 "-" "NSPlayer/10.0.0.4072 WMFSDK/10.0"
54.217.213.13 - - [06/Dec/2013:01:23:58 +0000] "GET /index.html HTTP/1.1" 200 204 "-" "Mozilla/5.0 IsItDown.no"
54.217.213.13 - - [06/Dec/2013:01:24:58 +0000] "GET /index.html HTTP/1.1" 200 204 "-" "Mozilla/5.0 IsItDown.no"
54.217.213.13 - - [06/Dec/2013:01:25:58 +0000] "GET /index.html HTTP/1.1" 200 204 "-" "Mozilla/5.0 IsItDown.no"
54.217.213.13 - - [06/Dec/2013:01:26:58 +0000] "GET /index.html HTTP/1.1" 200 204 "-" "Mozilla/5.0 IsItDown.no"
54.217.213.13 - - [06/Dec/2013:01:27:58 +0000] "GET /index.html HTTP/1.1" 200 204 "-" "Mozilla/5.0 IsItDown.no"
54.217.213.13 - - [06/Dec/2013:01:28:58 +0000] "GET /index.html HTTP/1.1" 200 204 "-" "Mozilla/5.0 IsItDown.no"
54.217.213.13 - - [06/Dec/2013:01:29:58 +0000] "GET /index.html HTTP/1.1" 200 204 "-" "Mozilla/5.0 IsItDown.no"
85.10.246.236 - - [06/Dec/2013:01:29:58 +0000] "HEAD /episodes/26.mp3 HTTP/1.1" 200 0 "-" "PritTorrent/1.0"
54.217.213.13 - - [06/Dec/2013:01:30:58 +0000] "GET /index.html HTTP/1.1" 200 204 "-" "Mozilla/5.0 IsItDown.no"
54.217.213.13 - - [06/Dec/2013:01:31:58 +0000] "GET /index.html HTTP/1.1" 200 204 "-" "Mozilla/5.0 IsItDown.no"
220.181.51.217 - - [06/Dec/2013:01:32:16 +0000] "GET /episodes/12.mp3 HTTP/1.0" 200 30444 "-" "NSPlayer/10.0.0.4072 WMFSDK/10.0"
54.217.213.13 - - [06/Dec/2013:01:32:58 +0000] "GET /index.html HTTP/1.1" 200 204 "-" "Mozilla/5.0 IsItDown.no"
54.217.213.13 - - [06/Dec/2013:01:33:58 +0000] "GET /index.html HTTP/1.1" 200 204 "-" "Mozilla/5.0 IsItDown.no"
67.165.239.108 - - [06/Dec/2013:01:34:56 +0000] "GET /episodes/21.mp3 HTTP/1.1" 206 30154 "-" "Mozilla/5.0 (X11; Ubuntu; Linux i686; rv:25.0) Gecko/20100101 Firefox/25.0"
67.165.239.108 - - [06/Dec/2013:01:34:56 +0000] "GET /episodes/24.mp3 HTTP/1.1" 206 44634 "-" "Mozilla/5.0 (X11; Ubuntu; Linux i686; rv:25.0) Gecko/20100101 Firefox/25.0"
67.165.239.108 - - [06/Dec/2013:01:34:56 +0000] "GET /episodes/23.mp3 HTTP/1.1" 206 44634 "-" "Mozilla/5.0 (X11; Ubuntu; Linux i686; rv:25.0) Gecko/20100101 Firefox/25.0"
67.165.239.108 - - [06/Dec/2013:01:34:56 +0000] "GET /episodes/25.mp3 HTTP/1.1" 206 44634 "-" "Mozilla/5.0 (X11; Ubuntu; Linux i686; rv:25.0) Gecko/20100101 Firefox/25.0"
67.165.239.108 - - [06/Dec/2013:01:34:56 +0000] "GET /episodes/26.mp3 HTTP/1.1" 206 44634 "-" "Mozilla/5.0 (X11; Ubuntu; Linux i686; rv:25.0) Gecko/20100101 Firefox/25.0"
67.165.239.108 - - [06/Dec/2013:01:34:56 +0000] "GET /episodes/22.mp3 HTTP/1.1" 206 44634 "-" "Mozilla/5.0 (X11; Ubuntu; Linux i686; rv:25.0) Gecko/20100101 Firefox/25.0"
67.165.239.108 - - [06/Dec/2013:01:34:57 +0000] "GET /episodes/20.mp3 HTTP/1.1" 206 30154 "-" "Mozilla/5.0 (X11; Ubuntu; Linux i686; rv:25.0) Gecko/20100101 Firefox/25.0"
67.165.239.108 - - [06/Dec/2013:01:34:57 +0000] "GET /episodes/19.mp3 HTTP/1.1" 206 30154 "-" "Mozilla/5.0 (X11; Ubuntu; Linux i686; rv:25.0) Gecko/20100101 Firefox/25.0"
67.165.239.108 - - [06/Dec/2013:01:34:57 +0000] "GET /episodes/18.mp3 HTTP/1.1" 206 30154 "-" "Mozilla/5.0 (X11; Ubuntu; Linux i686; rv:25.0) Gecko/20100101 Firefox/25.0"
67.165.239.108 - - [06/Dec/2013:01:34:57 +0000] "GET /episodes/17.mp3 HTTP/1.1" 206 30154 "-" "Mozilla/5.0 (X11; Ubuntu; Linux i686; rv:25.0) Gecko/20100101 Firefox/25.0"
67.165.239.108 - - [06/Dec/2013:01:34:57 +0000] "GET /episodes/15.mp3 HTTP/1.1" 206 30154 "-" "Mozilla/5.0 (X11; Ubuntu; Linux i686; rv:25.0) Gecko/20100101 Firefox/25.0"
67.165.239.108 - - [06/Dec/2013:01:34:57 +0000] "GET /episodes/16.mp3 HTTP/1.1" 206 44634 "-" "Mozilla/5.0 (X11; Ubuntu; Linux i686; rv:25.0) Gecko/20100101 Firefox/25.0"
67.165.239.108 - - [06/Dec/2013:01:34:57 +0000] "GET /episodes/14.mp3 HTTP/1.1" 206 30154 "-" "Mozilla/5.0 (X11; Ubuntu; Linux i686; rv:25.0) Gecko/20100101 Firefox/25.0"
67.165.239.108 - - [06/Dec/2013:01:34:57 +0000] "GET /episodes/11.mp3 HTTP/1.1" 206 30154 "-" "Mozilla/5.0 (X11; Ubuntu; Linux i686; rv:25.0) Gecko/20100101 Firefox/25.0"
67.165.239.108 - - [06/Dec/2013:01:34:57 +0000] "GET /episodes/13.mp3 HTTP/1.1" 206 30154 "-" "Mozilla/5.0 (X11; Ubuntu; Linux i686; rv:25.0) Gecko/20100101 Firefox/25.0"
67.165.239.108 - - [06/Dec/2013:01:34:57 +0000] "GET /episodes/12.mp3 HTTP/1.1" 206 44634 "-" "Mozilla/5.0 (X11; Ubuntu; Linux i686; rv:25.0) Gecko/20100101 Firefox/25.0"
67.165.239.108 - - [06/Dec/2013:01:34:57 +0000] "GET /episodes/10.mp3 HTTP/1.1" 206 44634 "-" "Mozilla/5.0 (X11; Ubuntu; Linux i686; rv:25.0) Gecko/20100101 Firefox/25.0"
67.165.239.108 - - [06/Dec/2013:01:34:57 +0000] "GET /episodes/08.mp3 HTTP/1.1" 206 44634 "-" "Mozilla/5.0 (X11; Ubuntu; Linux i686; rv:25.0) Gecko/20100101 Firefox/25.0"
67.165.239.108 - - [06/Dec/2013:01:34:57 +0000] "GET /episodes/06.mp3 HTTP/1.1" 206 30154 "-" "Mozilla/5.0 (X11; Ubuntu; Linux i686; rv:25.0) Gecko/20100101 Firefox/25.0"
67.165.239.108 - - [06/Dec/2013:01:34:57 +0000] "GET /episodes/09.mp3 HTTP/1.1" 206 44634 "-" "Mozilla/5.0 (X11; Ubuntu; Linux i686; rv:25.0) Gecko/20100101 Firefox/25.0"
67.165.239.108 - - [06/Dec/2013:01:34:57 +0000] "GET /episodes/07.mp3 HTTP/1.1" 206 44634 "-" "Mozilla/5.0 (X11; Ubuntu; Linux i686; rv:25.0) Gecko/20100101 Firefox/25.0"
67.165.239.108 - - [06/Dec/2013:01:34:57 +0000] "GET /episodes/05.mp3 HTTP/1.1" 206 30154 "-" "Mozilla/5.0 (X11; Ubuntu; Linux i686; rv:25.0) Gecko/20100101 Firefox/25.0"
67.165.239.108 - - [06/Dec/2013:01:34:58 +0000] "GET /episodes/03.mp3 HTTP/1.1" 206 30154 "-" "Mozilla/5.0 (X11; Ubuntu; Linux i686; rv:25.0) Gecko/20100101 Firefox/25.0"
67.165.239.108 - - [06/Dec/2013:01:34:58 +0000] "GET /episodes/04.mp3 HTTP/1.1" 206 44634 "-" "Mozilla/5.0 (X11; Ubuntu; Linux i686; rv:25.0) Gecko/20100101 Firefox/25.0"
67.165.239.108 - - [06/Dec/2013:01:34:58 +0000] "GET /episodes/02.mp3 HTTP/1.1" 206 44634 "-" "Mozilla/5.0 (X11; Ubuntu; Linux i686; rv:25.0) Gecko/20100101 Firefox/25.0"
54.217.213.13 - - [06/Dec/2013:01:34:58 +0000] "GET /index.html HTTP/1.1" 200 204 "-" "Mozilla/5.0 IsItDown.no"
54.217.213.13 - - [06/Dec/2013:01:35:58 +0000] "GET /index.html HTTP/1.1" 200 204 "-" "Mozilla/5.0 IsItDown.no"
54.217.213.13 - - [06/Dec/2013:01:36:58 +0000] "GET /index.html HTTP/1.1" 200 204 "-" "Mozilla/5.0 IsItDown.no"
54.217.213.13 - - [06/Dec/2013:01:37:58 +0000] "GET /index.html HTTP/1.1" 200 204 "-" "Mozilla/5.0 IsItDown.no"
54.217.213.13 - - [06/Dec/2013:01:38:58 +0000] "GET /index.html HTTP/1.1" 200 204 "-" "Mozilla/5.0 IsItDown.no"
124.157.115.64 - - [06/Dec/2013:01:39:50 +0000] "GET /episodes/25.mp3 HTTP/1.1" 206 3418006 "http://episodes.gitminutes.com/" "Mozilla/5.0 (Windows NT 6.1; WOW64) AppleWebKit/537.36 (KHTML, like Gecko) Chrome/31.0.1650.57 Safari/537.36"
124.157.115.64 - - [06/Dec/2013:01:39:53 +0000] "GET /episodes/24.mp3 HTTP/1.1" 206 4607566 "http://episodes.gitminutes.com/" "Mozilla/5.0 (Windows NT 6.1; WOW64) AppleWebKit/537.36 (KHTML, like Gecko) Chrome/31.0.1650.57 Safari/537.36"
54.217.213.13 - - [06/Dec/2013:01:39:58 +0000] "GET /index.html HTTP/1.1" 200 204 "-" "Mozilla/5.0 IsItDown.no"
124.157.115.64 - - [06/Dec/2013:01:40:06 +0000] "GET /episodes/22.mp3 HTTP/1.1" 206 3117166 "http://episodes.gitminutes.com/" "Mozilla/5.0 (Windows NT 6.1; WOW64) AppleWebKit/537.36 (KHTML, like Gecko) Chrome/31.0.1650.57 Safari/537.36"
124.157.115.64 - - [06/Dec/2013:01:40:07 +0000] "GET /episodes/26.mp3 HTTP/1.1" 206 3963106 "http://episodes.gitminutes.com/" "Mozilla/5.0 (Windows NT 6.1; WOW64) AppleWebKit/537.36 (KHTML, like Gecko) Chrome/31.0.1650.57 Safari/537.36"
124.157.115.64 - - [06/Dec/2013:01:40:07 +0000] "GET /episodes/23.mp3 HTTP/1.1" 206 3101986 "http://episodes.gitminutes.com/" "Mozilla/5.0 (Windows NT 6.1; WOW64) AppleWebKit/537.36 (KHTML, like Gecko) Chrome/31.0.1650.57 Safari/537.36"
124.157.115.64 - - [06/Dec/2013:01:40:30 +0000] "GET /episodes/21.mp3 HTTP/1.1" 206 4026586 "http://episodes.gitminutes.com/" "Mozilla/5.0 (Windows NT 6.1; WOW64) AppleWebKit/537.36 (KHTML, like Gecko) Chrome/31.0.1650.57 Safari/537.36"
54.217.213.13 - - [06/Dec/2013:01:40:58 +0000] "GET /index.html HTTP/1.1" 200 204 "-" "Mozilla/5.0 IsItDown.no"
124.157.115.64 - - [06/Dec/2013:01:41:46 +0000] "GET /episodes/26.mp3 HTTP/1.1" 200 52219 "http://episodes.gitminutes.com/" "Mozilla/5.0 (Windows NT 6.1; WOW64) AppleWebKit/537.36 (KHTML, like Gecko) Chrome/31.0.1650.57 Safari/537.36"
124.157.115.64 - - [06/Dec/2013:01:41:46 +0000] "GET /favicon.ico HTTP/1.1" 200 204 "-" "Mozilla/5.0 (Windows NT 6.1; WOW64) AppleWebKit/537.36 (KHTML, like Gecko) Chrome/31.0.1650.57 Safari/537.36"
54.217.213.13 - - [06/Dec/2013:01:41:58 +0000] "GET /index.html HTTP/1.1" 200 204 "-" "Mozilla/5.0 IsItDown.no"
124.157.115.64 - - [06/Dec/2013:01:42:05 +0000] "-" 400 0 "-" "-"
54.217.213.13 - - [06/Dec/2013:01:42:58 +0000] "GET /index.html HTTP/1.1" 200 204 "-" "Mozilla/5.0 IsItDown.no"
54.217.213.13 - - [06/Dec/2013:01:43:59 +0000] "GET /index.html HTTP/1.1" 200 204 "-" "Mozilla/5.0 IsItDown.no"
124.157.115.64 - - [06/Dec/2013:01:44:45 +0000] "GET /episodes/26.mp3 HTTP/1.1" 206 4570300 "http://files.gitminutes.com/episodes/26.mp3" "Mozilla/5.0 (Windows NT 6.1; WOW64) AppleWebKit/537.36 (KHTML, like Gecko) Chrome/31.0.1650.57 Safari/537.36"
54.217.213.13 - - [06/Dec/2013:01:44:59 +0000] "GET /index.html HTTP/1.1" 200 204 "-" "Mozilla/5.0 IsItDown.no"
85.10.246.236 - - [06/Dec/2013:01:45:07 +0000] "HEAD /episodes/26.mp3 HTTP/1.1" 200 0 "-" "PritTorrent/1.0"
54.217.213.13 - - [06/Dec/2013:01:45:59 +0000] "GET /index.html HTTP/1.1" 200 204 "-" "Mozilla/5.0 IsItDown.no"
54.217.213.13 - - [06/Dec/2013:01:46:59 +0000] "GET /index.html HTTP/1.1" 200 204 "-" "Mozilla/5.0 IsItDown.no"
54.217.213.13 - - [06/Dec/2013:01:47:59 +0000] "GET /index.html HTTP/1.1" 200 204 "-" "Mozilla/5.0 IsItDown.no"
54.217.213.13 - - [06/Dec/2013:01:48:59 +0000] "GET /index.html HTTP/1.1" 200 204 "-" "Mozilla/5.0 IsItDown.no"
54.217.213.13 - - [06/Dec/2013:01:49:59 +0000] "GET /index.html HTTP/1.1" 200 204 "-" "Mozilla/5.0 IsItDown.no"
124.157.115.64 - - [06/Dec/2013:01:50:25 +0000] "-" 400 0 "-" "-"
124.157.115.64 - - [06/Dec/2013:01:50:25 +0000] "-" 400 0 "-" "-"
54.217.213.13 - - [06/Dec/2013:01:50:59 +0000] "GET /index.html HTTP/1.1" 200 204 "-" "Mozilla/5.0 IsItDown.no"
124.157.115.64 - - [06/Dec/2013:01:51:12 +0000] "GET /episodes/26.mp3 HTTP/1.1" 206 722860 "http://files.gitminutes.com/episodes/26.mp3" "Mozilla/5.0 (Windows NT 6.1; WOW64) AppleWebKit/537.36 (KHTML, like Gecko) Chrome/31.0.1650.57 Safari/537.36"
54.217.213.13 - - [06/Dec/2013:01:51:59 +0000] "GET /index.html HTTP/1.1" 200 204 "-" "Mozilla/5.0 IsItDown.no"
54.217.213.13 - - [06/Dec/2013:01:52:59 +0000] "GET /index.html HTTP/1.1" 200 204 "-" "Mozilla/5.0 IsItDown.no"
54.217.213.13 - - [06/Dec/2013:01:53:59 +0000] "GET /index.html HTTP/1.1" 200 204 "-" "Mozilla/5.0 IsItDown.no"
70.196.128.47 - - [06/Dec/2013:01:54:12 +0000] "GET /episodes/25.mp3 HTTP/1.1" 200 270851 "-" "stagefright/1.2 (Linux;Android 4.3.1)"
123.125.67.242 - - [06/Dec/2013:01:54:30 +0000] "GET /episodes/17.mp3 HTTP/1.0" 200 30444 "-" "NSPlayer/10.0.0.4072 WMFSDK/10.0"
54.217.213.13 - - [06/Dec/2013:01:54:59 +0000] "GET /index.html HTTP/1.1" 200 204 "-" "Mozilla/5.0 IsItDown.no"
124.157.115.64 - - [06/Dec/2013:01:55:14 +0000] "GET /episodes/22.mp3 HTTP/1.1" 206 282640 "http://episodes.gitminutes.com/" "Mozilla/5.0 (Windows NT 6.1; WOW64) AppleWebKit/537.36 (KHTML, like Gecko) Chrome/31.0.1650.57 Safari/537.36"
124.157.115.64 - - [06/Dec/2013:01:55:14 +0000] "GET /episodes/23.mp3 HTTP/1.1" 206 270220 "http://episodes.gitminutes.com/" "Mozilla/5.0 (Windows NT 6.1; WOW64) AppleWebKit/537.36 (KHTML, like Gecko) Chrome/31.0.1650.57 Safari/537.36"
124.157.115.64 - - [06/Dec/2013:01:55:14 +0000] "GET /episodes/20.mp3 HTTP/1.1" 206 3644326 "http://episodes.gitminutes.com/" "Mozilla/5.0 (Windows NT 6.1; WOW64) AppleWebKit/537.36 (KHTML, like Gecko) Chrome/31.0.1650.57 Safari/537.36"
124.157.115.64 - - [06/Dec/2013:01:55:14 +0000] "GET /episodes/25.mp3 HTTP/1.1" 206 275740 "http://episodes.gitminutes.com/" "Mozilla/5.0 (Windows NT 6.1; WOW64) AppleWebKit/537.36 (KHTML, like Gecko) Chrome/31.0.1650.57 Safari/537.36"
124.157.115.64 - - [06/Dec/2013:01:55:14 +0000] "GET /episodes/21.mp3 HTTP/1.1" 206 272980 "http://episodes.gitminutes.com/" "Mozilla/5.0 (Windows NT 6.1; WOW64) AppleWebKit/537.36 (KHTML, like Gecko) Chrome/31.0.1650.57 Safari/537.36"
124.157.115.64 - - [06/Dec/2013:01:55:14 +0000] "GET /episodes/24.mp3 HTTP/1.1" 206 226060 "http://episodes.gitminutes.com/" "Mozilla/5.0 (Windows NT 6.1; WOW64) AppleWebKit/537.36 (KHTML, like Gecko) Chrome/31.0.1650.57 Safari/537.36"
70.196.128.47 - - [06/Dec/2013:01:55:23 +0000] "GET /episodes/25.mp3 HTTP/1.1" 206 20630773 "-" "stagefright/1.2 (Linux;Android 4.3.1)"
54.217.213.13 - - [06/Dec/2013:01:55:59 +0000] "GET /index.html HTTP/1.1" 200 204 "-" "Mozilla/5.0 IsItDown.no"
124.157.115.64 - - [06/Dec/2013:01:56:28 +0000] "GET /episodes/26.mp3 HTTP/1.1" 206 4146646 "http://episodes.gitminutes.com/" "Mozilla/5.0 (Windows NT 6.1; WOW64) AppleWebKit/537.36 (KHTML, like Gecko) Chrome/31.0.1650.57 Safari/537.36"
124.157.115.64 - - [06/Dec/2013:01:56:30 +0000] "GET /episodes/25.mp3 HTTP/1.1" 206 3437326 "http://episodes.gitminutes.com/" "Mozilla/5.0 (Windows NT 6.1; WOW64) AppleWebKit/537.36 (KHTML, like Gecko) Chrome/31.0.1650.57 Safari/537.36"
124.157.115.64 - - [06/Dec/2013:01:56:38 +0000] "GET /episodes/23.mp3 HTTP/1.1" 206 4301206 "http://episodes.gitminutes.com/" "Mozilla/5.0 (Windows NT 6.1; WOW64) AppleWebKit/537.36 (KHTML, like Gecko) Chrome/31.0.1650.57 Safari/537.36"
124.157.115.64 - - [06/Dec/2013:01:56:43 +0000] "GET /episodes/24.mp3 HTTP/1.1" 206 3561526 "http://episodes.gitminutes.com/" "Mozilla/5.0 (Windows NT 6.1; WOW64) AppleWebKit/537.36 (KHTML, like Gecko) Chrome/31.0.1650.57 Safari/537.36"
54.217.213.13 - - [06/Dec/2013:01:56:59 +0000] "GET /index.html HTTP/1.1" 200 204 "-" "Mozilla/5.0 IsItDown.no"
124.157.115.64 - - [06/Dec/2013:01:57:11 +0000] "GET /episodes/22.mp3 HTTP/1.1" 206 4059706 "http://episodes.gitminutes.com/" "Mozilla/5.0 (Windows NT 6.1; WOW64) AppleWebKit/537.36 (KHTML, like Gecko) Chrome/31.0.1650.57 Safari/537.36"
124.157.115.64 - - [06/Dec/2013:01:57:19 +0000] "GET /episodes/26.mp3 HTTP/1.1" 200 30960300 "http://episodes.gitminutes.com/" "Mozilla/5.0 (Windows NT 6.1; WOW64) AppleWebKit/537.36 (KHTML, like Gecko) Chrome/31.0.1650.57 Safari/537.36"
50.132.16.42 - - [06/Dec/2013:01:57:57 +0000] "GET /episodes/26.mp3 HTTP/1.1" 200 30960300 "-" "Downcast/881 CFNetwork/673.0.3 Darwin/13.0.0 (x86_64) (MacBookPro8%2C1)"
54.217.213.13 - - [06/Dec/2013:01:57:59 +0000] "GET /index.html HTTP/1.1" 200 204 "-" "Mozilla/5.0 IsItDown.no"
124.157.115.64 - - [06/Dec/2013:01:58:36 +0000] "GET /episodes/21.mp3 HTTP/1.1" 206 4582726 "http://episodes.gitminutes.com/" "Mozilla/5.0 (Windows NT 6.1; WOW64) AppleWebKit/537.36 (KHTML, like Gecko) Chrome/31.0.1650.57 Safari/537.36"
54.217.213.13 - - [06/Dec/2013:01:58:59 +0000] "GET /index.html HTTP/1.1" 200 204 "-" "Mozilla/5.0 IsItDown.no"
54.217.213.13 - - [06/Dec/2013:01:59:59 +0000] "GET /index.html HTTP/1.1" 200 204 "-" "Mozilla/5.0 IsItDown.no"
85.10.246.236 - - [06/Dec/2013:02:00:06 +0000] "HEAD /episodes/26.mp3 HTTP/1.1" 200 0 "-" "PritTorrent/1.0"
54.217.213.13 - - [06/Dec/2013:02:00:59 +0000] "GET /index.html HTTP/1.1" 200 204 "-" "Mozilla/5.0 IsItDown.no"
70.196.128.47 - - [06/Dec/2013:02:01:48 +0000] "GET /episodes/25.mp3 HTTP/1.1" 200 24716867 "-" "stagefright/1.2 (Linux;Android 4.3.1)"
54.217.213.13 - - [06/Dec/2013:02:01:59 +0000] "GET /index.html HTTP/1.1" 200 204 "-" "Mozilla/5.0 IsItDown.no"
220.181.51.217 - - [06/Dec/2013:02:02:29 +0000] "GET /episodes/12.mp3 HTTP/1.0" 200 30444 "-" "NSPlayer/10.0.0.4072 WMFSDK/10.0"
54.217.213.13 - - [06/Dec/2013:02:02:59 +0000] "GET /index.html HTTP/1.1" 200 204 "-" "Mozilla/5.0 IsItDown.no"
54.217.213.13 - - [06/Dec/2013:02:03:59 +0000] "GET /index.html HTTP/1.1" 200 204 "-" "Mozilla/5.0 IsItDown.no"
54.217.213.13 - - [06/Dec/2013:02:04:59 +0000] "GET /index.html HTTP/1.1" 200 204 "-" "Mozilla/5.0 IsItDown.no"
54.217.213.13 - - [06/Dec/2013:02:05:59 +0000] "GET /index.html HTTP/1.1" 200 204 "-" "Mozilla/5.0 IsItDown.no"
54.217.213.13 - - [06/Dec/2013:02:07:00 +0000] "GET /index.html HTTP/1.1" 200 204 "-" "Mozilla/5.0 IsItDown.no"
54.217.213.13 - - [06/Dec/2013:02:08:00 +0000] "GET /index.html HTTP/1.1" 200 204 "-" "Mozilla/5.0 IsItDown.no"
54.217.213.13 - - [06/Dec/2013:02:09:00 +0000] "GET /index.html HTTP/1.1" 200 204 "-" "Mozilla/5.0 IsItDown.no"
54.217.213.13 - - [06/Dec/2013:02:10:00 +0000] "GET /index.html HTTP/1.1" 200 204 "-" "Mozilla/5.0 IsItDown.no"
54.217.213.13 - - [06/Dec/2013:02:11:00 +0000] "GET /index.html HTTP/1.1" 200 204 "-" "Mozilla/5.0 IsItDown.no"
54.217.213.13 - - [06/Dec/2013:02:12:00 +0000] "GET /index.html HTTP/1.1" 200 204 "-" "Mozilla/5.0 IsItDown.no"
54.217.213.13 - - [06/Dec/2013:02:13:00 +0000] "GET /index.html HTTP/1.1" 200 204 "-" "Mozilla/5.0 IsItDown.no"
54.217.213.13 - - [06/Dec/2013:02:14:00 +0000] "GET /index.html HTTP/1.1" 200 204 "-" "Mozilla/5.0 IsItDown.no"
54.217.213.13 - - [06/Dec/2013:02:15:00 +0000] "GET /index.html HTTP/1.1" 200 204 "-" "Mozilla/5.0 IsItDown.no"
85.10.246.236 - - [06/Dec/2013:02:15:09 +0000] "HEAD /episodes/26.mp3 HTTP/1.1" 200 0 "-" "PritTorrent/1.0"
54.217.213.13 - - [06/Dec/2013:02:16:00 +0000] "GET /index.html HTTP/1.1" 200 204 "-" "Mozilla/5.0 IsItDown.no"
54.217.213.13 - - [06/Dec/2013:02:17:00 +0000] "GET /index.html HTTP/1.1" 200 204 "-" "Mozilla/5.0 IsItDown.no"
54.217.213.13 - - [06/Dec/2013:02:18:00 +0000] "GET /index.html HTTP/1.1" 200 204 "-" "Mozilla/5.0 IsItDown.no"
54.217.213.13 - - [06/Dec/2013:02:19:00 +0000] "GET /index.html HTTP/1.1" 200 204 "-" "Mozilla/5.0 IsItDown.no"
54.217.213.13 - - [06/Dec/2013:02:20:00 +0000] "GET /index.html HTTP/1.1" 200 204 "-" "Mozilla/5.0 IsItDown.no"
54.217.213.13 - - [06/Dec/2013:02:21:00 +0000] "GET /index.html HTTP/1.1" 200 204 "-" "Mozilla/5.0 IsItDown.no"
54.217.213.13 - - [06/Dec/2013:02:22:00 +0000] "GET /index.html HTTP/1.1" 200 204 "-" "Mozilla/5.0 IsItDown.no"
54.217.213.13 - - [06/Dec/2013:02:23:00 +0000] "GET /index.html HTTP/1.1" 200 204 "-" "Mozilla/5.0 IsItDown.no"
54.217.213.13 - - [06/Dec/2013:02:24:01 +0000] "GET /index.html HTTP/1.1" 200 204 "-" "Mozilla/5.0 IsItDown.no"
54.217.213.13 - - [06/Dec/2013:02:25:01 +0000] "GET /index.html HTTP/1.1" 200 204 "-" "Mozilla/5.0 IsItDown.no"
123.125.71.146 - - [06/Dec/2013:02:25:33 +0000] "GET /episodes/17.mp3 HTTP/1.0" 200 30444 "-" "NSPlayer/10.0.0.4072 WMFSDK/10.0"
54.217.213.13 - - [06/Dec/2013:02:26:01 +0000] "GET /index.html HTTP/1.1" 200 204 "-" "Mozilla/5.0 IsItDown.no"
54.217.213.13 - - [06/Dec/2013:02:27:01 +0000] "GET /index.html HTTP/1.1" 200 204 "-" "Mozilla/5.0 IsItDown.no"
54.217.213.13 - - [06/Dec/2013:02:28:01 +0000] "GET /index.html HTTP/1.1" 200 204 "-" "Mozilla/5.0 IsItDown.no"
54.217.213.13 - - [06/Dec/2013:02:29:01 +0000] "GET /index.html HTTP/1.1" 200 204 "-" "Mozilla/5.0 IsItDown.no"
54.217.213.13 - - [06/Dec/2013:02:30:01 +0000] "GET /index.html HTTP/1.1" 200 204 "-" "Mozilla/5.0 IsItDown.no"
85.10.246.236 - - [06/Dec/2013:02:30:13 +0000] "HEAD /episodes/26.mp3 HTTP/1.1" 200 0 "-" "PritTorrent/1.0"
54.217.213.13 - - [06/Dec/2013:02:31:01 +0000] "GET /index.html HTTP/1.1" 200 204 "-" "Mozilla/5.0 IsItDown.no"
54.217.213.13 - - [06/Dec/2013:02:32:01 +0000] "GET /index.html HTTP/1.1" 200 204 "-" "Mozilla/5.0 IsItDown.no"
220.181.51.218 - - [06/Dec/2013:02:32:45 +0000] "GET /episodes/12.mp3 HTTP/1.0" 200 30444 "-" "NSPlayer/10.0.0.4072 WMFSDK/10.0"
54.217.213.13 - - [06/Dec/2013:02:33:01 +0000] "GET /index.html HTTP/1.1" 200 204 "-" "Mozilla/5.0 IsItDown.no"
54.217.213.13 - - [06/Dec/2013:02:34:01 +0000] "GET /index.html HTTP/1.1" 200 204 "-" "Mozilla/5.0 IsItDown.no"
54.217.213.13 - - [06/Dec/2013:02:35:01 +0000] "GET /index.html HTTP/1.1" 200 204 "-" "Mozilla/5.0 IsItDown.no"
54.217.213.13 - - [06/Dec/2013:02:36:01 +0000] "GET /index.html HTTP/1.1" 200 204 "-" "Mozilla/5.0 IsItDown.no"
54.217.213.13 - - [06/Dec/2013:02:37:01 +0000] "GET /index.html HTTP/1.1" 200 204 "-" "Mozilla/5.0 IsItDown.no"
54.217.213.13 - - [06/Dec/2013:02:38:01 +0000] "GET /index.html HTTP/1.1" 200 204 "-" "Mozilla/5.0 IsItDown.no"
54.217.213.13 - - [06/Dec/2013:02:39:01 +0000] "GET /index.html HTTP/1.1" 200 204 "-" "Mozilla/5.0 IsItDown.no"
54.217.213.13 - - [06/Dec/2013:02:40:01 +0000] "GET /index.html HTTP/1.1" 200 204 "-" "Mozilla/5.0 IsItDown.no"
54.217.213.13 - - [06/Dec/2013:02:41:01 +0000] "GET /index.html HTTP/1.1" 200 204 "-" "Mozilla/5.0 IsItDown.no"
54.217.213.13 - - [06/Dec/2013:02:42:01 +0000] "GET /index.html HTTP/1.1" 200 204 "-" "Mozilla/5.0 IsItDown.no"
54.217.213.13 - - [06/Dec/2013:02:43:01 +0000] "GET /index.html HTTP/1.1" 200 204 "-" "Mozilla/5.0 IsItDown.no"
54.217.213.13 - - [06/Dec/2013:02:44:02 +0000] "GET /index.html HTTP/1.1" 200 204 "-" "Mozilla/5.0 IsItDown.no"
54.217.213.13 - - [06/Dec/2013:02:45:02 +0000] "GET /index.html HTTP/1.1" 200 204 "-" "Mozilla/5.0 IsItDown.no"
54.217.213.13 - - [06/Dec/2013:02:46:02 +0000] "GET /index.html HTTP/1.1" 200 204 "-" "Mozilla/5.0 IsItDown.no"
54.217.213.13 - - [06/Dec/2013:02:47:02 +0000] "GET /index.html HTTP/1.1" 200 204 "-" "Mozilla/5.0 IsItDown.no"
54.217.213.13 - - [06/Dec/2013:02:48:02 +0000] "GET /index.html HTTP/1.1" 200 204 "-" "Mozilla/5.0 IsItDown.no"
54.217.213.13 - - [06/Dec/2013:02:49:02 +0000] "GET /index.html HTTP/1.1" 200 204 "-" "Mozilla/5.0 IsItDown.no"
54.217.213.13 - - [06/Dec/2013:02:50:02 +0000] "GET /index.html HTTP/1.1" 200 204 "-" "Mozilla/5.0 IsItDown.no"
54.217.213.13 - - [06/Dec/2013:02:51:02 +0000] "GET /index.html HTTP/1.1" 200 204 "-" "Mozilla/5.0 IsItDown.no"
54.217.213.13 - - [06/Dec/2013:02:52:02 +0000] "GET /index.html HTTP/1.1" 200 204 "-" "Mozilla/5.0 IsItDown.no"
54.217.213.13 - - [06/Dec/2013:02:53:02 +0000] "GET /index.html HTTP/1.1" 200 204 "-" "Mozilla/5.0 IsItDown.no"
54.217.213.13 - - [06/Dec/2013:02:54:02 +0000] "GET /index.html HTTP/1.1" 200 204 "-" "Mozilla/5.0 IsItDown.no"
54.217.213.13 - - [06/Dec/2013:02:55:02 +0000] "GET /index.html HTTP/1.1" 200 204 "-" "Mozilla/5.0 IsItDown.no"
123.125.71.148 - - [06/Dec/2013:02:55:45 +0000] "GET /episodes/17.mp3 HTTP/1.0" 200 30444 "-" "NSPlayer/10.0.0.4072 WMFSDK/10.0"
54.217.213.13 - - [06/Dec/2013:02:56:02 +0000] "GET /index.html HTTP/1.1" 200 204 "-" "Mozilla/5.0 IsItDown.no"
54.217.213.13 - - [06/Dec/2013:02:57:02 +0000] "GET /index.html HTTP/1.1" 200 204 "-" "Mozilla/5.0 IsItDown.no"
54.217.213.13 - - [06/Dec/2013:02:58:02 +0000] "GET /index.html HTTP/1.1" 200 204 "-" "Mozilla/5.0 IsItDown.no"
54.217.213.13 - - [06/Dec/2013:02:59:02 +0000] "GET /index.html HTTP/1.1" 200 204 "-" "Mozilla/5.0 IsItDown.no"
54.217.213.13 - - [06/Dec/2013:03:00:02 +0000] "GET /index.html HTTP/1.1" 200 204 "-" "Mozilla/5.0 IsItDown.no"
54.217.213.13 - - [06/Dec/2013:03:01:02 +0000] "GET /index.html HTTP/1.1" 200 204 "-" "Mozilla/5.0 IsItDown.no"
85.10.246.236 - - [06/Dec/2013:03:01:04 +0000] "HEAD /episodes/26.mp3 HTTP/1.1" 200 0 "-" "PritTorrent/1.0"
54.217.213.13 - - [06/Dec/2013:03:02:02 +0000] "GET /index.html HTTP/1.1" 200 204 "-" "Mozilla/5.0 IsItDown.no"
54.217.213.13 - - [06/Dec/2013:03:03:02 +0000] "GET /index.html HTTP/1.1" 200 204 "-" "Mozilla/5.0 IsItDown.no"
220.181.51.219 - - [06/Dec/2013:03:03:03 +0000] "GET /episodes/12.mp3 HTTP/1.0" 200 30444 "-" "NSPlayer/10.0.0.4072 WMFSDK/10.0"
54.217.213.13 - - [06/Dec/2013:03:04:02 +0000] "GET /index.html HTTP/1.1" 200 204 "-" "Mozilla/5.0 IsItDown.no"
54.217.213.13 - - [06/Dec/2013:03:05:02 +0000] "GET /index.html HTTP/1.1" 200 204 "-" "Mozilla/5.0 IsItDown.no"
54.217.213.13 - - [06/Dec/2013:03:06:02 +0000] "GET /index.html HTTP/1.1" 200 204 "-" "Mozilla/5.0 IsItDown.no"
54.217.213.13 - - [06/Dec/2013:03:07:02 +0000] "GET /index.html HTTP/1.1" 200 204 "-" "Mozilla/5.0 IsItDown.no"
54.217.213.13 - - [06/Dec/2013:03:08:03 +0000] "GET /index.html HTTP/1.1" 200 204 "-" "Mozilla/5.0 IsItDown.no"
54.217.213.13 - - [06/Dec/2013:03:09:03 +0000] "GET /index.html HTTP/1.1" 200 204 "-" "Mozilla/5.0 IsItDown.no"
54.217.213.13 - - [06/Dec/2013:03:10:03 +0000] "GET /index.html HTTP/1.1" 200 204 "-" "Mozilla/5.0 IsItDown.no"
54.217.213.13 - - [06/Dec/2013:03:11:03 +0000] "GET /index.html HTTP/1.1" 200 204 "-" "Mozilla/5.0 IsItDown.no"
54.217.213.13 - - [06/Dec/2013:03:12:03 +0000] "GET /index.html HTTP/1.1" 200 204 "-" "Mozilla/5.0 IsItDown.no"
172.56.29.203 - - [06/Dec/2013:03:12:53 +0000] "GET /episodes/02.mp3 HTTP/1.1" 206 77120 "-" "AppleCoreMedia/1.0.0.11B554a (iPhone; U; CPU OS 7_0_4 like Mac OS X; en_us)"
54.217.213.13 - - [06/Dec/2013:03:13:03 +0000] "GET /index.html HTTP/1.1" 200 204 "-" "Mozilla/5.0 IsItDown.no"
54.217.213.13 - - [06/Dec/2013:03:14:03 +0000] "GET /index.html HTTP/1.1" 200 204 "-" "Mozilla/5.0 IsItDown.no"
54.217.213.13 - - [06/Dec/2013:03:15:03 +0000] "GET /index.html HTTP/1.1" 200 204 "-" "Mozilla/5.0 IsItDown.no"
85.10.246.236 - - [06/Dec/2013:03:16:02 +0000] "HEAD /episodes/26.mp3 HTTP/1.1" 200 0 "-" "PritTorrent/1.0"
54.217.213.13 - - [06/Dec/2013:03:16:03 +0000] "GET /index.html HTTP/1.1" 200 204 "-" "Mozilla/5.0 IsItDown.no"
54.217.213.13 - - [06/Dec/2013:03:17:03 +0000] "GET /index.html HTTP/1.1" 200 204 "-" "Mozilla/5.0 IsItDown.no"
54.217.213.13 - - [06/Dec/2013:03:18:03 +0000] "GET /index.html HTTP/1.1" 200 204 "-" "Mozilla/5.0 IsItDown.no"
54.217.213.13 - - [06/Dec/2013:03:19:03 +0000] "GET /index.html HTTP/1.1" 200 204 "-" "Mozilla/5.0 IsItDown.no"
54.217.213.13 - - [06/Dec/2013:03:20:03 +0000] "GET /index.html HTTP/1.1" 200 204 "-" "Mozilla/5.0 IsItDown.no"
88.71.99.79 - - [06/Dec/2013:03:20:23 +0000] "GET /episodes/24.mp3 HTTP/1.1" 206 172546 "http://episodes.gitminutes.com/search/label/podcast" "Mozilla/5.0 (X11; Linux i686; rv:25.0) Gecko/20100101 Firefox/25.0"
88.71.99.79 - - [06/Dec/2013:03:20:23 +0000] "GET /episodes/23.mp3 HTTP/1.1" 206 186946 "http://episodes.gitminutes.com/search/label/podcast" "Mozilla/5.0 (X11; Linux i686; rv:25.0) Gecko/20100101 Firefox/25.0"
88.71.99.79 - - [06/Dec/2013:03:20:23 +0000] "GET /episodes/22.mp3 HTTP/1.1" 206 169666 "http://episodes.gitminutes.com/search/label/podcast" "Mozilla/5.0 (X11; Linux i686; rv:25.0) Gecko/20100101 Firefox/25.0"
88.71.99.79 - - [06/Dec/2013:03:20:23 +0000] "GET /episodes/26.mp3 HTTP/1.1" 206 169666 "http://episodes.gitminutes.com/search/label/podcast" "Mozilla/5.0 (X11; Linux i686; rv:25.0) Gecko/20100101 Firefox/25.0"
88.71.99.79 - - [06/Dec/2013:03:20:23 +0000] "GET /episodes/25.mp3 HTTP/1.1" 206 173986 "http://episodes.gitminutes.com/search/label/podcast" "Mozilla/5.0 (X11; Linux i686; rv:25.0) Gecko/20100101 Firefox/25.0"
88.71.99.79 - - [06/Dec/2013:03:20:23 +0000] "GET /episodes/21.mp3 HTTP/1.1" 206 81826 "http://episodes.gitminutes.com/search/label/podcast" "Mozilla/5.0 (X11; Linux i686; rv:25.0) Gecko/20100101 Firefox/25.0"
88.71.99.79 - - [06/Dec/2013:03:20:24 +0000] "GET /episodes/20.mp3 HTTP/1.1" 206 68866 "http://episodes.gitminutes.com/search/label/podcast" "Mozilla/5.0 (X11; Linux i686; rv:25.0) Gecko/20100101 Firefox/25.0"
88.71.99.79 - - [06/Dec/2013:03:20:24 +0000] "GET /episodes/19.mp3 HTTP/1.1" 206 68866 "http://episodes.gitminutes.com/search/label/podcast" "Mozilla/5.0 (X11; Linux i686; rv:25.0) Gecko/20100101 Firefox/25.0"
88.71.99.79 - - [06/Dec/2013:03:20:24 +0000] "GET /episodes/18.mp3 HTTP/1.1" 206 68866 "http://episodes.gitminutes.com/search/label/podcast" "Mozilla/5.0 (X11; Linux i686; rv:25.0) Gecko/20100101 Firefox/25.0"
88.71.99.79 - - [06/Dec/2013:03:20:24 +0000] "GET /episodes/17.mp3 HTTP/1.1" 206 68866 "http://episodes.gitminutes.com/search/label/podcast" "Mozilla/5.0 (X11; Linux i686; rv:25.0) Gecko/20100101 Firefox/25.0"
88.71.99.79 - - [06/Dec/2013:03:20:24 +0000] "GET /episodes/16.mp3 HTTP/1.1" 206 68866 "http://episodes.gitminutes.com/search/label/podcast" "Mozilla/5.0 (X11; Linux i686; rv:25.0) Gecko/20100101 Firefox/25.0"
88.71.99.79 - - [06/Dec/2013:03:20:24 +0000] "GET /episodes/15.mp3 HTTP/1.1" 206 67426 "http://episodes.gitminutes.com/search/label/podcast" "Mozilla/5.0 (X11; Linux i686; rv:25.0) Gecko/20100101 Firefox/25.0"
88.71.99.79 - - [06/Dec/2013:03:20:24 +0000] "GET /episodes/14.mp3 HTTP/1.1" 206 117826 "http://episodes.gitminutes.com/search/label/podcast" "Mozilla/5.0 (X11; Linux i686; rv:25.0) Gecko/20100101 Firefox/25.0"
88.71.99.79 - - [06/Dec/2013:03:20:24 +0000] "GET /episodes/13.mp3 HTTP/1.1" 206 68866 "http://episodes.gitminutes.com/search/label/podcast" "Mozilla/5.0 (X11; Linux i686; rv:25.0) Gecko/20100101 Firefox/25.0"
88.71.99.79 - - [06/Dec/2013:03:20:24 +0000] "GET /episodes/09.mp3 HTTP/1.1" 206 54466 "http://episodes.gitminutes.com/search/label/podcast" "Mozilla/5.0 (X11; Linux i686; rv:25.0) Gecko/20100101 Firefox/25.0"
88.71.99.79 - - [06/Dec/2013:03:20:27 +0000] "GET /episodes/11.mp3 HTTP/1.1" 206 211426 "http://episodes.gitminutes.com/search/label/podcast" "Mozilla/5.0 (X11; Linux i686; rv:25.0) Gecko/20100101 Firefox/25.0"
88.71.99.79 - - [06/Dec/2013:03:20:27 +0000] "GET /episodes/10.mp3 HTTP/1.1" 206 234466 "http://episodes.gitminutes.com/search/label/podcast" "Mozilla/5.0 (X11; Linux i686; rv:25.0) Gecko/20100101 Firefox/25.0"
88.71.99.79 - - [06/Dec/2013:03:20:27 +0000] "GET /episodes/12.mp3 HTTP/1.1" 206 208546 "http://episodes.gitminutes.com/search/label/podcast" "Mozilla/5.0 (X11; Linux i686; rv:25.0) Gecko/20100101 Firefox/25.0"
88.71.99.79 - - [06/Dec/2013:03:20:28 +0000] "GET /episodes/08.mp3 HTTP/1.1" 206 221506 "http://episodes.gitminutes.com/search/label/podcast" "Mozilla/5.0 (X11; Linux i686; rv:25.0) Gecko/20100101 Firefox/25.0"
88.71.99.79 - - [06/Dec/2013:03:20:28 +0000] "GET /episodes/07.mp3 HTTP/1.1" 206 191266 "http://episodes.gitminutes.com/search/label/podcast" "Mozilla/5.0 (X11; Linux i686; rv:25.0) Gecko/20100101 Firefox/25.0"
54.217.213.13 - - [06/Dec/2013:03:21:03 +0000] "GET /index.html HTTP/1.1" 200 204 "-" "Mozilla/5.0 IsItDown.no"
54.217.213.13 - - [06/Dec/2013:03:22:03 +0000] "GET /index.html HTTP/1.1" 200 204 "-" "Mozilla/5.0 IsItDown.no"
54.217.213.13 - - [06/Dec/2013:03:23:03 +0000] "GET /index.html HTTP/1.1" 200 204 "-" "Mozilla/5.0 IsItDown.no"
88.71.99.79 - - [06/Dec/2013:03:23:56 +0000] "GET /episodes/15.mp3 HTTP/1.1" 200 5440099 "http://episodes.gitminutes.com/search/label/podcast" "Mozilla/5.0 (X11; Linux i686; rv:25.0) Gecko/20100101 Firefox/25.0"
88.71.99.79 - - [06/Dec/2013:03:24:00 +0000] "GET /favicon.ico HTTP/1.1" 200 204 "-" "Mozilla/5.0 (X11; Linux i686; rv:25.0) Gecko/20100101 Firefox/25.0"
88.71.99.79 - - [06/Dec/2013:03:24:00 +0000] "GET /favicon.ico HTTP/1.1" 200 204 "-" "Mozilla/5.0 (X11; Linux i686; rv:25.0) Gecko/20100101 Firefox/25.0"
88.71.99.79 - - [06/Dec/2013:03:24:00 +0000] "GET /episodes/15.mp3 HTTP/1.1" 200 1981219 "http://episodes.gitminutes.com/search/label/podcast" "Mozilla/5.0 (X11; Linux i686; rv:25.0) Gecko/20100101 Firefox/25.0"
54.217.213.13 - - [06/Dec/2013:03:24:03 +0000] "GET /index.html HTTP/1.1" 200 204 "-" "Mozilla/5.0 IsItDown.no"
88.71.99.79 - - [06/Dec/2013:03:24:06 +0000] "GET /episodes/26.mp3 HTTP/1.1" 206 29981 "http://episodes.gitminutes.com/search/label/podcast" "Mozilla/5.0 (X11; Linux i686; rv:25.0) Gecko/20100101 Firefox/25.0"
88.71.99.79 - - [06/Dec/2013:03:24:11 +0000] "-" 400 0 "-" "-"
88.71.99.79 - - [06/Dec/2013:03:24:11 +0000] "-" 400 0 "-" "-"
88.71.99.79 - - [06/Dec/2013:03:24:12 +0000] "-" 400 0 "-" "-"
88.71.99.79 - - [06/Dec/2013:03:24:12 +0000] "-" 400 0 "-" "-"
88.71.99.79 - - [06/Dec/2013:03:24:12 +0000] "-" 400 0 "-" "-"
54.217.213.13 - - [06/Dec/2013:03:25:03 +0000] "GET /index.html HTTP/1.1" 200 204 "-" "Mozilla/5.0 IsItDown.no"
54.217.213.13 - - [06/Dec/2013:03:26:03 +0000] "GET /index.html HTTP/1.1" 200 204 "-" "Mozilla/5.0 IsItDown.no"
88.71.99.79 - - [06/Dec/2013:03:26:03 +0000] "GET /episodes/15.mp3 HTTP/1.1" 200 23341490 "http://episodes.gitminutes.com/search/label/podcast" "Mozilla/5.0 (X11; Linux i686; rv:25.0) Gecko/20100101 Firefox/25.0"
54.217.213.13 - - [06/Dec/2013:03:27:03 +0000] "GET /index.html HTTP/1.1" 200 204 "-" "Mozilla/5.0 IsItDown.no"
54.217.213.13 - - [06/Dec/2013:03:28:03 +0000] "GET /index.html HTTP/1.1" 200 204 "-" "Mozilla/5.0 IsItDown.no"
54.217.213.13 - - [06/Dec/2013:03:29:03 +0000] "GET /index.html HTTP/1.1" 200 204 "-" "Mozilla/5.0 IsItDown.no"
54.217.213.13 - - [06/Dec/2013:03:30:03 +0000] "GET /index.html HTTP/1.1" 200 204 "-" "Mozilla/5.0 IsItDown.no"
85.10.246.236 - - [06/Dec/2013:03:31:02 +0000] "HEAD /episodes/26.mp3 HTTP/1.1" 200 0 "-" "PritTorrent/1.0"
54.217.213.13 - - [06/Dec/2013:03:31:04 +0000] "GET /index.html HTTP/1.1" 200 204 "-" "Mozilla/5.0 IsItDown.no"
123.125.67.242 - - [06/Dec/2013:03:31:29 +0000] "GET /episodes/17.mp3 HTTP/1.0" 200 30444 "-" "NSPlayer/10.0.0.4072 WMFSDK/10.0"
54.217.213.13 - - [06/Dec/2013:03:32:04 +0000] "GET /index.html HTTP/1.1" 200 204 "-" "Mozilla/5.0 IsItDown.no"
54.217.213.13 - - [06/Dec/2013:03:33:04 +0000] "GET /index.html HTTP/1.1" 200 204 "-" "Mozilla/5.0 IsItDown.no"
213.211.201.40 - - [06/Dec/2013:03:33:15 +0000] "GET /episodes/08.mp3 HTTP/1.1" 200 30962408 "http://episodes.gitminutes.com/search?updated-max=2013-05-27T09:16:00%2B02:00&max-results=7&reverse-paginate=true" "Mozilla/5.0 (Windows NT 6.3; WOW64; rv:25.0) Gecko/20100101 Firefox/25.0"
220.181.51.219 - - [06/Dec/2013:03:33:18 +0000] "GET /episodes/12.mp3 HTTP/1.0" 200 46504 "-" "NSPlayer/10.0.0.4072 WMFSDK/10.0"
54.217.213.13 - - [06/Dec/2013:03:34:04 +0000] "GET /index.html HTTP/1.1" 200 204 "-" "Mozilla/5.0 IsItDown.no"
54.217.213.13 - - [06/Dec/2013:03:35:04 +0000] "GET /index.html HTTP/1.1" 200 204 "-" "Mozilla/5.0 IsItDown.no"
54.217.213.13 - - [06/Dec/2013:03:36:04 +0000] "GET /index.html HTTP/1.1" 200 204 "-" "Mozilla/5.0 IsItDown.no"
54.217.213.13 - - [06/Dec/2013:03:37:04 +0000] "GET /index.html HTTP/1.1" 200 204 "-" "Mozilla/5.0 IsItDown.no"
54.217.213.13 - - [06/Dec/2013:03:38:04 +0000] "GET /index.html HTTP/1.1" 200 204 "-" "Mozilla/5.0 IsItDown.no"
54.217.213.13 - - [06/Dec/2013:03:39:04 +0000] "GET /index.html HTTP/1.1" 200 204 "-" "Mozilla/5.0 IsItDown.no"
54.217.213.13 - - [06/Dec/2013:03:40:04 +0000] "GET /index.html HTTP/1.1" 200 204 "-" "Mozilla/5.0 IsItDown.no"
54.217.213.13 - - [06/Dec/2013:03:41:04 +0000] "GET /index.html HTTP/1.1" 200 204 "-" "Mozilla/5.0 IsItDown.no"
54.217.213.13 - - [06/Dec/2013:03:42:04 +0000] "GET /index.html HTTP/1.1" 200 204 "-" "Mozilla/5.0 IsItDown.no"
54.217.213.13 - - [06/Dec/2013:03:43:04 +0000] "GET /index.html HTTP/1.1" 200 204 "-" "Mozilla/5.0 IsItDown.no"
54.217.213.13 - - [06/Dec/2013:03:44:04 +0000] "GET /index.html HTTP/1.1" 200 204 "-" "Mozilla/5.0 IsItDown.no"
54.217.213.13 - - [06/Dec/2013:03:45:04 +0000] "GET /index.html HTTP/1.1" 200 204 "-" "Mozilla/5.0 IsItDown.no"
85.10.246.236 - - [06/Dec/2013:03:46:03 +0000] "HEAD /episodes/26.mp3 HTTP/1.1" 200 0 "-" "PritTorrent/1.0"
54.217.213.13 - - [06/Dec/2013:03:46:04 +0000] "GET /index.html HTTP/1.1" 200 204 "-" "Mozilla/5.0 IsItDown.no"
54.217.213.13 - - [06/Dec/2013:03:47:04 +0000] "GET /index.html HTTP/1.1" 200 204 "-" "Mozilla/5.0 IsItDown.no"
54.217.213.13 - - [06/Dec/2013:03:48:04 +0000] "GET /index.html HTTP/1.1" 200 204 "-" "Mozilla/5.0 IsItDown.no"
54.217.213.13 - - [06/Dec/2013:03:49:04 +0000] "GET /index.html HTTP/1.1" 200 204 "-" "Mozilla/5.0 IsItDown.no"
54.217.213.13 - - [06/Dec/2013:03:50:04 +0000] "GET /index.html HTTP/1.1" 200 204 "-" "Mozilla/5.0 IsItDown.no"
54.217.213.13 - - [06/Dec/2013:03:51:04 +0000] "GET /index.html HTTP/1.1" 200 204 "-" "Mozilla/5.0 IsItDown.no"
54.217.213.13 - - [06/Dec/2013:03:52:04 +0000] "GET /index.html HTTP/1.1" 200 204 "-" "Mozilla/5.0 IsItDown.no"
54.217.213.13 - - [06/Dec/2013:03:53:05 +0000] "GET /index.html HTTP/1.1" 200 204 "-" "Mozilla/5.0 IsItDown.no"
54.217.213.13 - - [06/Dec/2013:03:54:05 +0000] "GET /index.html HTTP/1.1" 200 204 "-" "Mozilla/5.0 IsItDown.no"
54.217.213.13 - - [06/Dec/2013:03:55:05 +0000] "GET /index.html HTTP/1.1" 200 204 "-" "Mozilla/5.0 IsItDown.no"
54.217.213.13 - - [06/Dec/2013:03:56:05 +0000] "GET /index.html HTTP/1.1" 200 204 "-" "Mozilla/5.0 IsItDown.no"
54.217.213.13 - - [06/Dec/2013:03:57:05 +0000] "GET /index.html HTTP/1.1" 200 204 "-" "Mozilla/5.0 IsItDown.no"
54.217.213.13 - - [06/Dec/2013:03:58:05 +0000] "GET /index.html HTTP/1.1" 200 204 "-" "Mozilla/5.0 IsItDown.no"
54.217.213.13 - - [06/Dec/2013:03:59:05 +0000] "GET /index.html HTTP/1.1" 200 204 "-" "Mozilla/5.0 IsItDown.no"
76.191.210.107 - - [06/Dec/2013:03:59:10 +0000] "GET /episodes/26.mp3 HTTP/1.0" 200 30960300 "-" "gPodder/3.5.1 (+http://gpodder.org/)"
